Archive member included because of file (symbol)

c:/program files (x86)/atollic/truestudio for arm pro 4.3.1/armtools/bin/../lib/gcc/arm-atollic-eabi/4.7.3/../../../../arm-atollic-eabi/lib/armv7e-m/fpu\libc_s.a(lib_a-malloc.o)
                              src\main.o (malloc)
c:/program files (x86)/atollic/truestudio for arm pro 4.3.1/armtools/bin/../lib/gcc/arm-atollic-eabi/4.7.3/../../../../arm-atollic-eabi/lib/armv7e-m/fpu\libc_s.a(lib_a-mallocr.o)
                              c:/program files (x86)/atollic/truestudio for arm pro 4.3.1/armtools/bin/../lib/gcc/arm-atollic-eabi/4.7.3/../../../../arm-atollic-eabi/lib/armv7e-m/fpu\libc_s.a(lib_a-malloc.o) (_malloc_r)
c:/program files (x86)/atollic/truestudio for arm pro 4.3.1/armtools/bin/../lib/gcc/arm-atollic-eabi/4.7.3/../../../../arm-atollic-eabi/lib/armv7e-m/fpu\libc_s.a(lib_a-reent.o)
                              src\syscalls.o (errno)
c:/program files (x86)/atollic/truestudio for arm pro 4.3.1/armtools/bin/../lib/gcc/arm-atollic-eabi/4.7.3/../../../../arm-atollic-eabi/lib/armv7e-m/fpu\libc_s.a(lib_a-sbrkr.o)
                              c:/program files (x86)/atollic/truestudio for arm pro 4.3.1/armtools/bin/../lib/gcc/arm-atollic-eabi/4.7.3/../../../../arm-atollic-eabi/lib/armv7e-m/fpu\libc_s.a(lib_a-mallocr.o) (_sbrk_r)
c:/program files (x86)/atollic/truestudio for arm pro 4.3.1/armtools/bin/../lib/gcc/arm-atollic-eabi/4.7.3/../../../../arm-atollic-eabi/lib/armv7e-m/fpu\libc_s.a(lib_a-strlen.o)
                              src\tiny_printf.o (strlen)
c:/program files (x86)/atollic/truestudio for arm pro 4.3.1/armtools/bin/../lib/gcc/arm-atollic-eabi/4.7.3/../../../../arm-atollic-eabi/lib/armv7e-m/fpu\libc_s.a(lib_a-freer.o)
                              c:/program files (x86)/atollic/truestudio for arm pro 4.3.1/armtools/bin/../lib/gcc/arm-atollic-eabi/4.7.3/../../../../arm-atollic-eabi/lib/armv7e-m/fpu\libc_s.a(lib_a-malloc.o) (_free_r)
c:/program files (x86)/atollic/truestudio for arm pro 4.3.1/armtools/bin/../lib/gcc/arm-atollic-eabi/4.7.3/../../../../arm-atollic-eabi/lib/armv7e-m/fpu\libc_s.a(lib_a-impure.o)
                              c:/program files (x86)/atollic/truestudio for arm pro 4.3.1/armtools/bin/../lib/gcc/arm-atollic-eabi/4.7.3/../../../../arm-atollic-eabi/lib/armv7e-m/fpu\libc_s.a(lib_a-malloc.o) (_impure_ptr)
..\Libraries\libBSP.a(stm32f4xx_usart.o)
                              src\syscalls.o (USART_SendData)
..\Libraries\libBSP.a(stm32f4xx_rcc.o)
                              ..\Libraries\libBSP.a(stm32f4xx_usart.o) (RCC_GetClocksFreq)
..\Libraries\libBSP.a(misc.o)
                              src\main.o (NVIC_PriorityGroupConfig)
..\Libraries\libBSP.a(system_stm32f4xx.o)
                              src\startup.o (SystemInit)
..\Libraries\libBSP.a(ssd1963.o)
                              src\main.o (SSD1963_Init)
..\Libraries\libBSP.a(carme.o)
                              src\startup.o (CARME_Init)
..\Libraries\libBSP.a(can.o)  src\main.o (CARME_CAN_InitI)
..\Libraries\libBSP.a(stm32f4xx_syscfg.o)
                              ..\Libraries\libBSP.a(can.o) (SYSCFG_EXTILineConfig)
..\Libraries\libBSP.a(stm32f4xx_gpio.o)
                              ..\Libraries\libBSP.a(carme.o) (GPIO_DeInit)
..\Libraries\libBSP.a(stm32f4xx_fsmc.o)
                              ..\Libraries\libBSP.a(carme.o) (FSMC_NORSRAMDeInit)
..\Libraries\libBSP.a(stm32f4xx_exti.o)
                              ..\Libraries\libBSP.a(can.o) (EXTI_Init)
..\Libraries\libBSP.a(ssd1963_lld.o)
                              ..\Libraries\libBSP.a(ssd1963.o) (SSD1963_LLD_Init)
..\Libraries\libsGUI.a(text.o)
                              src\main.o (LCD_SetFont)
..\Libraries\libsGUI.a(geometry.o)
                              ..\Libraries\libsGUI.a(text.o) (LCD_DrawRectF)
..\Libraries\libsGUI.a(font.o)
                              src\main.o (font_4x6)
..\Libraries\libFreeRTOS.a(tasks.o)
                              src\main.o (xTaskGenericCreate)
..\Libraries\libFreeRTOS.a(queue.o)
                              src\main.o (xQueueGenericCreate)
..\Libraries\libFreeRTOS.a(heap_4.o)
                              ..\Libraries\libFreeRTOS.a(tasks.o) (pvPortMalloc)
..\Libraries\libFreeRTOS.a(port.o)
                              ..\Libraries\libFreeRTOS.a(tasks.o) (pxPortInitialiseStack)
..\Libraries\libFreeRTOS.a(list.o)
                              ..\Libraries\libFreeRTOS.a(tasks.o) (vListInitialise)
..\Libraries\libFreeRTOS.a(timers.o)
                              ..\Libraries\libFreeRTOS.a(tasks.o) (xTimerCreateTimerTask)
c:/program files (x86)/atollic/truestudio for arm pro 4.3.1/armtools/bin/../lib/gcc/arm-atollic-eabi/4.7.3/../../../../arm-atollic-eabi/lib/armv7e-m/fpu\libc.a(lib_a-memcmp.o)
                              ..\Libraries\libFreeRTOS.a(tasks.o) (memcmp)
c:/program files (x86)/atollic/truestudio for arm pro 4.3.1/armtools/bin/../lib/gcc/arm-atollic-eabi/4.7.3/../../../../arm-atollic-eabi/lib/armv7e-m/fpu\libc.a(lib_a-memcpy.o)
[...]
Memory Configuration

Name             Origin             Length             Attributes
FLASH            0x08000000         0x00100000         xr
RAM              0x20000000         0x00020000         xrw
MEMORY_B1        0x60000000         0x00000000         xr
CCMRAM           0x10000000         0x00010000         rw
*default*        0x00000000         0xffffffff

Linker script and memory map

LOAD c:/program files (x86)/atollic/truestudio for arm pro 4.3.1/armtools/bin/../lib/gcc/arm-atollic-eabi/4.7.3/armv7e-m/fpu/crti.o
LOAD c:/program files (x86)/atollic/truestudio for arm pro 4.3.1/armtools/bin/../lib/gcc/arm-atollic-eabi/4.7.3/armv7e-m/fpu/crtbegin.o
LOAD src\tiny_printf.o
LOAD src\syscalls.o
LOAD src\startup.o
LOAD src\main.o
START GROUP
LOAD c:/program files (x86)/atollic/truestudio for arm pro 4.3.1/armtools/bin/../lib/gcc/arm-atollic-eabi/4.7.3/../../../../arm-atollic-eabi/lib/armv7e-m/fpu\libc_s.a
LOAD c:/program files (x86)/atollic/truestudio for arm pro 4.3.1/armtools/bin/../lib/gcc/arm-atollic-eabi/4.7.3/../../../../arm-atollic-eabi/lib/armv7e-m/fpu\libm.a
END GROUP
                0x00001000                malloc_getpagesize_P = 0x1000
START GROUP
LOAD c:/program files (x86)/atollic/truestudio for arm pro 4.3.1/armtools/bin/../lib/gcc/arm-atollic-eabi/4.7.3/armv7e-m/fpu\libgcc.a
LOAD c:/program files (x86)/atollic/truestudio for arm pro 4.3.1/armtools/bin/../lib/gcc/arm-atollic-eabi/4.7.3/../../../../arm-atollic-eabi/lib/armv7e-m/fpu\libc.a
END GROUP
LOAD c:/program files (x86)/atollic/truestudio for arm pro 4.3.1/armtools/bin/../lib/gcc/arm-atollic-eabi/4.7.3/armv7e-m/fpu/crtend.o
LOAD c:/program files (x86)/atollic/truestudio for arm pro 4.3.1/armtools/bin/../lib/gcc/arm-atollic-eabi/4.7.3/armv7e-m/fpu/crtn.o
LOAD ..\Libraries\libBSP.a
LOAD ..\Libraries\libsGUI.a
LOAD ..\Libraries\libFreeRTOS.a
                0x20020000                _estack = 0x20020000
                0x00001000                _Min_Heap_Size = 0x1000
                0x00001000                _Min_Stack_Size = 0x1000

.isr_vector     0x08000000      0x188
                0x08000000                . = ALIGN (0x4)
 *(.isr_vector)
 .isr_vector    0x08000000      0x188 src\startup.o
                0x08000000                g_pfnVectors
                0x08000188                . = ALIGN (0x4)

.text           0x08000188     0x5318
                0x08000188                . = ALIGN (0x4)
 *(.text)
 .text          0x08000188       0x54 c:/program files (x86)/atollic/truestudio for arm pro 4.3.1/armtools/bin/../lib/gcc/arm-atollic-eabi/4.7.3/armv7e-m/fpu/crtbegin.o
 *(.text*)
 .text.ts_itoa  0x080001dc       0x9c src\tiny_printf.o
                0x080001dc                ts_itoa
 .text.ts_formatstring
                0x08000278      0x164 src\tiny_printf.o
                0x08000278                ts_formatstring
 .text.siprintf
                0x080003dc       0x30 src\tiny_printf.o
                0x080003dc                siprintf
                0x080003dc                sprintf
 .text._sbrk    0x0800040c       0x98 src\syscalls.o
                0x0800040c                _sbrk
 .text.Reset_Handler
                0x080004a4       0x54 src\startup.o
                0x080004a4                Reset_Handler
 .text.Default_Handler
                0x080004f8       0x24 src\startup.o
                0x08000502                RTC_Alarm_IRQHandler
                0x08000502                HASH_RNG_IRQHandler
                0x08000502                EXTI2_IRQHandler
                0x08000502                TIM8_CC_IRQHandler
                0x08000502                DebugMon_Handler
                0x08000502                TIM1_CC_IRQHandler
                0x08000502                DMA2_Stream5_IRQHandler
                0x08000502                HardFault_Handler
                0x08000502                DMA1_Stream5_IRQHandler
                0x08000502                PVD_IRQHandler
                0x08000502                SDIO_IRQHandler
                0x08000502                TAMP_STAMP_IRQHandler
                0x08000502                NMI_Handler
                0x08000502                CAN2_RX1_IRQHandler
                0x08000502                EXTI3_IRQHandler
                0x08000502                TIM8_TRG_COM_TIM14_IRQHandler
                0x08000502                TIM1_UP_TIM10_IRQHandler
                0x08000502                TIM8_UP_TIM13_IRQHandler
                0x08000502                I2C3_ER_IRQHandler
                0x08000502                EXTI0_IRQHandler
                0x08000502                I2C2_EV_IRQHandler
                0x08000502                DMA1_Stream2_IRQHandler
                0x08000502                CAN1_RX0_IRQHandler
                0x08000502                FPU_IRQHandler
                0x08000502                OTG_HS_WKUP_IRQHandler
                0x08000502                UsageFault_Handler
                0x08000502                CAN2_SCE_IRQHandler
                0x08000502                DMA2_Stream2_IRQHandler
                0x08000502                SPI1_IRQHandler
                0x08000502                TIM6_DAC_IRQHandler
                0x08000502                TIM1_BRK_TIM9_IRQHandler
                0x08000502                DCMI_IRQHandler
                0x08000502                CAN2_RX0_IRQHandler
                0x08000502                DMA2_Stream3_IRQHandler
                0x08000502                USART6_IRQHandler
                0x08000502                USART3_IRQHandler
                0x08000502                CRYP_IRQHandler
                0x08000502                CAN1_RX1_IRQHandler
                0x08000502                UART5_IRQHandler
                0x08000502                DMA2_Stream0_IRQHandler
                0x08000502                vApplicationMallocFailedHook
                0x08000502                TIM4_IRQHandler
                0x08000502                I2C1_EV_IRQHandler
                0x08000502                DMA1_Stream6_IRQHandler
                0x08000502                DMA1_Stream1_IRQHandler
                0x08000502                UART4_IRQHandler
                0x08000502                TIM3_IRQHandler
                0x08000502                RCC_IRQHandler
                0x08000502                TIM8_BRK_TIM12_IRQHandler
                0x08000502                Default_Handler
                0x08000502                EXTI15_10_IRQHandler
                0x08000502                ADC_IRQHandler
                0x08000502                DMA1_Stream7_IRQHandler
                0x08000502                TIM7_IRQHandler
                0x08000502                CAN2_TX_IRQHandler
                0x08000502                TIM5_IRQHandler
                0x08000502                DMA2_Stream7_IRQHandler
                0x08000502                I2C3_EV_IRQHandler
                0x08000502                vApplicationStackOverflowHook
                0x08000502                RTC_WKUP_IRQHandler
                0x08000502                ETH_WKUP_IRQHandler
                0x08000502                SPI2_IRQHandler
                0x08000502                OTG_HS_EP1_IN_IRQHandler
                0x08000502                MemManage_Handler
                0x08000502                DMA1_Stream0_IRQHandler
                0x08000502                CAN1_TX_IRQHandler
                0x08000502                EXTI4_IRQHandler
                0x08000502                FSMC_IRQHandler
                0x08000502                ETH_IRQHandler
                0x08000502                OTG_HS_EP1_OUT_IRQHandler
                0x08000502                WWDG_IRQHandler
                0x08000502                TIM2_IRQHandler
                0x08000502                OTG_FS_WKUP_IRQHandler
                0x08000502                TIM1_TRG_COM_TIM11_IRQHandler
                0x08000502                OTG_HS_IRQHandler
                0x08000502                EXTI1_IRQHandler
                0x08000502                USART2_IRQHandler
                0x08000502                I2C2_ER_IRQHandler
                0x08000502                DMA2_Stream1_IRQHandler
                0x08000502                CAN1_SCE_IRQHandler
                0x08000502                FLASH_IRQHandler
                0x08000502                DMA2_Stream4_IRQHandler
                0x08000502                BusFault_Handler
                0x08000502                USART1_IRQHandler
                0x08000502                OTG_FS_IRQHandler
                0x08000502                SPI3_IRQHandler
                0x08000502                DMA1_Stream4_IRQHandler
                0x08000502                I2C1_ER_IRQHandler
                0x08000502                DMA2_Stream6_IRQHandler
                0x08000502                DMA1_Stream3_IRQHandler
 .text.LCD_Init
                0x0800051c        0xc src\main.o
 .text.main     0x08000528      0x110 src\main.o
                0x08000528                main
 .text.sendCanMessage
                0x08000638       0x9c src\main.o
                0x08000638                sendCanMessage
 .text.writeCanMessage
                0x080006d4      0x12c src\main.o
                0x080006d4                writeCanMessage
 .text.readCanMessageIRQ
                0x08000800       0x58 src\main.o
                0x08000800                readCanMessageIRQ
 .text.malloc   0x08000858       0x10 c:/program files (x86)/atollic/truestudio for arm pro 4.3.1/armtools/bin/../lib/gcc/arm-atollic-eabi/4.7.3/../../../../arm-atollic-eabi/lib/armv7e-m/fpu\libc_s.a(lib_a-malloc.o)
                0x08000858                malloc
 .text.free     0x08000868       0x10 c:/program files (x86)/atollic/truestudio for arm pro 4.3.1/armtools/bin/../lib/gcc/arm-atollic-eabi/4.7.3/../../../../arm-atollic-eabi/lib/armv7e-m/fpu\libc_s.a(lib_a-malloc.o)
                0x08000868                free
 .text._malloc_r
                0x08000878       0x94 c:/program files (x86)/atollic/truestudio for arm pro 4.3.1/armtools/bin/../lib/gcc/arm-atollic-eabi/4.7.3/../../../../arm-atollic-eabi/lib/armv7e-m/fpu\libc_s.a(lib_a-mallocr.o)
                0x08000878                _malloc_r
 .text._sbrk_r  0x0800090c       0x20 c:/program files (x86)/atollic/truestudio for arm pro 4.3.1/armtools/bin/../lib/gcc/arm-atollic-eabi/4.7.3/../../../../arm-atollic-eabi/lib/armv7e-m/fpu\libc_s.a(lib_a-sbrkr.o)
                0x0800090c                _sbrk_r
 .text._free_r  0x0800092c       0x88 c:/program files (x86)/atollic/truestudio for arm pro 4.3.1/armtools/bin/../lib/gcc/arm-atollic-eabi/4.7.3/../../../../arm-atollic-eabi/lib/armv7e-m/fpu\libc_s.a(lib_a-freer.o)
                0x0800092c                _free_r
 .text.RCC_AHB1PeriphClockCmd
                0x080009b4       0x54 ..\Libraries\libBSP.a(stm32f4xx_rcc.o)
                0x080009b4                RCC_AHB1PeriphClockCmd
 .text.RCC_AHB3PeriphClockCmd
                0x08000a08       0x54 ..\Libraries\libBSP.a(stm32f4xx_rcc.o)
                0x08000a08                RCC_AHB3PeriphClockCmd
 .text.RCC_APB2PeriphClockCmd
                0x08000a5c       0x54 ..\Libraries\libBSP.a(stm32f4xx_rcc.o)
                0x08000a5c                RCC_APB2PeriphClockCmd
 .text.RCC_AHB1PeriphResetCmd
                0x08000ab0       0x54 ..\Libraries\libBSP.a(stm32f4xx_rcc.o)
                0x08000ab0                RCC_AHB1PeriphResetCmd
 .text.NVIC_PriorityGroupConfig
                0x08000b04       0x28 ..\Libraries\libBSP.a(misc.o)
                0x08000b04                NVIC_PriorityGroupConfig
 .text.NVIC_Init
                0x08000b2c       0xe4 ..\Libraries\libBSP.a(misc.o)
                0x08000b2c                NVIC_Init
 .text.SystemInit
                0x08000c10       0xb0 ..\Libraries\libBSP.a(system_stm32f4xx.o)
                0x08000c10                SystemInit
 .text.SetSysClock
                0x08000cc0      0x188 ..\Libraries\libBSP.a(system_stm32f4xx.o)
 .text.SSD1963_Delay
                0x08000e48       0x38 ..\Libraries\libBSP.a(ssd1963.o)
 .text.SSD1963_Init
                0x08000e80      0x1a8 ..\Libraries\libBSP.a(ssd1963.o)
                0x08000e80                SSD1963_Init
 .text.SSD1963_SetArea
                0x08001028       0x90 ..\Libraries\libBSP.a(ssd1963.o)
                0x08001028                SSD1963_SetArea
 .text.SSD1963_FillArea
                0x080010b8       0x64 ..\Libraries\libBSP.a(ssd1963.o)
                0x080010b8                SSD1963_FillArea
 .text.SSD1963_WriteArea
                0x0800111c       0x6c ..\Libraries\libBSP.a(ssd1963.o)
                0x0800111c                SSD1963_WriteArea
 .text.SSD1963_DisplayOn
                0x08001188       0x10 ..\Libraries\libBSP.a(ssd1963.o)
                0x08001188                SSD1963_DisplayOn
 .text.SSD1963_GetDeviceDescriptorBlock
                0x08001198       0x40 ..\Libraries\libBSP.a(ssd1963.o)
                0x08001198                SSD1963_GetDeviceDescriptorBlock
 .text.CARME_Init
                0x080011d8       0xf8 ..\Libraries\libBSP.a(carme.o)
                0x080011d8                CARME_Init
 .text.CARME_FSMC_GPIO_Init
                0x080012d0       0x60 ..\Libraries\libBSP.a(carme.o)
 .text.CARME_FSMC_Init
                0x08001330      0x160 ..\Libraries\libBSP.a(carme.o)
 .text.CARME_AGPIO_Init
                0x08001490       0x2c ..\Libraries\libBSP.a(carme.o)
 .text.CARME_GPIO_Init
                0x080014bc      0x248 ..\Libraries\libBSP.a(carme.o)
                0x080014bc                CARME_GPIO_Init
 .text.CARME_AGPIO_Set
                0x08001704       0x84 ..\Libraries\libBSP.a(carme.o)
                0x08001704                CARME_AGPIO_Set
 .text.CARME_LED_Red_Set
                0x08001788       0x14 ..\Libraries\libBSP.a(carme.o)
                0x08001788                CARME_LED_Red_Set
 .text.CARME_LED_Red_Reset
                0x0800179c       0x14 ..\Libraries\libBSP.a(carme.o)
                0x0800179c                CARME_LED_Red_Reset
 .text.CARME_CAN_Write_Register
                0x080017b0       0x34 ..\Libraries\libBSP.a(can.o)
 .text.CARME_CAN_Read_Register
                0x080017e4       0x34 ..\Libraries\libBSP.a(can.o)
 .text.CARME_CAN_InitSTM
                0x08001818       0x88 ..\Libraries\libBSP.a(can.o)
 .text.CARME_CAN_Init
                0x080018a0       0xc4 ..\Libraries\libBSP.a(can.o)
                0x080018a0                CARME_CAN_Init
 .text.CARME_CAN_InitI
                0x08001964       0x38 ..\Libraries\libBSP.a(can.o)
                0x08001964                CARME_CAN_InitI
 .text.CARME_CAN_RegisterIRQCallback
                0x0800199c       0x28 ..\Libraries\libBSP.a(can.o)
                0x0800199c                CARME_CAN_RegisterIRQCallback
 .text.CARME_CAN_SetMode
                0x080019c4       0x58 ..\Libraries\libBSP.a(can.o)
                0x080019c4                CARME_CAN_SetMode
 .text.CARME_CAN_Read
                0x08001a1c      0x188 ..\Libraries\libBSP.a(can.o)
                0x08001a1c                CARME_CAN_Read
 .text.EXTI9_5_IRQHandler
                0x08001ba4      0x174 ..\Libraries\libBSP.a(can.o)
                0x08001ba4                EXTI9_5_IRQHandler
 .text.CARME_CAN_SetBusTiming
                0x08001d18       0x30 ..\Libraries\libBSP.a(can.o)
 .text.CARME_CAN_SetBaudrate
                0x08001d48       0x9c ..\Libraries\libBSP.a(can.o)
                0x08001d48                CARME_CAN_SetBaudrate
 .text.CARME_CAN_Write
                0x08001de4      0x164 ..\Libraries\libBSP.a(can.o)
                0x08001de4                CARME_CAN_Write
 .text.SYSCFG_EXTILineConfig
                0x08001f48       0xb0 ..\Libraries\libBSP.a(stm32f4xx_syscfg.o)
                0x08001f48                SYSCFG_EXTILineConfig
 .text.GPIO_DeInit
                0x08001ff8      0x1c8 ..\Libraries\libBSP.a(stm32f4xx_gpio.o)
                0x08001ff8                GPIO_DeInit
 .text.GPIO_Init
                0x080021c0      0x144 ..\Libraries\libBSP.a(stm32f4xx_gpio.o)
                0x080021c0                GPIO_Init
 .text.GPIO_StructInit
                0x08002304       0x3c ..\Libraries\libBSP.a(stm32f4xx_gpio.o)
                0x08002304                GPIO_StructInit
 .text.GPIO_WriteBit
                0x08002340       0x30 ..\Libraries\libBSP.a(stm32f4xx_gpio.o)
                0x08002340                GPIO_WriteBit
 .text.GPIO_PinAFConfig
                0x08002370       0xa8 ..\Libraries\libBSP.a(stm32f4xx_gpio.o)
                0x08002370                GPIO_PinAFConfig
 .text.FSMC_NORSRAMDeInit
                0x08002418       0x5c ..\Libraries\libBSP.a(stm32f4xx_fsmc.o)
                0x08002418                FSMC_NORSRAMDeInit
 .text.FSMC_NORSRAMInit
                0x08002474      0x150 ..\Libraries\libBSP.a(stm32f4xx_fsmc.o)
                0x08002474                FSMC_NORSRAMInit
 .text.FSMC_NORSRAMCmd
                0x080025c4       0x54 ..\Libraries\libBSP.a(stm32f4xx_fsmc.o)
                0x080025c4                FSMC_NORSRAMCmd
 .text.EXTI_Init
                0x08002618      0x138 ..\Libraries\libBSP.a(stm32f4xx_exti.o)
                0x08002618                EXTI_Init
 .text.EXTI_GetITStatus
                0x08002750       0x3c ..\Libraries\libBSP.a(stm32f4xx_exti.o)
                0x08002750                EXTI_GetITStatus
 .text.EXTI_ClearITPendingBit
                0x0800278c       0x20 ..\Libraries\libBSP.a(stm32f4xx_exti.o)
                0x0800278c                EXTI_ClearITPendingBit
 .text.SSD1963_LLD_Init
                0x080027ac       0x50 ..\Libraries\libBSP.a(ssd1963_lld.o)
                0x080027ac                SSD1963_LLD_Init
 .text.SSD1963_WriteCommand
                0x080027fc       0x1c ..\Libraries\libBSP.a(ssd1963_lld.o)
                0x080027fc                SSD1963_WriteCommand
 .text.SSD1963_WriteData
                0x08002818       0x1c ..\Libraries\libBSP.a(ssd1963_lld.o)
                0x08002818                SSD1963_WriteData
 .text.SSD1963_ReadData
                0x08002834       0x14 ..\Libraries\libBSP.a(ssd1963_lld.o)
                0x08002834                SSD1963_ReadData
 .text.LCD_WriteArea
                0x08002848       0x28 ..\Libraries\libsGUI.a(text.o)
 .text.LCD_DrawChar
                0x08002870      0x134 ..\Libraries\libsGUI.a(text.o)
 .text.LCD_SetFont
                0x080029a4       0x20 ..\Libraries\libsGUI.a(text.o)
                0x080029a4                LCD_SetFont
 .text.LCD_DisplayCharXY
                0x080029c4       0x84 ..\Libraries\libsGUI.a(text.o)
                0x080029c4                LCD_DisplayCharXY
 .text.LCD_DisplayStringXY
                0x08002a48       0x50 ..\Libraries\libsGUI.a(text.o)
                0x08002a48                LCD_DisplayStringXY
 .text.xTaskGenericCreate
                0x08002a98      0x1c0 ..\Libraries\libFreeRTOS.a(tasks.o)
                0x08002a98                xTaskGenericCreate
 .text.vTaskDelay
                0x08002c58       0x5c ..\Libraries\libFreeRTOS.a(tasks.o)
                0x08002c58                vTaskDelay
 .text.vTaskStartScheduler
                0x08002cb4       0x88 ..\Libraries\libFreeRTOS.a(tasks.o)
                0x08002cb4                vTaskStartScheduler
 .text.vTaskSuspendAll
                0x08002d3c       0x24 ..\Libraries\libFreeRTOS.a(tasks.o)
                0x08002d3c                vTaskSuspendAll
 .text.xTaskResumeAll
                0x08002d60      0x174 ..\Libraries\libFreeRTOS.a(tasks.o)
                0x08002d60                xTaskResumeAll
 .text.xTaskGetTickCount
                0x08002ed4       0x28 ..\Libraries\libFreeRTOS.a(tasks.o)
                0x08002ed4                xTaskGetTickCount
 .text.xTaskIncrementTick
                0x08002efc      0x248 ..\Libraries\libFreeRTOS.a(tasks.o)
                0x08002efc                xTaskIncrementTick
 .text.vTaskSwitchContext
                0x08003144      0x164 ..\Libraries\libFreeRTOS.a(tasks.o)
                0x08003144                vTaskSwitchContext
 .text.vTaskPlaceOnEventList
                0x080032a8       0x84 ..\Libraries\libFreeRTOS.a(tasks.o)
                0x080032a8                vTaskPlaceOnEventList
 .text.vTaskPlaceOnEventListRestricted
                0x0800332c       0x60 ..\Libraries\libFreeRTOS.a(tasks.o)
                0x0800332c                vTaskPlaceOnEventListRestricted
 .text.xTaskRemoveFromEventList
                0x0800338c       0xdc ..\Libraries\libFreeRTOS.a(tasks.o)
                0x0800338c                xTaskRemoveFromEventList
 .text.vTaskSetTimeOutState
                0x08003468       0x38 ..\Libraries\libFreeRTOS.a(tasks.o)
                0x08003468                vTaskSetTimeOutState
 .text.xTaskCheckForTimeOut
                0x080034a0       0xb0 ..\Libraries\libFreeRTOS.a(tasks.o)
                0x080034a0                xTaskCheckForTimeOut
 .text.vTaskMissedYield
                0x08003550       0x18 ..\Libraries\libFreeRTOS.a(tasks.o)
                0x08003550                vTaskMissedYield
 .text.prvIdleTask
                0x08003568       0x24 ..\Libraries\libFreeRTOS.a(tasks.o)
 .text.prvInitialiseTCBVariables
                0x0800358c       0xa0 ..\Libraries\libFreeRTOS.a(tasks.o)
 .text.prvInitialiseTaskLists
                0x0800362c       0xa4 ..\Libraries\libFreeRTOS.a(tasks.o)
 .text.prvCheckTasksWaitingTermination
                0x080036d0       0x9c ..\Libraries\libFreeRTOS.a(tasks.o)
 .text.prvAddCurrentTaskToDelayedList
                0x0800376c       0x8c ..\Libraries\libFreeRTOS.a(tasks.o)
 .text.prvAllocateTCBAndStack
                0x080037f8       0x70 ..\Libraries\libFreeRTOS.a(tasks.o)
 .text.prvDeleteTCB
                0x08003868       0x20 ..\Libraries\libFreeRTOS.a(tasks.o)
 .text.xTaskGetCurrentTaskHandle
                0x08003888       0x20 ..\Libraries\libFreeRTOS.a(tasks.o)
                0x08003888                xTaskGetCurrentTaskHandle
 .text.xTaskGetSchedulerState
                0x080038a8       0x48 ..\Libraries\libFreeRTOS.a(tasks.o)
                0x080038a8                xTaskGetSchedulerState
 .text.vTaskPriorityInherit
                0x080038f0       0xe8 ..\Libraries\libFreeRTOS.a(tasks.o)
                0x080038f0                vTaskPriorityInherit
 .text.vTaskPriorityDisinherit
                0x080039d8       0x90 ..\Libraries\libFreeRTOS.a(tasks.o)
                0x080039d8                vTaskPriorityDisinherit
 .text.xQueueGenericReset
                0x08003a68       0xc0 ..\Libraries\libFreeRTOS.a(queue.o)
                0x08003a68                xQueueGenericReset
 .text.xQueueGenericCreate
                0x08003b28       0x90 ..\Libraries\libFreeRTOS.a(queue.o)
                0x08003b28                xQueueGenericCreate
 .text.xQueueCreateMutex
                0x08003bb8       0xac ..\Libraries\libFreeRTOS.a(queue.o)
                0x08003bb8                xQueueCreateMutex
 .text.xQueueGenericSend
                0x08003c64      0x178 ..\Libraries\libFreeRTOS.a(queue.o)
                0x08003c64                xQueueGenericSend
 .text.xQueueGenericSendFromISR
                0x08003ddc       0xe8 ..\Libraries\libFreeRTOS.a(queue.o)
                0x08003ddc                xQueueGenericSendFromISR
 .text.xQueueGenericReceive
                0x08003ec4      0x1b8 ..\Libraries\libFreeRTOS.a(queue.o)
                0x08003ec4                xQueueGenericReceive
 .text.prvCopyDataToQueue
                0x0800407c       0xdc ..\Libraries\libFreeRTOS.a(queue.o)
 .text.prvCopyDataFromQueue
                0x08004158       0x50 ..\Libraries\libFreeRTOS.a(queue.o)
 .text.prvUnlockQueue
                0x080041a8       0xa0 ..\Libraries\libFreeRTOS.a(queue.o)
 .text.prvIsQueueEmpty
                0x08004248       0x34 ..\Libraries\libFreeRTOS.a(queue.o)
 .text.prvIsQueueFull
                0x0800427c       0x38 ..\Libraries\libFreeRTOS.a(queue.o)
 .text.vQueueWaitForMessageRestricted
                0x080042b4       0x60 ..\Libraries\libFreeRTOS.a(queue.o)
                0x080042b4                vQueueWaitForMessageRestricted
 .text.pvPortMalloc
                0x08004314      0x164 ..\Libraries\libFreeRTOS.a(heap_4.o)
                0x08004314                pvPortMalloc
 .text.vPortFree
                0x08004478       0xb8 ..\Libraries\libFreeRTOS.a(heap_4.o)
                0x08004478                vPortFree
 .text.prvHeapInit
                0x08004530       0xf8 ..\Libraries\libFreeRTOS.a(heap_4.o)
 .text.prvInsertBlockIntoFreeList
                0x08004628       0xbc ..\Libraries\libFreeRTOS.a(heap_4.o)
 .text.pxPortInitialiseStack
                0x080046e4       0x74 ..\Libraries\libFreeRTOS.a(port.o)
                0x080046e4                pxPortInitialiseStack
 .text.prvTaskExitError
                0x08004758       0x20 ..\Libraries\libFreeRTOS.a(port.o)
 .text.SVC_Handler
                0x08004778       0x1c ..\Libraries\libFreeRTOS.a(port.o)
                0x08004778                SVC_Handler
 .text.prvPortStartFirstTask
                0x08004794       0x14 ..\Libraries\libFreeRTOS.a(port.o)
 .text.xPortStartScheduler
                0x080047a8      0x128 ..\Libraries\libFreeRTOS.a(port.o)
                0x080047a8                xPortStartScheduler
 .text.vPortYield
                0x080048d0       0x20 ..\Libraries\libFreeRTOS.a(port.o)
                0x080048d0                vPortYield
 .text.vPortEnterCritical
                0x080048f0       0x2c ..\Libraries\libFreeRTOS.a(port.o)
                0x080048f0                vPortEnterCritical
 .text.vPortExitCritical
                0x0800491c       0x34 ..\Libraries\libFreeRTOS.a(port.o)
                0x0800491c                vPortExitCritical
 .text.ulPortSetInterruptMask
                0x08004950       0x14 ..\Libraries\libFreeRTOS.a(port.o)
                0x08004950                ulPortSetInterruptMask
 .text.vPortClearInterruptMask
                0x08004964        0x8 ..\Libraries\libFreeRTOS.a(port.o)
                0x08004964                vPortClearInterruptMask
 .text.PendSV_Handler
                0x0800496c       0x50 ..\Libraries\libFreeRTOS.a(port.o)
                0x0800496c                PendSV_Handler
 .text.SysTick_Handler
                0x080049bc       0x2c ..\Libraries\libFreeRTOS.a(port.o)
                0x080049bc                SysTick_Handler
 .text.vPortSetupTimerInterrupt
                0x080049e8       0x40 ..\Libraries\libFreeRTOS.a(port.o)
                0x080049e8                vPortSetupTimerInterrupt
 .text.vPortEnableVFP
                0x08004a28       0x14 ..\Libraries\libFreeRTOS.a(port.o)
 .text.vPortValidateInterruptPriority
                0x08004a3c       0x64 ..\Libraries\libFreeRTOS.a(port.o)
                0x08004a3c                vPortValidateInterruptPriority
 .text.vListInitialise
                0x08004aa0       0x40 ..\Libraries\libFreeRTOS.a(list.o)
                0x08004aa0                vListInitialise
 .text.vListInitialiseItem
                0x08004ae0       0x1c ..\Libraries\libFreeRTOS.a(list.o)
                0x08004ae0                vListInitialiseItem
 .text.vListInsertEnd
                0x08004afc       0x48 ..\Libraries\libFreeRTOS.a(list.o)
                0x08004afc                vListInsertEnd
 .text.vListInsert
                0x08004b44       0x74 ..\Libraries\libFreeRTOS.a(list.o)
                0x08004b44                vListInsert
 .text.uxListRemove
                0x08004bb8       0x58 ..\Libraries\libFreeRTOS.a(list.o)
                0x08004bb8                uxListRemove
 .text.xTimerCreateTimerTask
                0x08004c10       0x6c ..\Libraries\libFreeRTOS.a(timers.o)
                0x08004c10                xTimerCreateTimerTask
 .text.xTimerGenericCommand
                0x08004c7c       0xac ..\Libraries\libFreeRTOS.a(timers.o)
                0x08004c7c                xTimerGenericCommand
 .text.prvProcessExpiredTimer
                0x08004d28       0x7c ..\Libraries\libFreeRTOS.a(timers.o)
 .text.prvTimerTask
                0x08004da4       0x24 ..\Libraries\libFreeRTOS.a(timers.o)
 .text.prvProcessTimerOrBlockTask
                0x08004dc8       0x74 ..\Libraries\libFreeRTOS.a(timers.o)
 .text.prvGetNextExpireTime
                0x08004e3c       0x54 ..\Libraries\libFreeRTOS.a(timers.o)
 .text.prvSampleTimeNow
                0x08004e90       0x58 ..\Libraries\libFreeRTOS.a(timers.o)
 .text.prvInsertTimerInActiveList
                0x08004ee8       0x94 ..\Libraries\libFreeRTOS.a(timers.o)
 .text.prvProcessReceivedCommands
                0x08004f7c      0x104 ..\Libraries\libFreeRTOS.a(timers.o)
 .text.prvSwitchTimerLists
                0x08005080       0xe8 ..\Libraries\libFreeRTOS.a(timers.o)
 .text.prvCheckForValidListAndQueue
                0x08005168       0x74 ..\Libraries\libFreeRTOS.a(timers.o)
 .text.memcmp   0x080051dc       0x1e c:/program files (x86)/atollic/truestudio for arm pro 4.3.1/armtools/bin/../lib/gcc/arm-atollic-eabi/4.7.3/../../../../arm-atollic-eabi/lib/armv7e-m/fpu\libc.a(lib_a-memcmp.o)
                0x080051dc                memcmp
 .text.memcpy   0x080051fa       0x12 c:/program files (x86)/atollic/truestudio for arm pro 4.3.1/armtools/bin/../lib/gcc/arm-atollic-eabi/4.7.3/../../../../arm-atollic-eabi/lib/armv7e-m/fpu\libc.a(lib_a-memcpy.o)
                0x080051fa                memcpy
 .text.memset   0x0800520c       0x10 c:/program files (x86)/atollic/truestudio for arm pro 4.3.1/armtools/bin/../lib/gcc/arm-atollic-eabi/4.7.3/../../../../arm-atollic-eabi/lib/armv7e-m/fpu\libc.a(lib_a-memset.o)
                0x0800520c                memset
 *(.rodata)
 .rodata        0x0800521c       0x90 src\main.o
 .rodata        0x080052ac      0x1a8 ..\Libraries\libBSP.a(carme.o)
 .rodata        0x08005454        0x8 ..\Libraries\libFreeRTOS.a(tasks.o)
 .rodata        0x0800545c        0x8 ..\Libraries\libFreeRTOS.a(timers.o)
 *(.rodata*)
 .rodata.str1.1
                0x08005464        0x2 c:/program files (x86)/atollic/truestudio for arm pro 4.3.1/armtools/bin/../lib/gcc/arm-atollic-eabi/4.7.3/../../../../arm-atollic-eabi/lib/armv7e-m/fpu\libc_s.a(lib_a-impure.o)
 *fill*         0x08005466        0x2 00
 .rodata.ucExpectedStackBytes.8730
                0x08005468       0x14 ..\Libraries\libFreeRTOS.a(tasks.o)
 .rodata.heapSTRUCT_SIZE
                0x0800547c        0x2 ..\Libraries\libFreeRTOS.a(heap_4.o)
 *fill*         0x0800547e        0x2 00
 .rodata.xTotalHeapSize
                0x08005480        0x4 ..\Libraries\libFreeRTOS.a(heap_4.o)
 .rodata.pcInterruptPriorityRegisters
                0x08005484        0x4 ..\Libraries\libFreeRTOS.a(port.o)
 *(.glue_7)
 .glue_7        0x00000000        0x0 linker stubs
 *(.glue_7t)
 .glue_7t       0x00000000        0x0 linker stubs
 *(.eh_frame)
 .eh_frame      0x08005488        0x0 c:/program files (x86)/atollic/truestudio for arm pro 4.3.1/armtools/bin/../lib/gcc/arm-atollic-eabi/4.7.3/armv7e-m/fpu/crtbegin.o
 *(.init)
 .init          0x08005488        0x4 c:/program files (x86)/atollic/truestudio for arm pro 4.3.1/armtools/bin/../lib/gcc/arm-atollic-eabi/4.7.3/armv7e-m/fpu/crti.o
                0x08005488                _init
 .init          0x0800548c        0x8 c:/program files (x86)/atollic/truestudio for arm pro 4.3.1/armtools/bin/../lib/gcc/arm-atollic-eabi/4.7.3/armv7e-m/fpu/crtn.o
 *(.fini)
 .fini          0x08005494        0x4 c:/program files (x86)/atollic/truestudio for arm pro 4.3.1/armtools/bin/../lib/gcc/arm-atollic-eabi/4.7.3/armv7e-m/fpu/crti.o
                0x08005494                _fini
 .fini          0x08005498        0x8 c:/program files (x86)/atollic/truestudio for arm pro 4.3.1/armtools/bin/../lib/gcc/arm-atollic-eabi/4.7.3/armv7e-m/fpu/crtn.o
                0x080054a0                . = ALIGN (0x4)
                0x080054a0                _etext = .

.vfp11_veneer   0x080054a0        0x0
 .vfp11_veneer  0x00000000        0x0 linker stubs

.v4_bx          0x080054a0        0x0
 .v4_bx         0x00000000        0x0 linker stubs

.iplt           0x080054a0        0x0
 .iplt          0x00000000        0x0 c:/program files (x86)/atollic/truestudio for arm pro 4.3.1/armtools/bin/../lib/gcc/arm-atollic-eabi/4.7.3/armv7e-m/fpu/crtbegin.o

.rel.dyn        0x080054a0        0x0
 .rel.iplt      0x00000000        0x0 c:/program files (x86)/atollic/truestudio for arm pro 4.3.1/armtools/bin/../lib/gcc/arm-atollic-eabi/4.7.3/armv7e-m/fpu/crtbegin.o

.ARM.extab
 *(.ARM.extab* .gnu.linkonce.armextab.*)

.ARM            0x080054a0        0x0
                0x080054a0                __exidx_start = .
 *(.ARM.exidx*)
                0x080054a0                __exidx_end = .

.preinit_array  0x080054a0        0x0
                0x080054a0                PROVIDE (__preinit_array_start, .)
 *(.preinit_array*)
                0x080054a0                PROVIDE (__preinit_array_end, .)

.init_array     0x080054a0        0x4
                0x080054a0                PROVIDE (__init_array_start, .)
 *(SORT(.init_array.*))
 *(.init_array*)
 .init_array    0x080054a0        0x4 c:/program files (x86)/atollic/truestudio for arm pro 4.3.1/armtools/bin/../lib/gcc/arm-atollic-eabi/4.7.3/armv7e-m/fpu/crtbegin.o
                0x080054a4                PROVIDE (__init_array_end, .)

.fini_array     0x080054a4        0x4
                0x080054a4                PROVIDE (__fini_array_start, .)
 *(SORT(.fini_array.*))
 *(.fini_array*)
 .fini_array    0x080054a4        0x4 c:/program files (x86)/atollic/truestudio for arm pro 4.3.1/armtools/bin/../lib/gcc/arm-atollic-eabi/4.7.3/armv7e-m/fpu/crtbegin.o
                0x080054a8                PROVIDE (__fini_array_end, .)
                0x080054a8                _sidata = LOADADDR (.data)

.data           0x20000000      0xf0c load address 0x080054a8
                0x20000000                . = ALIGN (0x4)
                0x20000000                _sdata = .
 *(.data)
 *(.data*)
 .data.impure_data
                0x20000000       0x64 c:/program files (x86)/atollic/truestudio for arm pro 4.3.1/armtools/bin/../lib/gcc/arm-atollic-eabi/4.7.3/../../../../arm-atollic-eabi/lib/armv7e-m/fpu\libc_s.a(lib_a-impure.o)
 .data._impure_ptr
                0x20000064        0x4 c:/program files (x86)/atollic/truestudio for arm pro 4.3.1/armtools/bin/../lib/gcc/arm-atollic-eabi/4.7.3/../../../../arm-atollic-eabi/lib/armv7e-m/fpu\libc_s.a(lib_a-impure.o)
                0x20000064                _impure_ptr
 .data.SystemCoreClock
                0x20000068        0x4 ..\Libraries\libBSP.a(system_stm32f4xx.o)
                0x20000068                SystemCoreClock
 .data.CARME_AGPIO_Port_Pin
                0x2000006c       0xa0 ..\Libraries\libBSP.a(carme.o)
 .data.SJA1000_CMD
                0x2000010c        0x4 ..\Libraries\libBSP.a(can.o)
 .data.SJA1000_DATA
                0x20000110        0x4 ..\Libraries\libBSP.a(can.o)
 .data.LCD_Port_Pin
                0x20000114       0x10 ..\Libraries\libBSP.a(ssd1963_lld.o)
 .data.TextColor
                0x20000124        0x2 ..\Libraries\libsGUI.a(text.o)
                0x20000124                TextColor
 *fill*         0x20000126        0x2 00
 .data.CurrentFont
                0x20000128        0x4 ..\Libraries\libsGUI.a(text.o)
                0x20000128                CurrentFont
 .data.font_5x8
                0x2000012c        0x8 ..\Libraries\libsGUI.a(font.o)
                0x2000012c                font_5x8
 .data.font_8x13
                0x20000134        0x8 ..\Libraries\libsGUI.a(font.o)
                0x20000134                font_8x13
 .data.font_8x16
                0x2000013c        0x8 ..\Libraries\libsGUI.a(font.o)
                0x2000013c                font_8x16
 .data.font_5x8_data
                0x20000144      0x1dc ..\Libraries\libsGUI.a(font.o)
                0x20000144                font_5x8_data
 .data.font_8x13_data
                0x20000320      0x5f0 ..\Libraries\libsGUI.a(font.o)
                0x20000320                font_8x13_data
 .data.font_8x16_data
                0x20000910      0x5f0 ..\Libraries\libsGUI.a(font.o)
                0x20000910                font_8x16_data
 .data.xNextTaskUnblockTime
                0x20000f00        0x4 ..\Libraries\libFreeRTOS.a(tasks.o)
 .data.xFreeBytesRemaining
                0x20000f04        0x4 ..\Libraries\libFreeRTOS.a(heap_4.o)
 .data.uxCriticalNesting
                0x20000f08        0x4 ..\Libraries\libFreeRTOS.a(port.o)
                0x20000f0c                . = ALIGN (0x4)
                0x20000f0c                _edata = .
                0x080063b4                _siccmram = LOADADDR (.ccmram)

.jcr            0x20000f0c        0x0 load address 0x080063b4
 .jcr           0x20000f0c        0x0 c:/program files (x86)/atollic/truestudio for arm pro 4.3.1/armtools/bin/../lib/gcc/arm-atollic-eabi/4.7.3/armv7e-m/fpu/crtbegin.o

.igot.plt       0x20000f0c        0x0 load address 0x080063b4
 .igot.plt      0x00000000        0x0 c:/program files (x86)/atollic/truestudio for arm pro 4.3.1/armtools/bin/../lib/gcc/arm-atollic-eabi/4.7.3/armv7e-m/fpu/crtbegin.o

.ccmram         0x10000000        0x0 load address 0x080063b4
                0x10000000                . = ALIGN (0x4)
                0x10000000                _sccmram = .
 *(.ccmram)
 *(.ccmram*)
                0x10000000                . = ALIGN (0x4)
                0x10000000                _eccmram = .
                0x10000000                . = ALIGN (0x4)

.bss            0x20000f0c    0x12dac
                0x20000f0c                _sbss = .
                0x20000f0c                __bss_start__ = _sbss
 *(.bss)
 .bss           0x20000f0c       0x1c c:/program files (x86)/atollic/truestudio for arm pro 4.3.1/armtools/bin/../lib/gcc/arm-atollic-eabi/4.7.3/armv7e-m/fpu/crtbegin.o
 *(.bss*)
 .bss.heap_end.9072
                0x20000f28        0x4 src\syscalls.o
 .bss.__malloc_free_list
                0x20000f2c        0x4 c:/program files (x86)/atollic/truestudio for arm pro 4.3.1/armtools/bin/../lib/gcc/arm-atollic-eabi/4.7.3/../../../../arm-atollic-eabi/lib/armv7e-m/fpu\libc_s.a(lib_a-mallocr.o)
                0x20000f2c                __malloc_free_list
 .bss.CARME_CAN_IRQCallbacks
                0x20000f30       0x20 ..\Libraries\libBSP.a(can.o)
 .bss.BackColor
                0x20000f50        0x2 ..\Libraries\libsGUI.a(text.o)
                0x20000f50                BackColor
 *fill*         0x20000f52        0x2 00
 .bss.pxCurrentTCB
                0x20000f54        0x4 ..\Libraries\libFreeRTOS.a(tasks.o)
                0x20000f54                pxCurrentTCB
 .bss.pxReadyTasksLists
                0x20000f58       0x64 ..\Libraries\libFreeRTOS.a(tasks.o)
 .bss.xDelayedTaskList1
                0x20000fbc       0x14 ..\Libraries\libFreeRTOS.a(tasks.o)
 .bss.xDelayedTaskList2
                0x20000fd0       0x14 ..\Libraries\libFreeRTOS.a(tasks.o)
 .bss.pxDelayedTaskList
                0x20000fe4        0x4 ..\Libraries\libFreeRTOS.a(tasks.o)
 .bss.pxOverflowDelayedTaskList
                0x20000fe8        0x4 ..\Libraries\libFreeRTOS.a(tasks.o)
 .bss.xPendingReadyList
                0x20000fec       0x14 ..\Libraries\libFreeRTOS.a(tasks.o)
 .bss.xTasksWaitingTermination
                0x20001000       0x14 ..\Libraries\libFreeRTOS.a(tasks.o)
 .bss.uxTasksDeleted
                0x20001014        0x4 ..\Libraries\libFreeRTOS.a(tasks.o)
 .bss.xSuspendedTaskList
                0x20001018       0x14 ..\Libraries\libFreeRTOS.a(tasks.o)
 .bss.uxCurrentNumberOfTasks
                0x2000102c        0x4 ..\Libraries\libFreeRTOS.a(tasks.o)
 .bss.xTickCount
                0x20001030        0x4 ..\Libraries\libFreeRTOS.a(tasks.o)
 .bss.uxTopReadyPriority
                0x20001034        0x4 ..\Libraries\libFreeRTOS.a(tasks.o)
 .bss.xSchedulerRunning
                0x20001038        0x4 ..\Libraries\libFreeRTOS.a(tasks.o)
 .bss.uxSchedulerSuspended
                0x2000103c        0x4 ..\Libraries\libFreeRTOS.a(tasks.o)
 .bss.uxPendedTicks
                0x20001040        0x4 ..\Libraries\libFreeRTOS.a(tasks.o)
 .bss.xYieldPending
                0x20001044        0x4 ..\Libraries\libFreeRTOS.a(tasks.o)
 .bss.xNumOfOverflows
                0x20001048        0x4 ..\Libraries\libFreeRTOS.a(tasks.o)
 .bss.uxTaskNumber
                0x2000104c        0x4 ..\Libraries\libFreeRTOS.a(tasks.o)
 .bss.ucHeap    0x20001050    0x12c00 ..\Libraries\libFreeRTOS.a(heap_4.o)
 .bss.xStart    0x20013c50        0x8 ..\Libraries\libFreeRTOS.a(heap_4.o)
 .bss.pxEnd     0x20013c58        0x4 ..\Libraries\libFreeRTOS.a(heap_4.o)
 .bss.xBlockAllocatedBit
                0x20013c5c        0x4 ..\Libraries\libFreeRTOS.a(heap_4.o)
 .bss.ucMaxSysCallPriority
                0x20013c60        0x1 ..\Libraries\libFreeRTOS.a(port.o)
 *fill*         0x20013c61        0x3 00
 .bss.ulMaxPRIGROUPValue
                0x20013c64        0x4 ..\Libraries\libFreeRTOS.a(port.o)
 .bss.xActiveTimerList1
                0x20013c68       0x14 ..\Libraries\libFreeRTOS.a(timers.o)
 .bss.xActiveTimerList2
                0x20013c7c       0x14 ..\Libraries\libFreeRTOS.a(timers.o)
 .bss.pxCurrentTimerList
                0x20013c90        0x4 ..\Libraries\libFreeRTOS.a(timers.o)
 .bss.pxOverflowTimerList
                0x20013c94        0x4 ..\Libraries\libFreeRTOS.a(timers.o)
 .bss.xTimerQueue
                0x20013c98        0x4 ..\Libraries\libFreeRTOS.a(timers.o)
 .bss.xLastTime.8575
                0x20013c9c        0x4 ..\Libraries\libFreeRTOS.a(timers.o)
 *(COMMON)
 COMMON         0x20013ca0        0xc src\main.o
                0x20013ca0                Queue_Can_Rx
                0x20013ca4                Muxtex_Can_Tx
                0x20013ca8                Muxtex_Display
 COMMON         0x20013cac        0x4 c:/program files (x86)/atollic/truestudio for arm pro 4.3.1/armtools/bin/../lib/gcc/arm-atollic-eabi/4.7.3/../../../../arm-atollic-eabi/lib/armv7e-m/fpu\libc_s.a(lib_a-reent.o)
                0x20013cac                errno
 COMMON         0x20013cb0        0x6 ..\Libraries\libBSP.a(ssd1963.o)
                0x20013cb0                deviceDescriptorBlock
                0x20013cb8                . = ALIGN (0x4)
 *fill*         0x20013cb6        0x2 00
                0x20013cb8                _ebss = .
                0x20013cb8                __bss_end__ = _ebss

._user_heap_stack
                0x20013cb8     0x2000
                0x20013cb8                . = ALIGN (0x4)
                0x20013cb8                PROVIDE (end, .)
                0x20013cb8                PROVIDE (_end, .)
                0x20014cb8                . = (. + _Min_Heap_Size)
 *fill*         0x20013cb8     0x1000 00
                0x20015cb8                . = (. + _Min_Stack_Size)
 *fill*         0x20014cb8     0x1000 00
                0x20015cb8                . = ALIGN (0x4)

.memory_b1_text
 *(.mb1text)
 *(.mb1text*)
 *(.mb1rodata)
 *(.mb1rodata*)

/DISCARD/
 libc.a(*)
 libm.a(*)
 libgcc.a(*)

.ARM.attributes
                0x00000000       0x32
 *(.ARM.attributes)
 .ARM.attributes
                0x00000000       0x24 c:/program files (x86)/atollic/truestudio for arm pro 4.3.1/armtools/bin/../lib/gcc/arm-atollic-eabi/4.7.3/armv7e-m/fpu/crti.o
 .ARM.attributes
                0x00000024       0x36 c:/program files (x86)/atollic/truestudio for arm pro 4.3.1/armtools/bin/../lib/gcc/arm-atollic-eabi/4.7.3/armv7e-m/fpu/crtbegin.o
 .ARM.attributes
                0x0000005a       0x3b src\tiny_printf.o
 .ARM.attributes
                0x00000095       0x3b src\syscalls.o
 .ARM.attributes
                0x000000d0       0x21 src\startup.o
 .ARM.attributes
                0x000000f1       0x3b src\main.o
 .ARM.attributes
                0x0000012c       0x36 c:/program files (x86)/atollic/truestudio for arm pro 4.3.1/armtools/bin/../lib/gcc/arm-atollic-eabi/4.7.3/../../../../arm-atollic-eabi/lib/armv7e-m/fpu\libc_s.a(lib_a-malloc.o)
 .ARM.attributes
                0x00000162       0x36 c:/program files (x86)/atollic/truestudio for arm pro 4.3.1/armtools/bin/../lib/gcc/arm-atollic-eabi/4.7.3/../../../../arm-atollic-eabi/lib/armv7e-m/fpu\libc_s.a(lib_a-mallocr.o)
 .ARM.attributes
                0x00000198       0x36 c:/program files (x86)/atollic/truestudio for arm pro 4.3.1/armtools/bin/../lib/gcc/arm-atollic-eabi/4.7.3/../../../../arm-atollic-eabi/lib/armv7e-m/fpu\libc_s.a(lib_a-reent.o)
 .ARM.attributes
                0x000001ce       0x36 c:/program files (x86)/atollic/truestudio for arm pro 4.3.1/armtools/bin/../lib/gcc/arm-atollic-eabi/4.7.3/../../../../arm-atollic-eabi/lib/armv7e-m/fpu\libc_s.a(lib_a-sbrkr.o)
 .ARM.attributes
                0x00000204       0x36 c:/program files (x86)/atollic/truestudio for arm pro 4.3.1/armtools/bin/../lib/gcc/arm-atollic-eabi/4.7.3/../../../../arm-atollic-eabi/lib/armv7e-m/fpu\libc_s.a(lib_a-freer.o)
 .ARM.attributes
                0x0000023a       0x36 c:/program files (x86)/atollic/truestudio for arm pro 4.3.1/armtools/bin/../lib/gcc/arm-atollic-eabi/4.7.3/../../../../arm-atollic-eabi/lib/armv7e-m/fpu\libc_s.a(lib_a-impure.o)
 .ARM.attributes
                0x00000270       0x24 c:/program files (x86)/atollic/truestudio for arm pro 4.3.1/armtools/bin/../lib/gcc/arm-atollic-eabi/4.7.3/armv7e-m/fpu/crtn.o
 .ARM.attributes
                0x00000294       0x3b ..\Libraries\libBSP.a(stm32f4xx_rcc.o)
 .ARM.attributes
                0x000002cf       0x3b ..\Libraries\libBSP.a(misc.o)
 .ARM.attributes
                0x0000030a       0x3b ..\Libraries\libBSP.a(system_stm32f4xx.o)
 .ARM.attributes
                0x00000345       0x3b ..\Libraries\libBSP.a(ssd1963.o)
 .ARM.attributes
                0x00000380       0x3b ..\Libraries\libBSP.a(carme.o)
 .ARM.attributes
                0x000003bb       0x3b ..\Libraries\libBSP.a(can.o)
 .ARM.attributes
                0x000003f6       0x3b ..\Libraries\libBSP.a(stm32f4xx_syscfg.o)
 .ARM.attributes
                0x00000431       0x3b ..\Libraries\libBSP.a(stm32f4xx_gpio.o)
 .ARM.attributes
                0x0000046c       0x3b ..\Libraries\libBSP.a(stm32f4xx_fsmc.o)
 .ARM.attributes
                0x000004a7       0x3b ..\Libraries\libBSP.a(stm32f4xx_exti.o)
 .ARM.attributes
                0x000004e2       0x3b ..\Libraries\libBSP.a(ssd1963_lld.o)
 .ARM.attributes
                0x0000051d       0x3b ..\Libraries\libsGUI.a(text.o)
 .ARM.attributes
                0x00000558       0x3b ..\Libraries\libsGUI.a(font.o)
 .ARM.attributes
                0x00000593       0x3b ..\Libraries\libFreeRTOS.a(tasks.o)
 .ARM.attributes
                0x000005ce       0x3b ..\Libraries\libFreeRTOS.a(queue.o)
 .ARM.attributes
                0x00000609       0x3b ..\Libraries\libFreeRTOS.a(heap_4.o)
 .ARM.attributes
                0x00000644       0x3b ..\Libraries\libFreeRTOS.a(port.o)
 .ARM.attributes
                0x0000067f       0x3b ..\Libraries\libFreeRTOS.a(list.o)
 .ARM.attributes
                0x000006ba       0x3b ..\Libraries\libFreeRTOS.a(timers.o)
OUTPUT(RoboterModel (Template).elf elf32-littlearm)

.debug_info     0x00000000     0x9e75
 .debug_info    0x00000000      0xc75 src\tiny_printf.o
 .debug_info    0x00000c75      0x870 src\syscalls.o
 .debug_info    0x000014e5       0x84 src\startup.o
 .debug_info    0x00001569      0x4e7 src\main.o
 .debug_info    0x00001a50      0xf30 ..\Libraries\libBSP.a(stm32f4xx_rcc.o)
 .debug_info    0x00002980      0x596 ..\Libraries\libBSP.a(misc.o)
 .debug_info    0x00002f16      0x62b ..\Libraries\libBSP.a(system_stm32f4xx.o)
 .debug_info    0x00003541      0x379 ..\Libraries\libBSP.a(ssd1963.o)
 .debug_info    0x000038ba      0x6f9 ..\Libraries\libBSP.a(carme.o)
 .debug_info    0x00003fb3      0xb92 ..\Libraries\libBSP.a(can.o)
 .debug_info    0x00004b45      0x2a6 ..\Libraries\libBSP.a(stm32f4xx_syscfg.o)
 .debug_info    0x00004deb      0x647 ..\Libraries\libBSP.a(stm32f4xx_gpio.o)
 .debug_info    0x00005432      0x9b5 ..\Libraries\libBSP.a(stm32f4xx_fsmc.o)
 .debug_info    0x00005de7      0x368 ..\Libraries\libBSP.a(stm32f4xx_exti.o)
 .debug_info    0x0000614f      0x3b9 ..\Libraries\libBSP.a(ssd1963_lld.o)
 .debug_info    0x00006508      0x652 ..\Libraries\libsGUI.a(text.o)
 .debug_info    0x00006b5a      0x4b1 ..\Libraries\libsGUI.a(font.o)
 .debug_info    0x0000700b     0x11ba ..\Libraries\libFreeRTOS.a(tasks.o)
 .debug_info    0x000081c5      0xbff ..\Libraries\libFreeRTOS.a(queue.o)
 .debug_info    0x00008dc4      0x302 ..\Libraries\libFreeRTOS.a(heap_4.o)
 .debug_info    0x000090c6      0x363 ..\Libraries\libFreeRTOS.a(port.o)
 .debug_info    0x00009429      0x2cc ..\Libraries\libFreeRTOS.a(list.o)
 .debug_info    0x000096f5      0x780 ..\Libraries\libFreeRTOS.a(timers.o)

.debug_abbrev   0x00000000     0x226a
 .debug_abbrev  0x00000000      0x241 src\tiny_printf.o
 .debug_abbrev  0x00000241      0x1f0 src\syscalls.o
 .debug_abbrev  0x00000431       0x12 src\startup.o
 .debug_abbrev  0x00000443      0x14d src\main.o
 .debug_abbrev  0x00000590      0x1be ..\Libraries\libBSP.a(stm32f4xx_rcc.o)
 .debug_abbrev  0x0000074e      0x12b ..\Libraries\libBSP.a(misc.o)
 .debug_abbrev  0x00000879      0x13a ..\Libraries\libBSP.a(system_stm32f4xx.o)
 .debug_abbrev  0x000009b3      0x15e ..\Libraries\libBSP.a(ssd1963.o)
 .debug_abbrev  0x00000b11      0x1c2 ..\Libraries\libBSP.a(carme.o)
 .debug_abbrev  0x00000cd3      0x228 ..\Libraries\libBSP.a(can.o)
 .debug_abbrev  0x00000efb      0x135 ..\Libraries\libBSP.a(stm32f4xx_syscfg.o)
 .debug_abbrev  0x00001030      0x1a7 ..\Libraries\libBSP.a(stm32f4xx_gpio.o)
 .debug_abbrev  0x000011d7      0x174 ..\Libraries\libBSP.a(stm32f4xx_fsmc.o)
 .debug_abbrev  0x0000134b      0x1a9 ..\Libraries\libBSP.a(stm32f4xx_exti.o)
 .debug_abbrev  0x000014f4      0x16f ..\Libraries\libBSP.a(ssd1963_lld.o)
 .debug_abbrev  0x00001663      0x189 ..\Libraries\libsGUI.a(text.o)
 .debug_abbrev  0x000017ec       0x8c ..\Libraries\libsGUI.a(font.o)
 .debug_abbrev  0x00001878      0x221 ..\Libraries\libFreeRTOS.a(tasks.o)
 .debug_abbrev  0x00001a99      0x1dc ..\Libraries\libFreeRTOS.a(queue.o)
 .debug_abbrev  0x00001c75      0x1b3 ..\Libraries\libFreeRTOS.a(heap_4.o)
 .debug_abbrev  0x00001e28      0x1e0 ..\Libraries\libFreeRTOS.a(port.o)
 .debug_abbrev  0x00002008       0xda ..\Libraries\libFreeRTOS.a(list.o)
 .debug_abbrev  0x000020e2      0x188 ..\Libraries\libFreeRTOS.a(timers.o)

.debug_loc      0x00000000     0x4090
 .debug_loc     0x00000000      0x1e8 src\tiny_printf.o
 .debug_loc     0x000001e8      0x410 src\syscalls.o
 .debug_loc     0x000005f8      0x10e src\main.o
 .debug_loc     0x00000706      0xb3c ..\Libraries\libBSP.a(stm32f4xx_rcc.o)
 .debug_loc     0x00001242      0x118 ..\Libraries\libBSP.a(misc.o)
 .debug_loc     0x0000135a       0x9c ..\Libraries\libBSP.a(system_stm32f4xx.o)
 .debug_loc     0x000013f6      0x2a8 ..\Libraries\libBSP.a(ssd1963.o)
 .debug_loc     0x0000169e      0x268 ..\Libraries\libBSP.a(carme.o)
 .debug_loc     0x00001906      0x348 ..\Libraries\libBSP.a(can.o)
 .debug_loc     0x00001c4e      0x17c ..\Libraries\libBSP.a(stm32f4xx_syscfg.o)
 .debug_loc     0x00001dca      0x310 ..\Libraries\libBSP.a(stm32f4xx_gpio.o)
 .debug_loc     0x000020da      0x41c ..\Libraries\libBSP.a(stm32f4xx_fsmc.o)
 .debug_loc     0x000024f6      0x1b4 ..\Libraries\libBSP.a(stm32f4xx_exti.o)
 .debug_loc     0x000026aa       0xd4 ..\Libraries\libBSP.a(ssd1963_lld.o)
 .debug_loc     0x0000277e      0x2c2 ..\Libraries\libsGUI.a(text.o)
 .debug_loc     0x00002a40      0x900 ..\Libraries\libFreeRTOS.a(tasks.o)
 .debug_loc     0x00003340      0x620 ..\Libraries\libFreeRTOS.a(queue.o)
 .debug_loc     0x00003960      0x138 ..\Libraries\libFreeRTOS.a(heap_4.o)
 .debug_loc     0x00003a98      0x1dc ..\Libraries\libFreeRTOS.a(port.o)
 .debug_loc     0x00003c74      0x118 ..\Libraries\libFreeRTOS.a(list.o)
 .debug_loc     0x00003d8c      0x304 ..\Libraries\libFreeRTOS.a(timers.o)

.debug_aranges  0x00000000      0xbd8
 .debug_aranges
                0x00000000       0x58 src\tiny_printf.o
 .debug_aranges
                0x00000058       0xb0 src\syscalls.o
 .debug_aranges
                0x00000108       0x28 src\startup.o
 .debug_aranges
                0x00000130       0x40 src\main.o
 .debug_aranges
                0x00000170      0x1b8 ..\Libraries\libBSP.a(stm32f4xx_rcc.o)
 .debug_aranges
                0x00000328       0x40 ..\Libraries\libBSP.a(misc.o)
 .debug_aranges
                0x00000368       0x30 ..\Libraries\libBSP.a(system_stm32f4xx.o)
 .debug_aranges
                0x00000398       0x80 ..\Libraries\libBSP.a(ssd1963.o)
 .debug_aranges
                0x00000418       0x78 ..\Libraries\libBSP.a(carme.o)
 .debug_aranges
                0x00000490       0x90 ..\Libraries\libBSP.a(can.o)
 .debug_aranges
                0x00000520       0x50 ..\Libraries\libBSP.a(stm32f4xx_syscfg.o)
 .debug_aranges
                0x00000570       0x88 ..\Libraries\libBSP.a(stm32f4xx_gpio.o)
 .debug_aranges
                0x000005f8       0xb0 ..\Libraries\libBSP.a(stm32f4xx_fsmc.o)
 .debug_aranges
                0x000006a8       0x58 ..\Libraries\libBSP.a(stm32f4xx_exti.o)
 .debug_aranges
                0x00000700       0x38 ..\Libraries\libBSP.a(ssd1963_lld.o)
 .debug_aranges
                0x00000738       0x80 ..\Libraries\libsGUI.a(text.o)
 .debug_aranges
                0x000007b8       0x18 ..\Libraries\libsGUI.a(font.o)
 .debug_aranges
                0x000007d0      0x168 ..\Libraries\libFreeRTOS.a(tasks.o)
 .debug_aranges
                0x00000938       0xf8 ..\Libraries\libFreeRTOS.a(queue.o)
 .debug_aranges
                0x00000a30       0x48 ..\Libraries\libFreeRTOS.a(heap_4.o)
 .debug_aranges
                0x00000a78       0x98 ..\Libraries\libFreeRTOS.a(port.o)
 .debug_aranges
                0x00000b10       0x40 ..\Libraries\libFreeRTOS.a(list.o)
 .debug_aranges
                0x00000b50       0x88 ..\Libraries\libFreeRTOS.a(timers.o)

.debug_ranges   0x00000000      0xa68
 .debug_ranges  0x00000000       0x48 src\tiny_printf.o
 .debug_ranges  0x00000048       0xa0 src\syscalls.o
 .debug_ranges  0x000000e8       0x20 src\startup.o
 .debug_ranges  0x00000108       0x30 src\main.o
 .debug_ranges  0x00000138      0x1a8 ..\Libraries\libBSP.a(stm32f4xx_rcc.o)
 .debug_ranges  0x000002e0       0x30 ..\Libraries\libBSP.a(misc.o)
 .debug_ranges  0x00000310       0x20 ..\Libraries\libBSP.a(system_stm32f4xx.o)
 .debug_ranges  0x00000330       0x70 ..\Libraries\libBSP.a(ssd1963.o)
 .debug_ranges  0x000003a0       0x68 ..\Libraries\libBSP.a(carme.o)
 .debug_ranges  0x00000408       0x80 ..\Libraries\libBSP.a(can.o)
 .debug_ranges  0x00000488       0x40 ..\Libraries\libBSP.a(stm32f4xx_syscfg.o)
 .debug_ranges  0x000004c8       0x78 ..\Libraries\libBSP.a(stm32f4xx_gpio.o)
 .debug_ranges  0x00000540       0xa0 ..\Libraries\libBSP.a(stm32f4xx_fsmc.o)
 .debug_ranges  0x000005e0       0x48 ..\Libraries\libBSP.a(stm32f4xx_exti.o)
 .debug_ranges  0x00000628       0x28 ..\Libraries\libBSP.a(ssd1963_lld.o)
 .debug_ranges  0x00000650       0x70 ..\Libraries\libsGUI.a(text.o)
 .debug_ranges  0x000006c0      0x158 ..\Libraries\libFreeRTOS.a(tasks.o)
 .debug_ranges  0x00000818       0xe8 ..\Libraries\libFreeRTOS.a(queue.o)
 .debug_ranges  0x00000900       0x38 ..\Libraries\libFreeRTOS.a(heap_4.o)
 .debug_ranges  0x00000938       0x88 ..\Libraries\libFreeRTOS.a(port.o)
 .debug_ranges  0x000009c0       0x30 ..\Libraries\libFreeRTOS.a(list.o)
 .debug_ranges  0x000009f0       0x78 ..\Libraries\libFreeRTOS.a(timers.o)

.debug_line     0x00000000     0x4fc4
 .debug_line    0x00000000      0x341 src\tiny_printf.o
 .debug_line    0x00000341      0x353 src\syscalls.o
 .debug_line    0x00000694       0x79 src\startup.o
 .debug_line    0x0000070d      0x232 src\main.o
 .debug_line    0x0000093f      0x61d ..\Libraries\libBSP.a(stm32f4xx_rcc.o)
 .debug_line    0x00000f5c      0x21f ..\Libraries\libBSP.a(misc.o)
 .debug_line    0x0000117b      0x1f7 ..\Libraries\libBSP.a(system_stm32f4xx.o)
 .debug_line    0x00001372      0x230 ..\Libraries\libBSP.a(ssd1963.o)
 .debug_line    0x000015a2      0x5b2 ..\Libraries\libBSP.a(carme.o)
 .debug_line    0x00001b54      0x423 ..\Libraries\libBSP.a(can.o)
 .debug_line    0x00001f77      0x203 ..\Libraries\libBSP.a(stm32f4xx_syscfg.o)
 .debug_line    0x0000217a      0x31f ..\Libraries\libBSP.a(stm32f4xx_gpio.o)
 .debug_line    0x00002499      0x430 ..\Libraries\libBSP.a(stm32f4xx_fsmc.o)
 .debug_line    0x000028c9      0x276 ..\Libraries\libBSP.a(stm32f4xx_exti.o)
 .debug_line    0x00002b3f      0x241 ..\Libraries\libBSP.a(ssd1963_lld.o)
 .debug_line    0x00002d80      0x28a ..\Libraries\libsGUI.a(text.o)
 .debug_line    0x0000300a       0xf9 ..\Libraries\libsGUI.a(font.o)
 .debug_line    0x00003103      0xa59 ..\Libraries\libFreeRTOS.a(tasks.o)
 .debug_line    0x00003b5c      0x7e9 ..\Libraries\libFreeRTOS.a(queue.o)
 .debug_line    0x00004345      0x28f ..\Libraries\libFreeRTOS.a(heap_4.o)
 .debug_line    0x000045d4      0x3c1 ..\Libraries\libFreeRTOS.a(port.o)
 .debug_line    0x00004995      0x24f ..\Libraries\libFreeRTOS.a(list.o)
 .debug_line    0x00004be4      0x3e0 ..\Libraries\libFreeRTOS.a(timers.o)

.debug_str      0x00000000     0x43de
 .debug_str     0x00000000      0x519 src\tiny_printf.o
                                0x5a9 (size before relaxing)
 .debug_str     0x00000519      0x253 src\syscalls.o
                                0x3ee (size before relaxing)
 .debug_str     0x0000076c      0x350 src\main.o
                                0x4c3 (size before relaxing)
 .debug_str     0x00000abc      0x7be ..\Libraries\libBSP.a(stm32f4xx_rcc.o)
                                0x943 (size before relaxing)
 .debug_str     0x0000127a      0x1fe ..\Libraries\libBSP.a(misc.o)
                                0x387 (size before relaxing)
 .debug_str     0x00001478       0xa5 ..\Libraries\libBSP.a(system_stm32f4xx.o)
                                0x36d (size before relaxing)
 .debug_str     0x0000151d      0x142 ..\Libraries\libBSP.a(ssd1963.o)
                                0x269 (size before relaxing)
 .debug_str     0x0000165f      0x4f3 ..\Libraries\libBSP.a(carme.o)
                                0x69a (size before relaxing)
 .debug_str     0x00001b52      0x826 ..\Libraries\libBSP.a(can.o)
                                0xd34 (size before relaxing)
 .debug_str     0x00002378      0x15c ..\Libraries\libBSP.a(stm32f4xx_syscfg.o)
                                0x2c7 (size before relaxing)
 .debug_str     0x000024d4      0x137 ..\Libraries\libBSP.a(stm32f4xx_gpio.o)
                                0x451 (size before relaxing)
 .debug_str     0x0000260b      0x3c0 ..\Libraries\libBSP.a(stm32f4xx_fsmc.o)
                                0x742 (size before relaxing)
 .debug_str     0x000029cb       0xcf ..\Libraries\libBSP.a(stm32f4xx_exti.o)
                                0x30f (size before relaxing)
 .debug_str     0x00002a9a       0x7c ..\Libraries\libBSP.a(ssd1963_lld.o)
                                0x387 (size before relaxing)
 .debug_str     0x00002b16      0x159 ..\Libraries\libsGUI.a(text.o)
                                0x399 (size before relaxing)
 .debug_str     0x00002c6f      0x16b ..\Libraries\libsGUI.a(font.o)
                                0x393 (size before relaxing)
 .debug_str     0x00002dda      0x9ca ..\Libraries\libFreeRTOS.a(tasks.o)
                                0xafc (size before relaxing)
 .debug_str     0x000037a4      0x45c ..\Libraries\libFreeRTOS.a(queue.o)
                                0x6c9 (size before relaxing)
 .debug_str     0x00003c00      0x1c9 ..\Libraries\libFreeRTOS.a(heap_4.o)
                                0x2f7 (size before relaxing)
 .debug_str     0x00003dc9      0x238 ..\Libraries\libFreeRTOS.a(port.o)
                                0x3ab (size before relaxing)
 .debug_str     0x00004001       0x9c ..\Libraries\libFreeRTOS.a(list.o)
                                0x273 (size before relaxing)
 .debug_str     0x0000409d      0x341 ..\Libraries\libFreeRTOS.a(timers.o)
                                0x581 (size before relaxing)

.comment        0x00000000       0x82
 .comment       0x00000000       0x82 src\tiny_printf.o
                                 0x83 (size before relaxing)
 .comment       0x00000000       0x83 src\syscalls.o
 .comment       0x00000000       0x83 src\main.o
 .comment       0x00000000       0x83 ..\Libraries\libBSP.a(stm32f4xx_rcc.o)
 .comment       0x00000000       0x83 ..\Libraries\libBSP.a(misc.o)
 .comment       0x00000000       0x83 ..\Libraries\libBSP.a(system_stm32f4xx.o)
 .comment       0x00000000       0x83 ..\Libraries\libBSP.a(ssd1963.o)
 .comment       0x00000000       0x83 ..\Libraries\libBSP.a(carme.o)
 .comment       0x00000000       0x83 ..\Libraries\libBSP.a(can.o)
 .comment       0x00000000       0x83 ..\Libraries\libBSP.a(stm32f4xx_syscfg.o)
 .comment       0x00000000       0x83 ..\Libraries\libBSP.a(stm32f4xx_gpio.o)
 .comment       0x00000000       0x83 ..\Libraries\libBSP.a(stm32f4xx_fsmc.o)
 .comment       0x00000000       0x83 ..\Libraries\libBSP.a(stm32f4xx_exti.o)
 .comment       0x00000000       0x83 ..\Libraries\libBSP.a(ssd1963_lld.o)
 .comment       0x00000000       0x83 ..\Libraries\libsGUI.a(text.o)
 .comment       0x00000000       0x83 ..\Libraries\libsGUI.a(font.o)
 .comment       0x00000000       0x83 ..\Libraries\libFreeRTOS.a(tasks.o)
 .comment       0x00000000       0x83 ..\Libraries\libFreeRTOS.a(queue.o)
 .comment       0x00000000       0x83 ..\Libraries\libFreeRTOS.a(heap_4.o)
 .comment       0x00000000       0x83 ..\Libraries\libFreeRTOS.a(port.o)
 .comment       0x00000000       0x83 ..\Libraries\libFreeRTOS.a(list.o)
 .comment       0x00000000       0x83 ..\Libraries\libFreeRTOS.a(timers.o)

.debug_frame    0x00000000     0x25bc
 .debug_frame   0x00000000      0x134 src\tiny_printf.o
 .debug_frame   0x00000134      0x22c src\syscalls.o
 .debug_frame   0x00000360       0xb8 src\main.o
 .debug_frame   0x00000418       0x30 c:/program files (x86)/atollic/truestudio for arm pro 4.3.1/armtools/bin/../lib/gcc/arm-atollic-eabi/4.7.3/../../../../arm-atollic-eabi/lib/armv7e-m/fpu\libc_s.a(lib_a-malloc.o)
 .debug_frame   0x00000448       0x2c c:/program files (x86)/atollic/truestudio for arm pro 4.3.1/armtools/bin/../lib/gcc/arm-atollic-eabi/4.7.3/../../../../arm-atollic-eabi/lib/armv7e-m/fpu\libc_s.a(lib_a-mallocr.o)
 .debug_frame   0x00000474       0x64 c:/program files (x86)/atollic/truestudio for arm pro 4.3.1/armtools/bin/../lib/gcc/arm-atollic-eabi/4.7.3/../../../../arm-atollic-eabi/lib/armv7e-m/fpu\libc_s.a(lib_a-reent.o)
 .debug_frame   0x000004d8       0x2c c:/program files (x86)/atollic/truestudio for arm pro 4.3.1/armtools/bin/../lib/gcc/arm-atollic-eabi/4.7.3/../../../../arm-atollic-eabi/lib/armv7e-m/fpu\libc_s.a(lib_a-sbrkr.o)
 .debug_frame   0x00000504       0x2c c:/program files (x86)/atollic/truestudio for arm pro 4.3.1/armtools/bin/../lib/gcc/arm-atollic-eabi/4.7.3/../../../../arm-atollic-eabi/lib/armv7e-m/fpu\libc_s.a(lib_a-freer.o)
 .debug_frame   0x00000530      0x5b8 ..\Libraries\libBSP.a(stm32f4xx_rcc.o)
 .debug_frame   0x00000ae8       0x9c ..\Libraries\libBSP.a(misc.o)
 .debug_frame   0x00000b84       0x64 ..\Libraries\libBSP.a(system_stm32f4xx.o)
 .debug_frame   0x00000be8      0x19c ..\Libraries\libBSP.a(ssd1963.o)
 .debug_frame   0x00000d84      0x178 ..\Libraries\libBSP.a(carme.o)
 .debug_frame   0x00000efc      0x1e0 ..\Libraries\libBSP.a(can.o)
 .debug_frame   0x000010dc       0xd8 ..\Libraries\libBSP.a(stm32f4xx_syscfg.o)
 .debug_frame   0x000011b4      0x19c ..\Libraries\libBSP.a(stm32f4xx_gpio.o)
 .debug_frame   0x00001350      0x220 ..\Libraries\libBSP.a(stm32f4xx_fsmc.o)
 .debug_frame   0x00001570       0xec ..\Libraries\libBSP.a(stm32f4xx_exti.o)
 .debug_frame   0x0000165c       0x80 ..\Libraries\libBSP.a(ssd1963_lld.o)
 .debug_frame   0x000016dc      0x1a4 ..\Libraries\libsGUI.a(text.o)
 .debug_frame   0x00001880      0x520 ..\Libraries\libFreeRTOS.a(tasks.o)
 .debug_frame   0x00001da0      0x37c ..\Libraries\libFreeRTOS.a(queue.o)
 .debug_frame   0x0000211c       0xbc ..\Libraries\libFreeRTOS.a(heap_4.o)
 .debug_frame   0x000021d8      0x184 ..\Libraries\libFreeRTOS.a(port.o)
 .debug_frame   0x0000235c       0x9c ..\Libraries\libFreeRTOS.a(list.o)
 .debug_frame   0x000023f8      0x1c4 ..\Libraries\libFreeRTOS.a(timers.o)

Cross Reference Table

Symbol                                            File
ADC_IRQHandler                                    src\startup.o
AHBPrescTable                                     ..\Libraries\libBSP.a(system_stm32f4xx.o)
BackColor                                         ..\Libraries\libsGUI.a(text.o)
BusFault_Handler                                  src\startup.o
CAN1_RX0_IRQHandler                               src\startup.o
CAN1_RX1_IRQHandler                               src\startup.o
CAN1_SCE_IRQHandler                               src\startup.o
CAN1_TX_IRQHandler                                src\startup.o
CAN2_RX0_IRQHandler                               src\startup.o
CAN2_RX1_IRQHandler                               src\startup.o
CAN2_SCE_IRQHandler                               src\startup.o
CAN2_TX_IRQHandler                                src\startup.o
CARME_AGPIO_Get                                   ..\Libraries\libBSP.a(carme.o)
CARME_AGPIO_Set                                   ..\Libraries\libBSP.a(carme.o)
CARME_CAN_GetAcceptaceFilter                      ..\Libraries\libBSP.a(can.o)
CARME_CAN_Init                                    ..\Libraries\libBSP.a(can.o)
CARME_CAN_InitI                                   ..\Libraries\libBSP.a(can.o)
                                                  src\main.o
CARME_CAN_Read                                    ..\Libraries\libBSP.a(can.o)
                                                  src\main.o
CARME_CAN_RegisterIRQCallback                     ..\Libraries\libBSP.a(can.o)
                                                  src\main.o
CARME_CAN_SetAcceptaceFilter                      ..\Libraries\libBSP.a(can.o)
CARME_CAN_SetBaudrate                             ..\Libraries\libBSP.a(can.o)
CARME_CAN_SetMode                                 ..\Libraries\libBSP.a(can.o)
                                                  src\main.o
CARME_CAN_UnregisterIRQCallback                   ..\Libraries\libBSP.a(can.o)
CARME_CAN_Write                                   ..\Libraries\libBSP.a(can.o)
                                                  src\main.o
CARME_GPIO_Init                                   ..\Libraries\libBSP.a(carme.o)
                                                  ..\Libraries\libBSP.a(ssd1963_lld.o)
CARME_Init                                        ..\Libraries\libBSP.a(carme.o)
                                                  src\startup.o
CARME_LED_Green_Reset                             ..\Libraries\libBSP.a(carme.o)
CARME_LED_Green_Set                               ..\Libraries\libBSP.a(carme.o)
CARME_LED_Red_Reset                               ..\Libraries\libBSP.a(carme.o)
                                                  src\startup.o
CARME_LED_Red_Set                                 ..\Libraries\libBSP.a(carme.o)
                                                  src\startup.o
CRYP_IRQHandler                                   src\startup.o
CurrentFont                                       ..\Libraries\libsGUI.a(text.o)
DCMI_IRQHandler                                   src\startup.o
DMA1_Stream0_IRQHandler                           src\startup.o
DMA1_Stream1_IRQHandler                           src\startup.o
DMA1_Stream2_IRQHandler                           src\startup.o
DMA1_Stream3_IRQHandler                           src\startup.o
DMA1_Stream4_IRQHandler                           src\startup.o
DMA1_Stream5_IRQHandler                           src\startup.o
DMA1_Stream6_IRQHandler                           src\startup.o
DMA1_Stream7_IRQHandler                           src\startup.o
DMA2_Stream0_IRQHandler                           src\startup.o
DMA2_Stream1_IRQHandler                           src\startup.o
DMA2_Stream2_IRQHandler                           src\startup.o
DMA2_Stream3_IRQHandler                           src\startup.o
DMA2_Stream4_IRQHandler                           src\startup.o
DMA2_Stream5_IRQHandler                           src\startup.o
DMA2_Stream6_IRQHandler                           src\startup.o
DMA2_Stream7_IRQHandler                           src\startup.o
DebugMon_Handler                                  src\startup.o
Default_Handler                                   src\startup.o
ETH_IRQHandler                                    src\startup.o
ETH_WKUP_IRQHandler                               src\startup.o
EXTI0_IRQHandler                                  src\startup.o
EXTI15_10_IRQHandler                              src\startup.o
EXTI1_IRQHandler                                  src\startup.o
EXTI2_IRQHandler                                  src\startup.o
EXTI3_IRQHandler                                  src\startup.o
EXTI4_IRQHandler                                  src\startup.o
EXTI9_5_IRQHandler                                ..\Libraries\libBSP.a(can.o)
                                                  src\startup.o
EXTI_ClearFlag                                    ..\Libraries\libBSP.a(stm32f4xx_exti.o)
EXTI_ClearITPendingBit                            ..\Libraries\libBSP.a(stm32f4xx_exti.o)
                                                  ..\Libraries\libBSP.a(can.o)
EXTI_DeInit                                       ..\Libraries\libBSP.a(stm32f4xx_exti.o)
EXTI_GenerateSWInterrupt                          ..\Libraries\libBSP.a(stm32f4xx_exti.o)
EXTI_GetFlagStatus                                ..\Libraries\libBSP.a(stm32f4xx_exti.o)
EXTI_GetITStatus                                  ..\Libraries\libBSP.a(stm32f4xx_exti.o)
                                                  ..\Libraries\libBSP.a(can.o)
EXTI_Init                                         ..\Libraries\libBSP.a(stm32f4xx_exti.o)
                                                  ..\Libraries\libBSP.a(can.o)
EXTI_StructInit                                   ..\Libraries\libBSP.a(stm32f4xx_exti.o)
FLASH_IRQHandler                                  src\startup.o
FPU_IRQHandler                                    src\startup.o
FSMC_ClearFlag                                    ..\Libraries\libBSP.a(stm32f4xx_fsmc.o)
FSMC_ClearITPendingBit                            ..\Libraries\libBSP.a(stm32f4xx_fsmc.o)
FSMC_GetECC                                       ..\Libraries\libBSP.a(stm32f4xx_fsmc.o)
FSMC_GetFlagStatus                                ..\Libraries\libBSP.a(stm32f4xx_fsmc.o)
FSMC_GetITStatus                                  ..\Libraries\libBSP.a(stm32f4xx_fsmc.o)
FSMC_IRQHandler                                   src\startup.o
FSMC_ITConfig                                     ..\Libraries\libBSP.a(stm32f4xx_fsmc.o)
FSMC_NANDCmd                                      ..\Libraries\libBSP.a(stm32f4xx_fsmc.o)
FSMC_NANDDeInit                                   ..\Libraries\libBSP.a(stm32f4xx_fsmc.o)
FSMC_NANDECCCmd                                   ..\Libraries\libBSP.a(stm32f4xx_fsmc.o)
FSMC_NANDInit                                     ..\Libraries\libBSP.a(stm32f4xx_fsmc.o)
FSMC_NANDStructInit                               ..\Libraries\libBSP.a(stm32f4xx_fsmc.o)
FSMC_NORSRAMCmd                                   ..\Libraries\libBSP.a(stm32f4xx_fsmc.o)
                                                  ..\Libraries\libBSP.a(carme.o)
FSMC_NORSRAMDeInit                                ..\Libraries\libBSP.a(stm32f4xx_fsmc.o)
                                                  ..\Libraries\libBSP.a(carme.o)
FSMC_NORSRAMInit                                  ..\Libraries\libBSP.a(stm32f4xx_fsmc.o)
                                                  ..\Libraries\libBSP.a(carme.o)
FSMC_NORSRAMStructInit                            ..\Libraries\libBSP.a(stm32f4xx_fsmc.o)
FSMC_PCCARDCmd                                    ..\Libraries\libBSP.a(stm32f4xx_fsmc.o)
FSMC_PCCARDDeInit                                 ..\Libraries\libBSP.a(stm32f4xx_fsmc.o)
FSMC_PCCARDInit                                   ..\Libraries\libBSP.a(stm32f4xx_fsmc.o)
FSMC_PCCARDStructInit                             ..\Libraries\libBSP.a(stm32f4xx_fsmc.o)
GPIO_DeInit                                       ..\Libraries\libBSP.a(stm32f4xx_gpio.o)
                                                  ..\Libraries\libBSP.a(carme.o)
GPIO_Init                                         ..\Libraries\libBSP.a(stm32f4xx_gpio.o)
                                                  ..\Libraries\libBSP.a(can.o)
                                                  ..\Libraries\libBSP.a(carme.o)
GPIO_PinAFConfig                                  ..\Libraries\libBSP.a(stm32f4xx_gpio.o)
                                                  ..\Libraries\libBSP.a(carme.o)
GPIO_PinLockConfig                                ..\Libraries\libBSP.a(stm32f4xx_gpio.o)
GPIO_ReadInputData                                ..\Libraries\libBSP.a(stm32f4xx_gpio.o)
GPIO_ReadInputDataBit                             ..\Libraries\libBSP.a(stm32f4xx_gpio.o)
                                                  ..\Libraries\libBSP.a(carme.o)
GPIO_ReadOutputData                               ..\Libraries\libBSP.a(stm32f4xx_gpio.o)
GPIO_ReadOutputDataBit                            ..\Libraries\libBSP.a(stm32f4xx_gpio.o)
                                                  ..\Libraries\libBSP.a(carme.o)
GPIO_ResetBits                                    ..\Libraries\libBSP.a(stm32f4xx_gpio.o)
GPIO_SetBits                                      ..\Libraries\libBSP.a(stm32f4xx_gpio.o)
GPIO_StructInit                                   ..\Libraries\libBSP.a(stm32f4xx_gpio.o)
                                                  ..\Libraries\libBSP.a(can.o)
                                                  ..\Libraries\libBSP.a(carme.o)
GPIO_ToggleBits                                   ..\Libraries\libBSP.a(stm32f4xx_gpio.o)
GPIO_Write                                        ..\Libraries\libBSP.a(stm32f4xx_gpio.o)
GPIO_WriteBit                                     ..\Libraries\libBSP.a(stm32f4xx_gpio.o)
                                                  ..\Libraries\libBSP.a(ssd1963_lld.o)
                                                  ..\Libraries\libBSP.a(carme.o)
HASH_RNG_IRQHandler                               src\startup.o
HardFault_Handler                                 src\startup.o
I2C1_ER_IRQHandler                                src\startup.o
I2C1_EV_IRQHandler                                src\startup.o
I2C2_ER_IRQHandler                                src\startup.o
I2C2_EV_IRQHandler                                src\startup.o
I2C3_ER_IRQHandler                                src\startup.o
I2C3_EV_IRQHandler                                src\startup.o
LCD_ClearLine                                     ..\Libraries\libsGUI.a(text.o)
LCD_DisplayCharLine                               ..\Libraries\libsGUI.a(text.o)
LCD_DisplayCharXY                                 ..\Libraries\libsGUI.a(text.o)
LCD_DisplayStringCenterLine                       ..\Libraries\libsGUI.a(text.o)
LCD_DisplayStringLine                             ..\Libraries\libsGUI.a(text.o)
LCD_DisplayStringXY                               ..\Libraries\libsGUI.a(text.o)
                                                  src\main.o
LCD_DrawCircle                                    ..\Libraries\libsGUI.a(geometry.o)
LCD_DrawLine                                      ..\Libraries\libsGUI.a(geometry.o)
LCD_DrawRect                                      ..\Libraries\libsGUI.a(geometry.o)
LCD_DrawRectF                                     ..\Libraries\libsGUI.a(geometry.o)
                                                  ..\Libraries\libsGUI.a(text.o)
LCD_GetFont                                       ..\Libraries\libsGUI.a(text.o)
LCD_GetLineCount                                  ..\Libraries\libsGUI.a(text.o)
LCD_SetBackColor                                  ..\Libraries\libsGUI.a(text.o)
LCD_SetFont                                       ..\Libraries\libsGUI.a(text.o)
                                                  src\main.o
LCD_SetTextColor                                  ..\Libraries\libsGUI.a(text.o)
MemManage_Handler                                 src\startup.o
Muxtex_Can_Tx                                     src\main.o
Muxtex_Display                                    src\main.o
NMI_Handler                                       src\startup.o
NVIC_Init                                         ..\Libraries\libBSP.a(misc.o)
                                                  ..\Libraries\libBSP.a(can.o)
NVIC_PriorityGroupConfig                          ..\Libraries\libBSP.a(misc.o)
                                                  src\main.o
NVIC_SetVectorTable                               ..\Libraries\libBSP.a(misc.o)
NVIC_SystemLPConfig                               ..\Libraries\libBSP.a(misc.o)
OTG_FS_IRQHandler                                 src\startup.o
OTG_FS_WKUP_IRQHandler                            src\startup.o
OTG_HS_EP1_IN_IRQHandler                          src\startup.o
OTG_HS_EP1_OUT_IRQHandler                         src\startup.o
OTG_HS_IRQHandler                                 src\startup.o
OTG_HS_WKUP_IRQHandler                            src\startup.o
PVD_IRQHandler                                    src\startup.o
PendSV_Handler                                    ..\Libraries\libFreeRTOS.a(port.o)
                                                  src\startup.o
Queue_Can_Rx                                      src\main.o
RCC_AHB1PeriphClockCmd                            ..\Libraries\libBSP.a(stm32f4xx_rcc.o)
                                                  ..\Libraries\libBSP.a(carme.o)
RCC_AHB1PeriphClockLPModeCmd                      ..\Libraries\libBSP.a(stm32f4xx_rcc.o)
RCC_AHB1PeriphResetCmd                            ..\Libraries\libBSP.a(stm32f4xx_rcc.o)
                                                  ..\Libraries\libBSP.a(stm32f4xx_gpio.o)
RCC_AHB2PeriphClockCmd                            ..\Libraries\libBSP.a(stm32f4xx_rcc.o)
RCC_AHB2PeriphClockLPModeCmd                      ..\Libraries\libBSP.a(stm32f4xx_rcc.o)
RCC_AHB2PeriphResetCmd                            ..\Libraries\libBSP.a(stm32f4xx_rcc.o)
RCC_AHB3PeriphClockCmd                            ..\Libraries\libBSP.a(stm32f4xx_rcc.o)
                                                  ..\Libraries\libBSP.a(carme.o)
RCC_AHB3PeriphClockLPModeCmd                      ..\Libraries\libBSP.a(stm32f4xx_rcc.o)
RCC_AHB3PeriphResetCmd                            ..\Libraries\libBSP.a(stm32f4xx_rcc.o)
RCC_APB1PeriphClockCmd                            ..\Libraries\libBSP.a(stm32f4xx_rcc.o)
RCC_APB1PeriphClockLPModeCmd                      ..\Libraries\libBSP.a(stm32f4xx_rcc.o)
RCC_APB1PeriphResetCmd                            ..\Libraries\libBSP.a(stm32f4xx_rcc.o)
                                                  ..\Libraries\libBSP.a(stm32f4xx_usart.o)
RCC_APB2PeriphClockCmd                            ..\Libraries\libBSP.a(stm32f4xx_rcc.o)
                                                  ..\Libraries\libBSP.a(carme.o)
RCC_APB2PeriphClockLPModeCmd                      ..\Libraries\libBSP.a(stm32f4xx_rcc.o)
RCC_APB2PeriphResetCmd                            ..\Libraries\libBSP.a(stm32f4xx_rcc.o)
                                                  ..\Libraries\libBSP.a(stm32f4xx_syscfg.o)
                                                  ..\Libraries\libBSP.a(stm32f4xx_usart.o)
RCC_AdjustHSICalibrationValue                     ..\Libraries\libBSP.a(stm32f4xx_rcc.o)
RCC_BackupResetCmd                                ..\Libraries\libBSP.a(stm32f4xx_rcc.o)
RCC_ClearFlag                                     ..\Libraries\libBSP.a(stm32f4xx_rcc.o)
RCC_ClearITPendingBit                             ..\Libraries\libBSP.a(stm32f4xx_rcc.o)
RCC_ClockSecuritySystemCmd                        ..\Libraries\libBSP.a(stm32f4xx_rcc.o)
RCC_DeInit                                        ..\Libraries\libBSP.a(stm32f4xx_rcc.o)
RCC_GetClocksFreq                                 ..\Libraries\libBSP.a(stm32f4xx_rcc.o)
                                                  ..\Libraries\libBSP.a(stm32f4xx_usart.o)
RCC_GetFlagStatus                                 ..\Libraries\libBSP.a(stm32f4xx_rcc.o)
RCC_GetITStatus                                   ..\Libraries\libBSP.a(stm32f4xx_rcc.o)
RCC_GetSYSCLKSource                               ..\Libraries\libBSP.a(stm32f4xx_rcc.o)
RCC_HCLKConfig                                    ..\Libraries\libBSP.a(stm32f4xx_rcc.o)
RCC_HSEConfig                                     ..\Libraries\libBSP.a(stm32f4xx_rcc.o)
RCC_HSICmd                                        ..\Libraries\libBSP.a(stm32f4xx_rcc.o)
RCC_I2SCLKConfig                                  ..\Libraries\libBSP.a(stm32f4xx_rcc.o)
RCC_IRQHandler                                    src\startup.o
RCC_ITConfig                                      ..\Libraries\libBSP.a(stm32f4xx_rcc.o)
RCC_LSEConfig                                     ..\Libraries\libBSP.a(stm32f4xx_rcc.o)
RCC_LSICmd                                        ..\Libraries\libBSP.a(stm32f4xx_rcc.o)
RCC_LTDCCLKDivConfig                              ..\Libraries\libBSP.a(stm32f4xx_rcc.o)
RCC_MCO1Config                                    ..\Libraries\libBSP.a(stm32f4xx_rcc.o)
RCC_MCO2Config                                    ..\Libraries\libBSP.a(stm32f4xx_rcc.o)
RCC_PCLK1Config                                   ..\Libraries\libBSP.a(stm32f4xx_rcc.o)
RCC_PCLK2Config                                   ..\Libraries\libBSP.a(stm32f4xx_rcc.o)
RCC_PLLCmd                                        ..\Libraries\libBSP.a(stm32f4xx_rcc.o)
RCC_PLLConfig                                     ..\Libraries\libBSP.a(stm32f4xx_rcc.o)
RCC_PLLI2SCmd                                     ..\Libraries\libBSP.a(stm32f4xx_rcc.o)
RCC_PLLI2SConfig                                  ..\Libraries\libBSP.a(stm32f4xx_rcc.o)
RCC_PLLSAICmd                                     ..\Libraries\libBSP.a(stm32f4xx_rcc.o)
RCC_PLLSAIConfig                                  ..\Libraries\libBSP.a(stm32f4xx_rcc.o)
RCC_RTCCLKCmd                                     ..\Libraries\libBSP.a(stm32f4xx_rcc.o)
RCC_RTCCLKConfig                                  ..\Libraries\libBSP.a(stm32f4xx_rcc.o)
RCC_SAIBlockACLKConfig                            ..\Libraries\libBSP.a(stm32f4xx_rcc.o)
RCC_SAIBlockBCLKConfig                            ..\Libraries\libBSP.a(stm32f4xx_rcc.o)
RCC_SAIPLLI2SClkDivConfig                         ..\Libraries\libBSP.a(stm32f4xx_rcc.o)
RCC_SAIPLLSAIClkDivConfig                         ..\Libraries\libBSP.a(stm32f4xx_rcc.o)
RCC_SYSCLKConfig                                  ..\Libraries\libBSP.a(stm32f4xx_rcc.o)
RCC_TIMCLKPresConfig                              ..\Libraries\libBSP.a(stm32f4xx_rcc.o)
RCC_WaitForHSEStartUp                             ..\Libraries\libBSP.a(stm32f4xx_rcc.o)
RTC_Alarm_IRQHandler                              src\startup.o
RTC_WKUP_IRQHandler                               src\startup.o
Reset_Handler                                     src\startup.o
SDIO_IRQHandler                                   src\startup.o
SPI1_IRQHandler                                   src\startup.o
SPI2_IRQHandler                                   src\startup.o
SPI3_IRQHandler                                   src\startup.o
SSD1963_DisplayOff                                ..\Libraries\libBSP.a(ssd1963.o)
SSD1963_DisplayOn                                 ..\Libraries\libBSP.a(ssd1963.o)
SSD1963_EnterSleepMode                            ..\Libraries\libBSP.a(ssd1963.o)
SSD1963_ExitSleepMode                             ..\Libraries\libBSP.a(ssd1963.o)
SSD1963_FillArea                                  ..\Libraries\libBSP.a(ssd1963.o)
                                                  ..\Libraries\libsGUI.a(geometry.o)
SSD1963_GetDeviceDescriptorBlock                  ..\Libraries\libBSP.a(ssd1963.o)
SSD1963_Init                                      ..\Libraries\libBSP.a(ssd1963.o)
                                                  src\main.o
SSD1963_LLD_Init                                  ..\Libraries\libBSP.a(ssd1963_lld.o)
                                                  ..\Libraries\libBSP.a(ssd1963.o)
SSD1963_ReadData                                  ..\Libraries\libBSP.a(ssd1963_lld.o)
                                                  ..\Libraries\libBSP.a(ssd1963.o)
SSD1963_ReadPixel                                 ..\Libraries\libBSP.a(ssd1963.o)
SSD1963_SetArea                                   ..\Libraries\libBSP.a(ssd1963.o)
SSD1963_SetTearingCfg                             ..\Libraries\libBSP.a(ssd1963.o)
SSD1963_WriteArea                                 ..\Libraries\libBSP.a(ssd1963.o)
                                                  ..\Libraries\libsGUI.a(text.o)
SSD1963_WriteCommand                              ..\Libraries\libBSP.a(ssd1963_lld.o)
                                                  ..\Libraries\libBSP.a(ssd1963.o)
SSD1963_WriteData                                 ..\Libraries\libBSP.a(ssd1963_lld.o)
                                                  ..\Libraries\libBSP.a(ssd1963.o)
SSD1963_WritePixel                                ..\Libraries\libBSP.a(ssd1963.o)
                                                  ..\Libraries\libsGUI.a(geometry.o)
SVC_Handler                                       ..\Libraries\libFreeRTOS.a(port.o)
                                                  src\startup.o
SYSCFG_CompensationCellCmd                        ..\Libraries\libBSP.a(stm32f4xx_syscfg.o)
SYSCFG_DeInit                                     ..\Libraries\libBSP.a(stm32f4xx_syscfg.o)
SYSCFG_ETH_MediaInterfaceConfig                   ..\Libraries\libBSP.a(stm32f4xx_syscfg.o)
SYSCFG_EXTILineConfig                             ..\Libraries\libBSP.a(stm32f4xx_syscfg.o)
                                                  ..\Libraries\libBSP.a(can.o)
SYSCFG_GetCompensationCellStatus                  ..\Libraries\libBSP.a(stm32f4xx_syscfg.o)
SYSCFG_MemoryRemapConfig                          ..\Libraries\libBSP.a(stm32f4xx_syscfg.o)
SYSCFG_MemorySwappingBank                         ..\Libraries\libBSP.a(stm32f4xx_syscfg.o)
SysTick_CLKSourceConfig                           ..\Libraries\libBSP.a(misc.o)
SysTick_Handler                                   ..\Libraries\libFreeRTOS.a(port.o)
                                                  src\startup.o
SystemCoreClock                                   ..\Libraries\libBSP.a(system_stm32f4xx.o)
                                                  ..\Libraries\libFreeRTOS.a(port.o)
SystemCoreClockUpdate                             ..\Libraries\libBSP.a(system_stm32f4xx.o)
SystemInit                                        ..\Libraries\libBSP.a(system_stm32f4xx.o)
                                                  src\startup.o
TAMP_STAMP_IRQHandler                             src\startup.o
TIM1_BRK_TIM9_IRQHandler                          src\startup.o
TIM1_CC_IRQHandler                                src\startup.o
TIM1_TRG_COM_TIM11_IRQHandler                     src\startup.o
TIM1_UP_TIM10_IRQHandler                          src\startup.o
TIM2_IRQHandler                                   src\startup.o
TIM3_IRQHandler                                   src\startup.o
TIM4_IRQHandler                                   src\startup.o
TIM5_IRQHandler                                   src\startup.o
TIM6_DAC_IRQHandler                               src\startup.o
TIM7_IRQHandler                                   src\startup.o
TIM8_BRK_TIM12_IRQHandler                         src\startup.o
TIM8_CC_IRQHandler                                src\startup.o
TIM8_TRG_COM_TIM14_IRQHandler                     src\startup.o
TIM8_UP_TIM13_IRQHandler                          src\startup.o
TextColor                                         ..\Libraries\libsGUI.a(text.o)
UART4_IRQHandler                                  src\startup.o
UART5_IRQHandler                                  src\startup.o
USART1_IRQHandler                                 src\startup.o
USART2_IRQHandler                                 src\startup.o
USART3_IRQHandler                                 src\startup.o
USART6_IRQHandler                                 src\startup.o
USART_ClearFlag                                   ..\Libraries\libBSP.a(stm32f4xx_usart.o)
USART_ClearITPendingBit                           ..\Libraries\libBSP.a(stm32f4xx_usart.o)
USART_ClockInit                                   ..\Libraries\libBSP.a(stm32f4xx_usart.o)
USART_ClockStructInit                             ..\Libraries\libBSP.a(stm32f4xx_usart.o)
USART_Cmd                                         ..\Libraries\libBSP.a(stm32f4xx_usart.o)
USART_DMACmd                                      ..\Libraries\libBSP.a(stm32f4xx_usart.o)
USART_DeInit                                      ..\Libraries\libBSP.a(stm32f4xx_usart.o)
USART_GetFlagStatus                               ..\Libraries\libBSP.a(stm32f4xx_usart.o)
                                                  src\syscalls.o
USART_GetITStatus                                 ..\Libraries\libBSP.a(stm32f4xx_usart.o)
USART_HalfDuplexCmd                               ..\Libraries\libBSP.a(stm32f4xx_usart.o)
USART_ITConfig                                    ..\Libraries\libBSP.a(stm32f4xx_usart.o)
USART_Init                                        ..\Libraries\libBSP.a(stm32f4xx_usart.o)
USART_IrDACmd                                     ..\Libraries\libBSP.a(stm32f4xx_usart.o)
USART_IrDAConfig                                  ..\Libraries\libBSP.a(stm32f4xx_usart.o)
USART_LINBreakDetectLengthConfig                  ..\Libraries\libBSP.a(stm32f4xx_usart.o)
USART_LINCmd                                      ..\Libraries\libBSP.a(stm32f4xx_usart.o)
USART_OneBitMethodCmd                             ..\Libraries\libBSP.a(stm32f4xx_usart.o)
USART_OverSampling8Cmd                            ..\Libraries\libBSP.a(stm32f4xx_usart.o)
USART_ReceiveData                                 ..\Libraries\libBSP.a(stm32f4xx_usart.o)
                                                  src\syscalls.o
USART_ReceiverWakeUpCmd                           ..\Libraries\libBSP.a(stm32f4xx_usart.o)
USART_SendBreak                                   ..\Libraries\libBSP.a(stm32f4xx_usart.o)
USART_SendData                                    ..\Libraries\libBSP.a(stm32f4xx_usart.o)
                                                  src\syscalls.o
USART_SetAddress                                  ..\Libraries\libBSP.a(stm32f4xx_usart.o)
USART_SetGuardTime                                ..\Libraries\libBSP.a(stm32f4xx_usart.o)
USART_SetPrescaler                                ..\Libraries\libBSP.a(stm32f4xx_usart.o)
USART_SmartCardCmd                                ..\Libraries\libBSP.a(stm32f4xx_usart.o)
USART_SmartCardNACKCmd                            ..\Libraries\libBSP.a(stm32f4xx_usart.o)
USART_StructInit                                  ..\Libraries\libBSP.a(stm32f4xx_usart.o)
USART_WakeUpConfig                                ..\Libraries\libBSP.a(stm32f4xx_usart.o)
UsageFault_Handler                                src\startup.o
WWDG_IRQHandler                                   src\startup.o
_Jv_RegisterClasses                               c:/program files (x86)/atollic/truestudio for arm pro 4.3.1/armtools/bin/../lib/gcc/arm-atollic-eabi/4.7.3/armv7e-m/fpu/crtbegin.o
_Min_Heap_Size                                    src\syscalls.o
__aeabi_idiv0                                     c:/program files (x86)/atollic/truestudio for arm pro 4.3.1/armtools/bin/../lib/gcc/arm-atollic-eabi/4.7.3/armv7e-m/fpu\libgcc.a(_dvmd_tls.o)
__aeabi_ldiv0                                     c:/program files (x86)/atollic/truestudio for arm pro 4.3.1/armtools/bin/../lib/gcc/arm-atollic-eabi/4.7.3/armv7e-m/fpu\libgcc.a(_dvmd_tls.o)
                                                  c:/program files (x86)/atollic/truestudio for arm pro 4.3.1/armtools/bin/../lib/gcc/arm-atollic-eabi/4.7.3/armv7e-m/fpu\libgcc.a(_aeabi_uldivmod.o)
__aeabi_uldivmod                                  c:/program files (x86)/atollic/truestudio for arm pro 4.3.1/armtools/bin/../lib/gcc/arm-atollic-eabi/4.7.3/armv7e-m/fpu\libgcc.a(_aeabi_uldivmod.o)
                                                  ..\Libraries\libsGUI.a(geometry.o)
                                                  ..\Libraries\libsGUI.a(text.o)
__deregister_frame_info                           c:/program files (x86)/atollic/truestudio for arm pro 4.3.1/armtools/bin/../lib/gcc/arm-atollic-eabi/4.7.3/armv7e-m/fpu/crtbegin.o
__divdi3                                          c:/program files (x86)/atollic/truestudio for arm pro 4.3.1/armtools/bin/../lib/gcc/arm-atollic-eabi/4.7.3/armv7e-m/fpu\libgcc.a(_divdi3.o)
                                                  c:/program files (x86)/atollic/truestudio for arm pro 4.3.1/armtools/bin/../lib/gcc/arm-atollic-eabi/4.7.3/armv7e-m/fpu\libgcc.a(bpabi.o)
__dso_handle                                      c:/program files (x86)/atollic/truestudio for arm pro 4.3.1/armtools/bin/../lib/gcc/arm-atollic-eabi/4.7.3/armv7e-m/fpu/crtbegin.o
__env                                             src\syscalls.o
__gnu_ldivmod_helper                              c:/program files (x86)/atollic/truestudio for arm pro 4.3.1/armtools/bin/../lib/gcc/arm-atollic-eabi/4.7.3/armv7e-m/fpu\libgcc.a(bpabi.o)
__gnu_uldivmod_helper                             c:/program files (x86)/atollic/truestudio for arm pro 4.3.1/armtools/bin/../lib/gcc/arm-atollic-eabi/4.7.3/armv7e-m/fpu\libgcc.a(bpabi.o)
                                                  c:/program files (x86)/atollic/truestudio for arm pro 4.3.1/armtools/bin/../lib/gcc/arm-atollic-eabi/4.7.3/armv7e-m/fpu\libgcc.a(_aeabi_uldivmod.o)
__malloc_free_list                                c:/program files (x86)/atollic/truestudio for arm pro 4.3.1/armtools/bin/../lib/gcc/arm-atollic-eabi/4.7.3/../../../../arm-atollic-eabi/lib/armv7e-m/fpu\libc_s.a(lib_a-mallocr.o)
                                                  c:/program files (x86)/atollic/truestudio for arm pro 4.3.1/armtools/bin/../lib/gcc/arm-atollic-eabi/4.7.3/../../../../arm-atollic-eabi/lib/armv7e-m/fpu\libc_s.a(lib_a-freer.o)
__register_frame_info                             c:/program files (x86)/atollic/truestudio for arm pro 4.3.1/armtools/bin/../lib/gcc/arm-atollic-eabi/4.7.3/armv7e-m/fpu/crtbegin.o