Archive member included because of file (symbol)

c:/program files (x86)/atollic/truestudio for arm pro 4.3.1/armtools/bin/../lib/gcc/arm-atollic-eabi/4.7.3/../../../../arm-atollic-eabi/lib/armv7e-m/fpu\libc_s.a(lib_a-memset.o)
                              src\com.o (memset)
c:/program files (x86)/atollic/truestudio for arm pro 4.3.1/armtools/bin/../lib/gcc/arm-atollic-eabi/4.7.3/../../../../arm-atollic-eabi/lib/armv7e-m/fpu\libc_s.a(lib_a-reent.o)
                              src\syscalls.o (errno)
c:/program files (x86)/atollic/truestudio for arm pro 4.3.1/armtools/bin/../lib/gcc/arm-atollic-eabi/4.7.3/../../../../arm-atollic-eabi/lib/armv7e-m/fpu\libc_s.a(lib_a-strlen.o)
                              src\tiny_printf.o (strlen)
c:/program files (x86)/atollic/truestudio for arm pro 4.3.1/armtools/bin/../lib/gcc/arm-atollic-eabi/4.7.3/../../../../arm-atollic-eabi/lib/armv7e-m/fpu\libc_s.a(lib_a-freer.o)
                              c:/program files (x86)/atollic/truestudio for arm pro 4.3.1/armtools/bin/../lib/gcc/arm-atollic-eabi/4.7.3/../../../../arm-atollic-eabi/lib/armv7e-m/fpu\libc_s.a(lib_a-reent.o) (_free_r)
c:/program files (x86)/atollic/truestudio for arm pro 4.3.1/armtools/bin/../lib/gcc/arm-atollic-eabi/4.7.3/../../../../arm-atollic-eabi/lib/armv7e-m/fpu\libc_s.a(lib_a-impure.o)
                              c:/program files (x86)/atollic/truestudio for arm pro 4.3.1/armtools/bin/../lib/gcc/arm-atollic-eabi/4.7.3/../../../../arm-atollic-eabi/lib/armv7e-m/fpu\libc_s.a(lib_a-reent.o) (_impure_ptr)
c:/program files (x86)/atollic/truestudio for arm pro 4.3.1/armtools/bin/../lib/gcc/arm-atollic-eabi/4.7.3/../../../../arm-atollic-eabi/lib/armv7e-m/fpu\libc_s.a(lib_a-mallocr.o)
                              c:/program files (x86)/atollic/truestudio for arm pro 4.3.1/armtools/bin/../lib/gcc/arm-atollic-eabi/4.7.3/../../../../arm-atollic-eabi/lib/armv7e-m/fpu\libc_s.a(lib_a-freer.o) (__malloc_free_list)
c:/program files (x86)/atollic/truestudio for arm pro 4.3.1/armtools/bin/../lib/gcc/arm-atollic-eabi/4.7.3/../../../../arm-atollic-eabi/lib/armv7e-m/fpu\libc_s.a(lib_a-sbrkr.o)
                              c:/program files (x86)/atollic/truestudio for arm pro 4.3.1/armtools/bin/../lib/gcc/arm-atollic-eabi/4.7.3/../../../../arm-atollic-eabi/lib/armv7e-m/fpu\libc_s.a(lib_a-mallocr.o) (_sbrk_r)
..\Libraries\libBSP.a(stm32f4xx_usart.o)
                              src\syscalls.o (USART_SendData)
..\Libraries\libBSP.a(stm32f4xx_rcc.o)
                              ..\Libraries\libBSP.a(stm32f4xx_usart.o) (RCC_GetClocksFreq)
..\Libraries\libBSP.a(misc.o)
                              src\main.o (NVIC_PriorityGroupConfig)
..\Libraries\libBSP.a(system_stm32f4xx.o)
                              src\startup.o (SystemInit)
..\Libraries\libBSP.a(carme_io2.o)
                              src\main.o (CARME_IO2_Init)
..\Libraries\libBSP.a(carme_io1.o)
                              src\main.o (CARME_IO1_Init)
..\Libraries\libBSP.a(carme.o)
                              src\startup.o (CARME_Init)
..\Libraries\libBSP.a(can.o)  src\main.o (CARME_CAN_Init)
..\Libraries\libBSP.a(stm32f4xx_tim.o)
                              ..\Libraries\libBSP.a(carme_io2.o) (TIM_DeInit)
..\Libraries\libBSP.a(stm32f4xx_syscfg.o)
                              ..\Libraries\libBSP.a(can.o) (SYSCFG_EXTILineConfig)
..\Libraries\libBSP.a(stm32f4xx_spi.o)
                              ..\Libraries\libBSP.a(carme_io2.o) (SPI_I2S_DeInit)
..\Libraries\libBSP.a(stm32f4xx_gpio.o)
                              ..\Libraries\libBSP.a(carme.o) (GPIO_DeInit)
..\Libraries\libBSP.a(stm32f4xx_fsmc.o)
                              ..\Libraries\libBSP.a(carme.o) (FSMC_NORSRAMDeInit)
..\Libraries\libBSP.a(stm32f4xx_exti.o)
                              ..\Libraries\libBSP.a(can.o) (EXTI_Init)
..\Libraries\libBSP.a(stm32f4xx_adc.o)
                              ..\Libraries\libBSP.a(carme_io2.o) (ADC_DeInit)
..\Libraries\libsGUI.a(font.o)
                              src\split.o (font_4x6)
..\Libraries\libFreeRTOS.a(tasks.o)
                              src\main.o (xTaskGenericCreate)
..\Libraries\libFreeRTOS.a(queue.o)
                              src\main.o (xQueueCreateMutex)
..\Libraries\libFreeRTOS.a(heap_4.o)
                              ..\Libraries\libFreeRTOS.a(tasks.o) (pvPortMalloc)
..\Libraries\libFreeRTOS.a(port.o)
                              ..\Libraries\libFreeRTOS.a(tasks.o) (pxPortInitialiseStack)
..\Libraries\libFreeRTOS.a(list.o)
                              ..\Libraries\libFreeRTOS.a(tasks.o) (vListInitialise)
..\Libraries\libFreeRTOS.a(timers.o)
                              ..\Libraries\libFreeRTOS.a(tasks.o) (xTimerCreateTimerTask)
c:/program files (x86)/atollic/truestudio for arm pro 4.3.1/armtools/bin/../lib/gcc/arm-atollic-eabi/4.7.3/../../../../arm-atollic-eabi/lib/armv7e-m/fpu\libc.a(lib_a-memcmp.o)
                              ..\Libraries\libFreeRTOS.a(tasks.o) (memcmp)
[...]
Memory Configuration

Name             Origin             Length             Attributes
FLASH            0x08000000         0x00100000         xr
RAM              0x20000000         0x00020000         xrw
MEMORY_B1        0x60000000         0x00000000         xr
CCMRAM           0x10000000         0x00010000         rw
*default*        0x00000000         0xffffffff

Linker script and memory map

LOAD c:/program files (x86)/atollic/truestudio for arm pro 4.3.1/armtools/bin/../lib/gcc/arm-atollic-eabi/4.7.3/armv7e-m/fpu/crti.o
LOAD c:/program files (x86)/atollic/truestudio for arm pro 4.3.1/armtools/bin/../lib/gcc/arm-atollic-eabi/4.7.3/armv7e-m/fpu/crtbegin.o
LOAD src\tiny_printf.o
LOAD src\syscalls.o
LOAD src\startup.o
LOAD src\split.o
LOAD src\main.o
LOAD src\conv.o
LOAD src\com.o
LOAD src\arm.o
START GROUP
LOAD c:/program files (x86)/atollic/truestudio for arm pro 4.3.1/armtools/bin/../lib/gcc/arm-atollic-eabi/4.7.3/../../../../arm-atollic-eabi/lib/armv7e-m/fpu\libc_s.a
LOAD c:/program files (x86)/atollic/truestudio for arm pro 4.3.1/armtools/bin/../lib/gcc/arm-atollic-eabi/4.7.3/../../../../arm-atollic-eabi/lib/armv7e-m/fpu\libm.a
END GROUP
                0x00001000                malloc_getpagesize_P = 0x1000
START GROUP
LOAD c:/program files (x86)/atollic/truestudio for arm pro 4.3.1/armtools/bin/../lib/gcc/arm-atollic-eabi/4.7.3/armv7e-m/fpu\libgcc.a
LOAD c:/program files (x86)/atollic/truestudio for arm pro 4.3.1/armtools/bin/../lib/gcc/arm-atollic-eabi/4.7.3/../../../../arm-atollic-eabi/lib/armv7e-m/fpu\libc.a
END GROUP
LOAD c:/program files (x86)/atollic/truestudio for arm pro 4.3.1/armtools/bin/../lib/gcc/arm-atollic-eabi/4.7.3/armv7e-m/fpu/crtend.o
LOAD c:/program files (x86)/atollic/truestudio for arm pro 4.3.1/armtools/bin/../lib/gcc/arm-atollic-eabi/4.7.3/armv7e-m/fpu/crtn.o
LOAD ..\Libraries\libBSP.a
LOAD ..\Libraries\libsGUI.a
LOAD ..\Libraries\libFreeRTOS.a
                0x20020000                _estack = 0x20020000
                0x00001000                _Min_Heap_Size = 0x1000
                0x00001000                _Min_Stack_Size = 0x1000

.isr_vector     0x08000000      0x188
                0x08000000                . = ALIGN (0x4)
 *(.isr_vector)
 .isr_vector    0x08000000      0x188 src\startup.o
                0x08000000                g_pfnVectors
                0x08000188                . = ALIGN (0x4)

.text           0x08000188     0x599c
                0x08000188                . = ALIGN (0x4)
 *(.text)
 .text          0x08000188       0x54 c:/program files (x86)/atollic/truestudio for arm pro 4.3.1/armtools/bin/../lib/gcc/arm-atollic-eabi/4.7.3/armv7e-m/fpu/crtbegin.o
 *(.text*)
 .text.Reset_Handler
                0x080001dc       0x54 src\startup.o
                0x080001dc                Reset_Handler
 .text.Default_Handler
                0x08000230       0x24 src\startup.o
                0x0800023a                RTC_Alarm_IRQHandler
                0x0800023a                HASH_RNG_IRQHandler
                0x0800023a                EXTI2_IRQHandler
                0x0800023a                TIM8_CC_IRQHandler
                0x0800023a                DebugMon_Handler
                0x0800023a                TIM1_CC_IRQHandler
                0x0800023a                DMA2_Stream5_IRQHandler
                0x0800023a                HardFault_Handler
                0x0800023a                DMA1_Stream5_IRQHandler
                0x0800023a                PVD_IRQHandler
                0x0800023a                SDIO_IRQHandler
                0x0800023a                TAMP_STAMP_IRQHandler
                0x0800023a                NMI_Handler
                0x0800023a                CAN2_RX1_IRQHandler
                0x0800023a                EXTI3_IRQHandler
                0x0800023a                TIM8_TRG_COM_TIM14_IRQHandler
                0x0800023a                TIM1_UP_TIM10_IRQHandler
                0x0800023a                TIM8_UP_TIM13_IRQHandler
                0x0800023a                I2C3_ER_IRQHandler
                0x0800023a                EXTI0_IRQHandler
                0x0800023a                I2C2_EV_IRQHandler
                0x0800023a                DMA1_Stream2_IRQHandler
                0x0800023a                CAN1_RX0_IRQHandler
                0x0800023a                FPU_IRQHandler
                0x0800023a                OTG_HS_WKUP_IRQHandler
                0x0800023a                UsageFault_Handler
                0x0800023a                CAN2_SCE_IRQHandler
                0x0800023a                DMA2_Stream2_IRQHandler
                0x0800023a                SPI1_IRQHandler
                0x0800023a                TIM6_DAC_IRQHandler
                0x0800023a                TIM1_BRK_TIM9_IRQHandler
                0x0800023a                DCMI_IRQHandler
                0x0800023a                CAN2_RX0_IRQHandler
                0x0800023a                DMA2_Stream3_IRQHandler
                0x0800023a                USART6_IRQHandler
                0x0800023a                USART3_IRQHandler
                0x0800023a                CRYP_IRQHandler
                0x0800023a                CAN1_RX1_IRQHandler
                0x0800023a                UART5_IRQHandler
                0x0800023a                DMA2_Stream0_IRQHandler
                0x0800023a                vApplicationMallocFailedHook
                0x0800023a                TIM4_IRQHandler
                0x0800023a                I2C1_EV_IRQHandler
                0x0800023a                DMA1_Stream6_IRQHandler
                0x0800023a                DMA1_Stream1_IRQHandler
                0x0800023a                UART4_IRQHandler
                0x0800023a                TIM3_IRQHandler
                0x0800023a                RCC_IRQHandler
                0x0800023a                TIM8_BRK_TIM12_IRQHandler
                0x0800023a                Default_Handler
                0x0800023a                EXTI15_10_IRQHandler
                0x0800023a                ADC_IRQHandler
                0x0800023a                DMA1_Stream7_IRQHandler
                0x0800023a                TIM7_IRQHandler
                0x0800023a                CAN2_TX_IRQHandler
                0x0800023a                TIM5_IRQHandler
                0x0800023a                DMA2_Stream7_IRQHandler
                0x0800023a                I2C3_EV_IRQHandler
                0x0800023a                vApplicationStackOverflowHook
                0x0800023a                RTC_WKUP_IRQHandler
                0x0800023a                ETH_WKUP_IRQHandler
                0x0800023a                SPI2_IRQHandler
                0x0800023a                OTG_HS_EP1_IN_IRQHandler
                0x0800023a                MemManage_Handler
                0x0800023a                DMA1_Stream0_IRQHandler
                0x0800023a                CAN1_TX_IRQHandler
                0x0800023a                EXTI4_IRQHandler
                0x0800023a                FSMC_IRQHandler
                0x0800023a                ETH_IRQHandler
                0x0800023a                OTG_HS_EP1_OUT_IRQHandler
                0x0800023a                WWDG_IRQHandler
                0x0800023a                TIM2_IRQHandler
                0x0800023a                OTG_FS_WKUP_IRQHandler
                0x0800023a                TIM1_TRG_COM_TIM11_IRQHandler
                0x0800023a                OTG_HS_IRQHandler
                0x0800023a                EXTI1_IRQHandler
                0x0800023a                USART2_IRQHandler
                0x0800023a                I2C2_ER_IRQHandler
                0x0800023a                DMA2_Stream1_IRQHandler
                0x0800023a                CAN1_SCE_IRQHandler
                0x0800023a                FLASH_IRQHandler
                0x0800023a                DMA2_Stream4_IRQHandler
                0x0800023a                BusFault_Handler
                0x0800023a                USART1_IRQHandler
                0x0800023a                OTG_FS_IRQHandler
                0x0800023a                SPI3_IRQHandler
                0x0800023a                DMA1_Stream4_IRQHandler
                0x0800023a                I2C1_ER_IRQHandler
                0x0800023a                DMA2_Stream6_IRQHandler
                0x0800023a                DMA1_Stream3_IRQHandler
 .text.Verteiler
                0x08000254      0x208 src\split.o
                0x08000254                Verteiler
 .text.main     0x0800045c       0x50 src\main.o
                0x0800045c                main
 .text.TaskStart
                0x080004ac      0x16c src\main.o
                0x080004ac                TaskStart
 .text.AppCreateTasks
                0x08000618      0x148 src\main.o
                0x08000618                AppCreateTasks
 .text.conveyor
                0x08000760      0x270 src\conv.o
                0x08000760                conveyor
 .text.com_SendAndGetAnswer
                0x080009d0       0xd4 src\com.o
                0x080009d0                com_SendAndGetAnswer
 .text.com_Send
                0x08000aa4       0x50 src\com.o
                0x08000aa4                com_Send
 .text.Arm      0x08000af4      0x3a8 src\arm.o
                0x08000af4                Arm
 .text.checkPosition
                0x08000e9c      0x160 src\arm.o
                0x08000e9c                checkPosition
 .text.memset   0x08000ffc       0x10 c:/program files (x86)/atollic/truestudio for arm pro 4.3.1/armtools/bin/../lib/gcc/arm-atollic-eabi/4.7.3/../../../../arm-atollic-eabi/lib/armv7e-m/fpu\libc_s.a(lib_a-memset.o)
                0x08000ffc                memset
 .text.RCC_AHB1PeriphClockCmd
                0x0800100c       0x54 ..\Libraries\libBSP.a(stm32f4xx_rcc.o)
                0x0800100c                RCC_AHB1PeriphClockCmd
 .text.RCC_AHB3PeriphClockCmd
                0x08001060       0x54 ..\Libraries\libBSP.a(stm32f4xx_rcc.o)
                0x08001060                RCC_AHB3PeriphClockCmd
 .text.RCC_APB1PeriphClockCmd
                0x080010b4       0x54 ..\Libraries\libBSP.a(stm32f4xx_rcc.o)
                0x080010b4                RCC_APB1PeriphClockCmd
 .text.RCC_APB2PeriphClockCmd
                0x08001108       0x54 ..\Libraries\libBSP.a(stm32f4xx_rcc.o)
                0x08001108                RCC_APB2PeriphClockCmd
 .text.RCC_AHB1PeriphResetCmd
                0x0800115c       0x54 ..\Libraries\libBSP.a(stm32f4xx_rcc.o)
                0x0800115c                RCC_AHB1PeriphResetCmd
 .text.RCC_APB1PeriphResetCmd
                0x080011b0       0x54 ..\Libraries\libBSP.a(stm32f4xx_rcc.o)
                0x080011b0                RCC_APB1PeriphResetCmd
 .text.RCC_APB2PeriphResetCmd
                0x08001204       0x54 ..\Libraries\libBSP.a(stm32f4xx_rcc.o)
                0x08001204                RCC_APB2PeriphResetCmd
 .text.NVIC_PriorityGroupConfig
                0x08001258       0x28 ..\Libraries\libBSP.a(misc.o)
                0x08001258                NVIC_PriorityGroupConfig
 .text.NVIC_Init
                0x08001280       0xe4 ..\Libraries\libBSP.a(misc.o)
                0x08001280                NVIC_Init
 .text.SystemInit
                0x08001364       0xb0 ..\Libraries\libBSP.a(system_stm32f4xx.o)
                0x08001364                SystemInit
 .text.SetSysClock
                0x08001414      0x188 ..\Libraries\libBSP.a(system_stm32f4xx.o)
 .text.CARME_IO2_Init
                0x0800159c      0x178 ..\Libraries\libBSP.a(carme_io2.o)
                0x0800159c                CARME_IO2_Init
 .text.CARME_IO2_SPI_CS_Out
                0x08001714       0x28 ..\Libraries\libBSP.a(carme_io2.o)
                0x08001714                CARME_IO2_SPI_CS_Out
 .text.CARME_IO1_Init
                0x0800173c       0x2c ..\Libraries\libBSP.a(carme_io1.o)
                0x0800173c                CARME_IO1_Init
 .text.CARME_Init
                0x08001768       0xf8 ..\Libraries\libBSP.a(carme.o)
                0x08001768                CARME_Init
 .text.CARME_FSMC_GPIO_Init
                0x08001860       0x60 ..\Libraries\libBSP.a(carme.o)
 .text.CARME_FSMC_Init
                0x080018c0      0x160 ..\Libraries\libBSP.a(carme.o)
 .text.CARME_AGPIO_Init
                0x08001a20       0x2c ..\Libraries\libBSP.a(carme.o)
 .text.CARME_GPIO_Init
                0x08001a4c      0x248 ..\Libraries\libBSP.a(carme.o)
                0x08001a4c                CARME_GPIO_Init
 .text.CARME_AGPIO_Set
                0x08001c94       0x84 ..\Libraries\libBSP.a(carme.o)
                0x08001c94                CARME_AGPIO_Set
 .text.CARME_LED_Red_Set
                0x08001d18       0x14 ..\Libraries\libBSP.a(carme.o)
                0x08001d18                CARME_LED_Red_Set
 .text.CARME_LED_Red_Reset
                0x08001d2c       0x14 ..\Libraries\libBSP.a(carme.o)
                0x08001d2c                CARME_LED_Red_Reset
 .text.CARME_CAN_Write_Register
                0x08001d40       0x34 ..\Libraries\libBSP.a(can.o)
 .text.CARME_CAN_Read_Register
                0x08001d74       0x34 ..\Libraries\libBSP.a(can.o)
 .text.CARME_CAN_InitSTM
                0x08001da8       0x88 ..\Libraries\libBSP.a(can.o)
 .text.CARME_CAN_Init
                0x08001e30       0xc4 ..\Libraries\libBSP.a(can.o)
                0x08001e30                CARME_CAN_Init
 .text.CARME_CAN_Read
                0x08001ef4      0x188 ..\Libraries\libBSP.a(can.o)
                0x08001ef4                CARME_CAN_Read
 .text.EXTI9_5_IRQHandler
                0x0800207c      0x174 ..\Libraries\libBSP.a(can.o)
                0x0800207c                EXTI9_5_IRQHandler
 .text.CARME_CAN_SetBusTiming
                0x080021f0       0x30 ..\Libraries\libBSP.a(can.o)
 .text.CARME_CAN_SetBaudrate
                0x08002220       0x9c ..\Libraries\libBSP.a(can.o)
                0x08002220                CARME_CAN_SetBaudrate
 .text.CARME_CAN_Write
                0x080022bc      0x164 ..\Libraries\libBSP.a(can.o)
                0x080022bc                CARME_CAN_Write
 .text.SYSCFG_EXTILineConfig
                0x08002420       0xb0 ..\Libraries\libBSP.a(stm32f4xx_syscfg.o)
                0x08002420                SYSCFG_EXTILineConfig
 .text.SPI_I2S_DeInit
                0x080024d0      0x100 ..\Libraries\libBSP.a(stm32f4xx_spi.o)
                0x080024d0                SPI_I2S_DeInit
 .text.SPI_Init
                0x080025d0       0x88 ..\Libraries\libBSP.a(stm32f4xx_spi.o)
                0x080025d0                SPI_Init
 .text.SPI_StructInit
                0x08002658       0x5c ..\Libraries\libBSP.a(stm32f4xx_spi.o)
                0x08002658                SPI_StructInit
 .text.SPI_Cmd  0x080026b4       0x40 ..\Libraries\libBSP.a(stm32f4xx_spi.o)
                0x080026b4                SPI_Cmd
 .text.GPIO_DeInit
                0x080026f4      0x1c8 ..\Libraries\libBSP.a(stm32f4xx_gpio.o)
                0x080026f4                GPIO_DeInit
 .text.GPIO_Init
                0x080028bc      0x144 ..\Libraries\libBSP.a(stm32f4xx_gpio.o)
                0x080028bc                GPIO_Init
 .text.GPIO_StructInit
                0x08002a00       0x3c ..\Libraries\libBSP.a(stm32f4xx_gpio.o)
                0x08002a00                GPIO_StructInit
 .text.GPIO_WriteBit
                0x08002a3c       0x30 ..\Libraries\libBSP.a(stm32f4xx_gpio.o)
                0x08002a3c                GPIO_WriteBit
 .text.GPIO_PinAFConfig
                0x08002a6c       0xa8 ..\Libraries\libBSP.a(stm32f4xx_gpio.o)
                0x08002a6c                GPIO_PinAFConfig
 .text.FSMC_NORSRAMDeInit
                0x08002b14       0x5c ..\Libraries\libBSP.a(stm32f4xx_fsmc.o)
                0x08002b14                FSMC_NORSRAMDeInit
 .text.FSMC_NORSRAMInit
                0x08002b70      0x150 ..\Libraries\libBSP.a(stm32f4xx_fsmc.o)
                0x08002b70                FSMC_NORSRAMInit
 .text.FSMC_NORSRAMCmd
                0x08002cc0       0x54 ..\Libraries\libBSP.a(stm32f4xx_fsmc.o)
                0x08002cc0                FSMC_NORSRAMCmd
 .text.EXTI_Init
                0x08002d14      0x138 ..\Libraries\libBSP.a(stm32f4xx_exti.o)
                0x08002d14                EXTI_Init
 .text.EXTI_GetITStatus
                0x08002e4c       0x3c ..\Libraries\libBSP.a(stm32f4xx_exti.o)
                0x08002e4c                EXTI_GetITStatus
 .text.EXTI_ClearITPendingBit
                0x08002e88       0x20 ..\Libraries\libBSP.a(stm32f4xx_exti.o)
                0x08002e88                EXTI_ClearITPendingBit
 .text.ADC_DeInit
                0x08002ea8       0x20 ..\Libraries\libBSP.a(stm32f4xx_adc.o)
                0x08002ea8                ADC_DeInit
 .text.ADC_Init
                0x08002ec8       0xb8 ..\Libraries\libBSP.a(stm32f4xx_adc.o)
                0x08002ec8                ADC_Init
 .text.ADC_StructInit
                0x08002f80       0x4c ..\Libraries\libBSP.a(stm32f4xx_adc.o)
                0x08002f80                ADC_StructInit
 .text.ADC_CommonInit
                0x08002fcc       0x5c ..\Libraries\libBSP.a(stm32f4xx_adc.o)
                0x08002fcc                ADC_CommonInit
 .text.ADC_Cmd  0x08003028       0x38 ..\Libraries\libBSP.a(stm32f4xx_adc.o)
                0x08003028                ADC_Cmd
 .text.xTaskGenericCreate
                0x08003060      0x1c0 ..\Libraries\libFreeRTOS.a(tasks.o)
                0x08003060                xTaskGenericCreate
 .text.vTaskDelete
                0x08003220       0xb4 ..\Libraries\libFreeRTOS.a(tasks.o)
                0x08003220                vTaskDelete
 .text.vTaskDelay
                0x080032d4       0x5c ..\Libraries\libFreeRTOS.a(tasks.o)
                0x080032d4                vTaskDelay
 .text.vTaskStartScheduler
                0x08003330       0x88 ..\Libraries\libFreeRTOS.a(tasks.o)
                0x08003330                vTaskStartScheduler
 .text.vTaskSuspendAll
                0x080033b8       0x24 ..\Libraries\libFreeRTOS.a(tasks.o)
                0x080033b8                vTaskSuspendAll
 .text.xTaskResumeAll
                0x080033dc      0x174 ..\Libraries\libFreeRTOS.a(tasks.o)
                0x080033dc                xTaskResumeAll
 .text.xTaskGetTickCount
                0x08003550       0x28 ..\Libraries\libFreeRTOS.a(tasks.o)
                0x08003550                xTaskGetTickCount
 .text.xTaskIncrementTick
                0x08003578      0x248 ..\Libraries\libFreeRTOS.a(tasks.o)
                0x08003578                xTaskIncrementTick
 .text.vTaskSwitchContext
                0x080037c0      0x164 ..\Libraries\libFreeRTOS.a(tasks.o)
                0x080037c0                vTaskSwitchContext
 .text.vTaskPlaceOnEventList
                0x08003924       0x84 ..\Libraries\libFreeRTOS.a(tasks.o)
                0x08003924                vTaskPlaceOnEventList
 .text.vTaskPlaceOnEventListRestricted
                0x080039a8       0x60 ..\Libraries\libFreeRTOS.a(tasks.o)
                0x080039a8                vTaskPlaceOnEventListRestricted
 .text.xTaskRemoveFromEventList
                0x08003a08       0xdc ..\Libraries\libFreeRTOS.a(tasks.o)
                0x08003a08                xTaskRemoveFromEventList
 .text.vTaskSetTimeOutState
                0x08003ae4       0x38 ..\Libraries\libFreeRTOS.a(tasks.o)
                0x08003ae4                vTaskSetTimeOutState
 .text.xTaskCheckForTimeOut
                0x08003b1c       0xb0 ..\Libraries\libFreeRTOS.a(tasks.o)
                0x08003b1c                xTaskCheckForTimeOut
 .text.vTaskMissedYield
                0x08003bcc       0x18 ..\Libraries\libFreeRTOS.a(tasks.o)
                0x08003bcc                vTaskMissedYield
 .text.prvIdleTask
                0x08003be4       0x24 ..\Libraries\libFreeRTOS.a(tasks.o)
 .text.prvInitialiseTCBVariables
                0x08003c08       0xa0 ..\Libraries\libFreeRTOS.a(tasks.o)
 .text.prvInitialiseTaskLists
                0x08003ca8       0xa4 ..\Libraries\libFreeRTOS.a(tasks.o)
 .text.prvCheckTasksWaitingTermination
                0x08003d4c       0x9c ..\Libraries\libFreeRTOS.a(tasks.o)
 .text.prvAddCurrentTaskToDelayedList
                0x08003de8       0x8c ..\Libraries\libFreeRTOS.a(tasks.o)
 .text.prvAllocateTCBAndStack
                0x08003e74       0x70 ..\Libraries\libFreeRTOS.a(tasks.o)
 .text.prvDeleteTCB
                0x08003ee4       0x20 ..\Libraries\libFreeRTOS.a(tasks.o)
 .text.xTaskGetCurrentTaskHandle
                0x08003f04       0x20 ..\Libraries\libFreeRTOS.a(tasks.o)
                0x08003f04                xTaskGetCurrentTaskHandle
 .text.xTaskGetSchedulerState
                0x08003f24       0x48 ..\Libraries\libFreeRTOS.a(tasks.o)
                0x08003f24                xTaskGetSchedulerState
 .text.vTaskPriorityInherit
                0x08003f6c       0xe8 ..\Libraries\libFreeRTOS.a(tasks.o)
                0x08003f6c                vTaskPriorityInherit
 .text.vTaskPriorityDisinherit
                0x08004054       0x90 ..\Libraries\libFreeRTOS.a(tasks.o)
                0x08004054                vTaskPriorityDisinherit
 .text.xQueueGenericReset
                0x080040e4       0xc0 ..\Libraries\libFreeRTOS.a(queue.o)
                0x080040e4                xQueueGenericReset
 .text.xQueueGenericCreate
                0x080041a4       0x90 ..\Libraries\libFreeRTOS.a(queue.o)
                0x080041a4                xQueueGenericCreate
 .text.xQueueCreateMutex
                0x08004234       0xac ..\Libraries\libFreeRTOS.a(queue.o)
                0x08004234                xQueueCreateMutex
 .text.xQueueCreateCountingSemaphore
                0x080042e0       0x58 ..\Libraries\libFreeRTOS.a(queue.o)
                0x080042e0                xQueueCreateCountingSemaphore
 .text.xQueueGenericSend
                0x08004338      0x178 ..\Libraries\libFreeRTOS.a(queue.o)
                0x08004338                xQueueGenericSend
 .text.xQueueGenericSendFromISR
                0x080044b0       0xe8 ..\Libraries\libFreeRTOS.a(queue.o)
                0x080044b0                xQueueGenericSendFromISR
 .text.xQueueGenericReceive
                0x08004598      0x1b8 ..\Libraries\libFreeRTOS.a(queue.o)
                0x08004598                xQueueGenericReceive
 .text.prvCopyDataToQueue
                0x08004750       0xdc ..\Libraries\libFreeRTOS.a(queue.o)
 .text.prvCopyDataFromQueue
                0x0800482c       0x50 ..\Libraries\libFreeRTOS.a(queue.o)
 .text.prvUnlockQueue
                0x0800487c       0xa0 ..\Libraries\libFreeRTOS.a(queue.o)
 .text.prvIsQueueEmpty
                0x0800491c       0x34 ..\Libraries\libFreeRTOS.a(queue.o)
 .text.prvIsQueueFull
                0x08004950       0x38 ..\Libraries\libFreeRTOS.a(queue.o)
 .text.vQueueWaitForMessageRestricted
                0x08004988       0x60 ..\Libraries\libFreeRTOS.a(queue.o)
                0x08004988                vQueueWaitForMessageRestricted
 .text.pvPortMalloc
                0x080049e8      0x164 ..\Libraries\libFreeRTOS.a(heap_4.o)
                0x080049e8                pvPortMalloc
 .text.vPortFree
                0x08004b4c       0xb8 ..\Libraries\libFreeRTOS.a(heap_4.o)
                0x08004b4c                vPortFree
 .text.prvHeapInit
                0x08004c04       0xf8 ..\Libraries\libFreeRTOS.a(heap_4.o)
 .text.prvInsertBlockIntoFreeList
                0x08004cfc       0xbc ..\Libraries\libFreeRTOS.a(heap_4.o)
 .text.pxPortInitialiseStack
                0x08004db8       0x74 ..\Libraries\libFreeRTOS.a(port.o)
                0x08004db8                pxPortInitialiseStack
 .text.prvTaskExitError
                0x08004e2c       0x20 ..\Libraries\libFreeRTOS.a(port.o)
 .text.SVC_Handler
                0x08004e4c       0x1c ..\Libraries\libFreeRTOS.a(port.o)
                0x08004e4c                SVC_Handler
 .text.prvPortStartFirstTask
                0x08004e68       0x14 ..\Libraries\libFreeRTOS.a(port.o)
 .text.xPortStartScheduler
                0x08004e7c      0x128 ..\Libraries\libFreeRTOS.a(port.o)
                0x08004e7c                xPortStartScheduler
 .text.vPortYield
                0x08004fa4       0x20 ..\Libraries\libFreeRTOS.a(port.o)
                0x08004fa4                vPortYield
 .text.vPortEnterCritical
                0x08004fc4       0x2c ..\Libraries\libFreeRTOS.a(port.o)
                0x08004fc4                vPortEnterCritical
 .text.vPortExitCritical
                0x08004ff0       0x34 ..\Libraries\libFreeRTOS.a(port.o)
                0x08004ff0                vPortExitCritical
 .text.ulPortSetInterruptMask
                0x08005024       0x14 ..\Libraries\libFreeRTOS.a(port.o)
                0x08005024                ulPortSetInterruptMask
 .text.vPortClearInterruptMask
                0x08005038        0x8 ..\Libraries\libFreeRTOS.a(port.o)
                0x08005038                vPortClearInterruptMask
 .text.PendSV_Handler
                0x08005040       0x50 ..\Libraries\libFreeRTOS.a(port.o)
                0x08005040                PendSV_Handler
 .text.SysTick_Handler
                0x08005090       0x2c ..\Libraries\libFreeRTOS.a(port.o)
                0x08005090                SysTick_Handler
 .text.vPortSetupTimerInterrupt
                0x080050bc       0x40 ..\Libraries\libFreeRTOS.a(port.o)
                0x080050bc                vPortSetupTimerInterrupt
 .text.vPortEnableVFP
                0x080050fc       0x14 ..\Libraries\libFreeRTOS.a(port.o)
 .text.vPortValidateInterruptPriority
                0x08005110       0x64 ..\Libraries\libFreeRTOS.a(port.o)
                0x08005110                vPortValidateInterruptPriority
 .text.vListInitialise
                0x08005174       0x40 ..\Libraries\libFreeRTOS.a(list.o)
                0x08005174                vListInitialise
 .text.vListInitialiseItem
                0x080051b4       0x1c ..\Libraries\libFreeRTOS.a(list.o)
                0x080051b4                vListInitialiseItem
 .text.vListInsertEnd
                0x080051d0       0x48 ..\Libraries\libFreeRTOS.a(list.o)
                0x080051d0                vListInsertEnd
 .text.vListInsert
                0x08005218       0x74 ..\Libraries\libFreeRTOS.a(list.o)
                0x08005218                vListInsert
 .text.uxListRemove
                0x0800528c       0x58 ..\Libraries\libFreeRTOS.a(list.o)
                0x0800528c                uxListRemove
 .text.xTimerCreateTimerTask
                0x080052e4       0x6c ..\Libraries\libFreeRTOS.a(timers.o)
                0x080052e4                xTimerCreateTimerTask
 .text.xTimerGenericCommand
                0x08005350       0xac ..\Libraries\libFreeRTOS.a(timers.o)
                0x08005350                xTimerGenericCommand
 .text.prvProcessExpiredTimer
                0x080053fc       0x7c ..\Libraries\libFreeRTOS.a(timers.o)
 .text.prvTimerTask
                0x08005478       0x24 ..\Libraries\libFreeRTOS.a(timers.o)
 .text.prvProcessTimerOrBlockTask
                0x0800549c       0x74 ..\Libraries\libFreeRTOS.a(timers.o)
 .text.prvGetNextExpireTime
                0x08005510       0x54 ..\Libraries\libFreeRTOS.a(timers.o)
 .text.prvSampleTimeNow
                0x08005564       0x58 ..\Libraries\libFreeRTOS.a(timers.o)
 .text.prvInsertTimerInActiveList
                0x080055bc       0x94 ..\Libraries\libFreeRTOS.a(timers.o)
 .text.prvProcessReceivedCommands
                0x08005650      0x104 ..\Libraries\libFreeRTOS.a(timers.o)
 .text.prvSwitchTimerLists
                0x08005754       0xe8 ..\Libraries\libFreeRTOS.a(timers.o)
 .text.prvCheckForValidListAndQueue
                0x0800583c       0x74 ..\Libraries\libFreeRTOS.a(timers.o)
 .text.memcmp   0x080058b0       0x1e c:/program files (x86)/atollic/truestudio for arm pro 4.3.1/armtools/bin/../lib/gcc/arm-atollic-eabi/4.7.3/../../../../arm-atollic-eabi/lib/armv7e-m/fpu\libc.a(lib_a-memcmp.o)
                0x080058b0                memcmp
 .text.memcpy   0x080058ce       0x12 c:/program files (x86)/atollic/truestudio for arm pro 4.3.1/armtools/bin/../lib/gcc/arm-atollic-eabi/4.7.3/../../../../arm-atollic-eabi/lib/armv7e-m/fpu\libc.a(lib_a-memcpy.o)
                0x080058ce                memcpy
 *(.rodata)
 .rodata        0x080058e0       0x54 src\main.o
 .rodata        0x08005934      0x1a8 ..\Libraries\libBSP.a(carme.o)
 .rodata        0x08005adc        0x8 ..\Libraries\libFreeRTOS.a(tasks.o)
 .rodata        0x08005ae4        0x8 ..\Libraries\libFreeRTOS.a(timers.o)
 *(.rodata*)
 .rodata.ucExpectedStackBytes.8730
                0x08005aec       0x14 ..\Libraries\libFreeRTOS.a(tasks.o)
 .rodata.heapSTRUCT_SIZE
                0x08005b00        0x2 ..\Libraries\libFreeRTOS.a(heap_4.o)
 *fill*         0x08005b02        0x2 00
 .rodata.xTotalHeapSize
                0x08005b04        0x4 ..\Libraries\libFreeRTOS.a(heap_4.o)
 .rodata.pcInterruptPriorityRegisters
                0x08005b08        0x4 ..\Libraries\libFreeRTOS.a(port.o)
 *(.glue_7)
 .glue_7        0x00000000        0x0 linker stubs
 *(.glue_7t)
 .glue_7t       0x00000000        0x0 linker stubs
 *(.eh_frame)
 .eh_frame      0x08005b0c        0x0 c:/program files (x86)/atollic/truestudio for arm pro 4.3.1/armtools/bin/../lib/gcc/arm-atollic-eabi/4.7.3/armv7e-m/fpu/crtbegin.o
 *(.init)
 .init          0x08005b0c        0x4 c:/program files (x86)/atollic/truestudio for arm pro 4.3.1/armtools/bin/../lib/gcc/arm-atollic-eabi/4.7.3/armv7e-m/fpu/crti.o
                0x08005b0c                _init
 .init          0x08005b10        0x8 c:/program files (x86)/atollic/truestudio for arm pro 4.3.1/armtools/bin/../lib/gcc/arm-atollic-eabi/4.7.3/armv7e-m/fpu/crtn.o
 *(.fini)
 .fini          0x08005b18        0x4 c:/program files (x86)/atollic/truestudio for arm pro 4.3.1/armtools/bin/../lib/gcc/arm-atollic-eabi/4.7.3/armv7e-m/fpu/crti.o
                0x08005b18                _fini
 .fini          0x08005b1c        0x8 c:/program files (x86)/atollic/truestudio for arm pro 4.3.1/armtools/bin/../lib/gcc/arm-atollic-eabi/4.7.3/armv7e-m/fpu/crtn.o
                0x08005b24                . = ALIGN (0x4)
                0x08005b24                _etext = .

.vfp11_veneer   0x08005b24        0x0
 .vfp11_veneer  0x00000000        0x0 linker stubs

.v4_bx          0x08005b24        0x0
 .v4_bx         0x00000000        0x0 linker stubs

.iplt           0x08005b24        0x0
 .iplt          0x00000000        0x0 c:/program files (x86)/atollic/truestudio for arm pro 4.3.1/armtools/bin/../lib/gcc/arm-atollic-eabi/4.7.3/armv7e-m/fpu/crtbegin.o

.rel.dyn        0x08005b24        0x0
 .rel.iplt      0x00000000        0x0 c:/program files (x86)/atollic/truestudio for arm pro 4.3.1/armtools/bin/../lib/gcc/arm-atollic-eabi/4.7.3/armv7e-m/fpu/crtbegin.o

.ARM.extab
 *(.ARM.extab* .gnu.linkonce.armextab.*)

.ARM            0x08005b24        0x0
                0x08005b24                __exidx_start = .
 *(.ARM.exidx*)
                0x08005b24                __exidx_end = .

.preinit_array  0x08005b24        0x0
                0x08005b24                PROVIDE (__preinit_array_start, .)
 *(.preinit_array*)
                0x08005b24                PROVIDE (__preinit_array_end, .)

.init_array     0x08005b24        0x4
                0x08005b24                PROVIDE (__init_array_start, .)
 *(SORT(.init_array.*))
 *(.init_array*)
 .init_array    0x08005b24        0x4 c:/program files (x86)/atollic/truestudio for arm pro 4.3.1/armtools/bin/../lib/gcc/arm-atollic-eabi/4.7.3/armv7e-m/fpu/crtbegin.o
                0x08005b28                PROVIDE (__init_array_end, .)

.fini_array     0x08005b28        0x4
                0x08005b28                PROVIDE (__fini_array_start, .)
 *(SORT(.fini_array.*))
 *(.fini_array*)
 .fini_array    0x08005b28        0x4 c:/program files (x86)/atollic/truestudio for arm pro 4.3.1/armtools/bin/../lib/gcc/arm-atollic-eabi/4.7.3/armv7e-m/fpu/crtbegin.o
                0x08005b2c                PROVIDE (__fini_array_end, .)
                0x08005b2c                _sidata = LOADADDR (.data)

.data           0x20000000      0x200 load address 0x08005b2c
                0x20000000                . = ALIGN (0x4)
                0x20000000                _sdata = .
 *(.data)
 *(.data*)
 .data.ArmPosNehmenWarten
                0x20000000        0x8 src\arm.o
                0x20000000                ArmPosNehmenWarten
 .data.ArmPosWartenZu
                0x20000008        0x8 src\arm.o
                0x20000008                ArmPosWartenZu
 .data.ArmPosNehmen
                0x20000010        0x8 src\arm.o
                0x20000010                ArmPosNehmen
 .data.ArmPosZu
                0x20000018        0x8 src\arm.o
                0x20000018                ArmPosZu
 .data.ArmPosAblegenWartenLinks
                0x20000020        0x8 src\arm.o
                0x20000020                ArmPosAblegenWartenLinks
 .data.ArmPosAblegenLinks
                0x20000028        0x8 src\arm.o
                0x20000028                ArmPosAblegenLinks
 .data.ArmPosAufLinks
                0x20000030        0x8 src\arm.o
                0x20000030                ArmPosAufLinks
 .data.ArmPosHinaufLinks
                0x20000038        0x8 src\arm.o
                0x20000038                ArmPosHinaufLinks
 .data.ArmPosAblegenWartenRechts
                0x20000040        0x8 src\arm.o
                0x20000040                ArmPosAblegenWartenRechts
 .data.ArmPosAblegenRechts
                0x20000048        0x8 src\arm.o
                0x20000048                ArmPosAblegenRechts
 .data.ArmPosAufRechts
                0x20000050        0x8 src\arm.o
                0x20000050                ArmPosAufRechts
 .data.ArmPosHinaufRechts
                0x20000058        0x8 src\arm.o
                0x20000058                ArmPosHinaufRechts
 .data.SystemCoreClock
                0x20000060        0x4 ..\Libraries\libBSP.a(system_stm32f4xx.o)
                0x20000060                SystemCoreClock
 .data.CARME_IO2_Port_Pin
                0x20000064       0x88 ..\Libraries\libBSP.a(carme_io2.o)
 .data.CARME_IO2_GPIO_Out_Port_Pin
                0x200000ec       0x20 ..\Libraries\libBSP.a(carme_io2.o)
 .data.CARME_IO2_OPTO_Out_Port_Pin
                0x2000010c       0x10 ..\Libraries\libBSP.a(carme_io2.o)
 .data.CARME_IO2_OPTO_In_Port_Pin
                0x2000011c       0x10 ..\Libraries\libBSP.a(carme_io2.o)
 .data.CARME_IO1_Port_Pin
                0x2000012c       0x20 ..\Libraries\libBSP.a(carme_io1.o)
 .data.CARME_AGPIO_Port_Pin
                0x2000014c       0xa0 ..\Libraries\libBSP.a(carme.o)
 .data.SJA1000_CMD
                0x200001ec        0x4 ..\Libraries\libBSP.a(can.o)
 .data.SJA1000_DATA
                0x200001f0        0x4 ..\Libraries\libBSP.a(can.o)
 .data.xNextTaskUnblockTime
                0x200001f4        0x4 ..\Libraries\libFreeRTOS.a(tasks.o)
 .data.xFreeBytesRemaining
                0x200001f8        0x4 ..\Libraries\libFreeRTOS.a(heap_4.o)
 .data.uxCriticalNesting
                0x200001fc        0x4 ..\Libraries\libFreeRTOS.a(port.o)
                0x20000200                . = ALIGN (0x4)
                0x20000200                _edata = .
                0x08005d2c                _siccmram = LOADADDR (.ccmram)

.jcr            0x20000200        0x0 load address 0x08005d2c
 .jcr           0x20000200        0x0 c:/program files (x86)/atollic/truestudio for arm pro 4.3.1/armtools/bin/../lib/gcc/arm-atollic-eabi/4.7.3/armv7e-m/fpu/crtbegin.o

.igot.plt       0x20000200        0x0 load address 0x08005d2c
 .igot.plt      0x00000000        0x0 c:/program files (x86)/atollic/truestudio for arm pro 4.3.1/armtools/bin/../lib/gcc/arm-atollic-eabi/4.7.3/armv7e-m/fpu/crtbegin.o

.ccmram         0x10000000        0x0 load address 0x08005d2c
                0x10000000                . = ALIGN (0x4)
                0x10000000                _sccmram = .
 *(.ccmram)
 *(.ccmram*)
                0x10000000                . = ALIGN (0x4)
                0x10000000                _eccmram = .
                0x10000000                . = ALIGN (0x4)

.bss            0x20000200    0x12dbc
                0x20000200                _sbss = .
                0x20000200                __bss_start__ = _sbss
 *(.bss)
 .bss           0x20000200       0x1c c:/program files (x86)/atollic/truestudio for arm pro 4.3.1/armtools/bin/../lib/gcc/arm-atollic-eabi/4.7.3/armv7e-m/fpu/crtbegin.o
 *(.bss*)
 .bss.CARME_CAN_IRQCallbacks
                0x2000021c       0x20 ..\Libraries\libBSP.a(can.o)
 .bss.pxCurrentTCB
                0x2000023c        0x4 ..\Libraries\libFreeRTOS.a(tasks.o)
                0x2000023c                pxCurrentTCB
 .bss.pxReadyTasksLists
                0x20000240       0x64 ..\Libraries\libFreeRTOS.a(tasks.o)
 .bss.xDelayedTaskList1
                0x200002a4       0x14 ..\Libraries\libFreeRTOS.a(tasks.o)
 .bss.xDelayedTaskList2
                0x200002b8       0x14 ..\Libraries\libFreeRTOS.a(tasks.o)
 .bss.pxDelayedTaskList
                0x200002cc        0x4 ..\Libraries\libFreeRTOS.a(tasks.o)
 .bss.pxOverflowDelayedTaskList
                0x200002d0        0x4 ..\Libraries\libFreeRTOS.a(tasks.o)
 .bss.xPendingReadyList
                0x200002d4       0x14 ..\Libraries\libFreeRTOS.a(tasks.o)
 .bss.xTasksWaitingTermination
                0x200002e8       0x14 ..\Libraries\libFreeRTOS.a(tasks.o)
 .bss.uxTasksDeleted
                0x200002fc        0x4 ..\Libraries\libFreeRTOS.a(tasks.o)
 .bss.xSuspendedTaskList
                0x20000300       0x14 ..\Libraries\libFreeRTOS.a(tasks.o)
 .bss.uxCurrentNumberOfTasks
                0x20000314        0x4 ..\Libraries\libFreeRTOS.a(tasks.o)
 .bss.xTickCount
                0x20000318        0x4 ..\Libraries\libFreeRTOS.a(tasks.o)
 .bss.uxTopReadyPriority
                0x2000031c        0x4 ..\Libraries\libFreeRTOS.a(tasks.o)
 .bss.xSchedulerRunning
                0x20000320        0x4 ..\Libraries\libFreeRTOS.a(tasks.o)
 .bss.uxSchedulerSuspended
                0x20000324        0x4 ..\Libraries\libFreeRTOS.a(tasks.o)
 .bss.uxPendedTicks
                0x20000328        0x4 ..\Libraries\libFreeRTOS.a(tasks.o)
 .bss.xYieldPending
                0x2000032c        0x4 ..\Libraries\libFreeRTOS.a(tasks.o)
 .bss.xNumOfOverflows
                0x20000330        0x4 ..\Libraries\libFreeRTOS.a(tasks.o)
 .bss.uxTaskNumber
                0x20000334        0x4 ..\Libraries\libFreeRTOS.a(tasks.o)
 .bss.ucHeap    0x20000338    0x12c00 ..\Libraries\libFreeRTOS.a(heap_4.o)
 .bss.xStart    0x20012f38        0x8 ..\Libraries\libFreeRTOS.a(heap_4.o)
 .bss.pxEnd     0x20012f40        0x4 ..\Libraries\libFreeRTOS.a(heap_4.o)
 .bss.xBlockAllocatedBit
                0x20012f44        0x4 ..\Libraries\libFreeRTOS.a(heap_4.o)
 .bss.ucMaxSysCallPriority
                0x20012f48        0x1 ..\Libraries\libFreeRTOS.a(port.o)
 *fill*         0x20012f49        0x3 00
 .bss.ulMaxPRIGROUPValue
                0x20012f4c        0x4 ..\Libraries\libFreeRTOS.a(port.o)
 .bss.xActiveTimerList1
                0x20012f50       0x14 ..\Libraries\libFreeRTOS.a(timers.o)
 .bss.xActiveTimerList2
                0x20012f64       0x14 ..\Libraries\libFreeRTOS.a(timers.o)
 .bss.pxCurrentTimerList
                0x20012f78        0x4 ..\Libraries\libFreeRTOS.a(timers.o)
 .bss.pxOverflowTimerList
                0x20012f7c        0x4 ..\Libraries\libFreeRTOS.a(timers.o)
 .bss.xTimerQueue
                0x20012f80        0x4 ..\Libraries\libFreeRTOS.a(timers.o)
 .bss.xLastTime.8575
                0x20012f84        0x4 ..\Libraries\libFreeRTOS.a(timers.o)
 *(COMMON)
 COMMON         0x20012f88       0x34 src\main.o
                0x20012f88                Sema_Fb_Rechts_Finish
                0x20012f8c                Sema_Fb_Rechts_Start
                0x20012f90                Sema_Arm_Links_Finish
                0x20012f94                Sema_Fb_Links_Start
                0x20012f98                Sema_Mux_Can
                0x20012f9c                Sema_Fb_Links_Finish
                0x20012fa0                Sema_Arm_Links_Start
                0x20012fa4                Sema_Arm_Rechts_Start
                0x20012fa8                Sema_Split_Finish
                0x20012fac                Sema_Split_Start
                0x20012fb0                Sema_Fb_Mitte_Finish
                0x20012fb4                Sema_Arm_Rechts_Finish
                0x20012fb8                Sema_Fb_Mitte_Start
                0x20012fbc                . = ALIGN (0x4)
                0x20012fbc                _ebss = .
                0x20012fbc                __bss_end__ = _ebss

._user_heap_stack
                0x20012fbc     0x2000
                0x20012fbc                . = ALIGN (0x4)
                0x20012fbc                PROVIDE (end, .)
                0x20012fbc                PROVIDE (_end, .)
                0x20013fbc                . = (. + _Min_Heap_Size)
 *fill*         0x20012fbc     0x1000 00
                0x20014fbc                . = (. + _Min_Stack_Size)
 *fill*         0x20013fbc     0x1000 00
                0x20014fbc                . = ALIGN (0x4)

.memory_b1_text
 *(.mb1text)
 *(.mb1text*)
 *(.mb1rodata)
 *(.mb1rodata*)

/DISCARD/
 libc.a(*)
 libm.a(*)
 libgcc.a(*)

.ARM.attributes
                0x00000000       0x32
 *(.ARM.attributes)
 .ARM.attributes
                0x00000000       0x24 c:/program files (x86)/atollic/truestudio for arm pro 4.3.1/armtools/bin/../lib/gcc/arm-atollic-eabi/4.7.3/armv7e-m/fpu/crti.o
 .ARM.attributes
                0x00000024       0x36 c:/program files (x86)/atollic/truestudio for arm pro 4.3.1/armtools/bin/../lib/gcc/arm-atollic-eabi/4.7.3/armv7e-m/fpu/crtbegin.o
 .ARM.attributes
                0x0000005a       0x21 src\startup.o
 .ARM.attributes
                0x0000007b       0x3b src\split.o
 .ARM.attributes
                0x000000b6       0x3b src\main.o
 .ARM.attributes
                0x000000f1       0x3b src\conv.o
 .ARM.attributes
                0x0000012c       0x3b src\com.o
 .ARM.attributes
                0x00000167       0x3b src\arm.o
 .ARM.attributes
                0x000001a2       0x36 c:/program files (x86)/atollic/truestudio for arm pro 4.3.1/armtools/bin/../lib/gcc/arm-atollic-eabi/4.7.3/../../../../arm-atollic-eabi/lib/armv7e-m/fpu\libc_s.a(lib_a-memset.o)
 .ARM.attributes
                0x000001d8       0x24 c:/program files (x86)/atollic/truestudio for arm pro 4.3.1/armtools/bin/../lib/gcc/arm-atollic-eabi/4.7.3/armv7e-m/fpu/crtn.o
 .ARM.attributes
                0x000001fc       0x3b ..\Libraries\libBSP.a(stm32f4xx_rcc.o)
 .ARM.attributes
                0x00000237       0x3b ..\Libraries\libBSP.a(misc.o)
 .ARM.attributes
                0x00000272       0x3b ..\Libraries\libBSP.a(system_stm32f4xx.o)
 .ARM.attributes
                0x000002ad       0x3b ..\Libraries\libBSP.a(carme_io2.o)
 .ARM.attributes
                0x000002e8       0x3b ..\Libraries\libBSP.a(carme_io1.o)
 .ARM.attributes
                0x00000323       0x3b ..\Libraries\libBSP.a(carme.o)
 .ARM.attributes
                0x0000035e       0x3b ..\Libraries\libBSP.a(can.o)
 .ARM.attributes
                0x00000399       0x3b ..\Libraries\libBSP.a(stm32f4xx_syscfg.o)
 .ARM.attributes
                0x000003d4       0x3b ..\Libraries\libBSP.a(stm32f4xx_spi.o)
 .ARM.attributes
                0x0000040f       0x3b ..\Libraries\libBSP.a(stm32f4xx_gpio.o)
 .ARM.attributes
                0x0000044a       0x3b ..\Libraries\libBSP.a(stm32f4xx_fsmc.o)
 .ARM.attributes
                0x00000485       0x3b ..\Libraries\libBSP.a(stm32f4xx_exti.o)
 .ARM.attributes
                0x000004c0       0x3b ..\Libraries\libBSP.a(stm32f4xx_adc.o)
 .ARM.attributes
                0x000004fb       0x3b ..\Libraries\libFreeRTOS.a(tasks.o)
 .ARM.attributes
                0x00000536       0x3b ..\Libraries\libFreeRTOS.a(queue.o)
 .ARM.attributes
                0x00000571       0x3b ..\Libraries\libFreeRTOS.a(heap_4.o)
 .ARM.attributes
                0x000005ac       0x3b ..\Libraries\libFreeRTOS.a(port.o)
 .ARM.attributes
                0x000005e7       0x3b ..\Libraries\libFreeRTOS.a(list.o)
 .ARM.attributes
                0x00000622       0x3b ..\Libraries\libFreeRTOS.a(timers.o)
OUTPUT(Robo.elf elf32-littlearm)

.debug_line     0x00000000     0x59ac
 .debug_line    0x00000000       0x79 src\startup.o
 .debug_line    0x00000079      0x1ca src\split.o
 .debug_line    0x00000243      0x1a6 src\main.o
 .debug_line    0x000003e9      0x1dd src\conv.o
 .debug_line    0x000005c6      0x1d8 src\com.o
 .debug_line    0x0000079e      0x26a src\arm.o
 .debug_line    0x00000a08      0x61d ..\Libraries\libBSP.a(stm32f4xx_rcc.o)
 .debug_line    0x00001025      0x21f ..\Libraries\libBSP.a(misc.o)
 .debug_line    0x00001244      0x1f7 ..\Libraries\libBSP.a(system_stm32f4xx.o)
 .debug_line    0x0000143b      0x465 ..\Libraries\libBSP.a(carme_io2.o)
 .debug_line    0x000018a0      0x34a ..\Libraries\libBSP.a(carme_io1.o)
 .debug_line    0x00001bea      0x5b2 ..\Libraries\libBSP.a(carme.o)
 .debug_line    0x0000219c      0x423 ..\Libraries\libBSP.a(can.o)
 .debug_line    0x000025bf      0x203 ..\Libraries\libBSP.a(stm32f4xx_syscfg.o)
 .debug_line    0x000027c2      0x436 ..\Libraries\libBSP.a(stm32f4xx_spi.o)
 .debug_line    0x00002bf8      0x31f ..\Libraries\libBSP.a(stm32f4xx_gpio.o)
 .debug_line    0x00002f17      0x430 ..\Libraries\libBSP.a(stm32f4xx_fsmc.o)
 .debug_line    0x00003347      0x276 ..\Libraries\libBSP.a(stm32f4xx_exti.o)
 .debug_line    0x000035bd      0x52e ..\Libraries\libBSP.a(stm32f4xx_adc.o)
 .debug_line    0x00003aeb      0xa59 ..\Libraries\libFreeRTOS.a(tasks.o)
 .debug_line    0x00004544      0x7e9 ..\Libraries\libFreeRTOS.a(queue.o)
 .debug_line    0x00004d2d      0x28f ..\Libraries\libFreeRTOS.a(heap_4.o)
 .debug_line    0x00004fbc      0x3c1 ..\Libraries\libFreeRTOS.a(port.o)
 .debug_line    0x0000537d      0x24f ..\Libraries\libFreeRTOS.a(list.o)
 .debug_line    0x000055cc      0x3e0 ..\Libraries\libFreeRTOS.a(timers.o)

.debug_info     0x00000000     0xb7da
 .debug_info    0x00000000       0x60 src\startup.o
 .debug_info    0x00000060      0x3dc src\split.o
 .debug_info    0x0000043c      0x43a src\main.o
 .debug_info    0x00000876      0x4ad src\conv.o
 .debug_info    0x00000d23      0x3f6 src\com.o
 .debug_info    0x00001119      0x66b src\arm.o
 .debug_info    0x00001784      0xf30 ..\Libraries\libBSP.a(stm32f4xx_rcc.o)
 .debug_info    0x000026b4      0x596 ..\Libraries\libBSP.a(misc.o)
 .debug_info    0x00002c4a      0x62b ..\Libraries\libBSP.a(system_stm32f4xx.o)
 .debug_info    0x00003275      0xf16 ..\Libraries\libBSP.a(carme_io2.o)
 .debug_info    0x0000418b      0x636 ..\Libraries\libBSP.a(carme_io1.o)
 .debug_info    0x000047c1      0x6f9 ..\Libraries\libBSP.a(carme.o)
 .debug_info    0x00004eba      0xb92 ..\Libraries\libBSP.a(can.o)
 .debug_info    0x00005a4c      0x2a6 ..\Libraries\libBSP.a(stm32f4xx_syscfg.o)
 .debug_info    0x00005cf2      0xc02 ..\Libraries\libBSP.a(stm32f4xx_spi.o)
 .debug_info    0x000068f4      0x647 ..\Libraries\libBSP.a(stm32f4xx_gpio.o)
 .debug_info    0x00006f3b      0x9b5 ..\Libraries\libBSP.a(stm32f4xx_fsmc.o)
 .debug_info    0x000078f0      0x368 ..\Libraries\libBSP.a(stm32f4xx_exti.o)
 .debug_info    0x00007c58      0xd18 ..\Libraries\libBSP.a(stm32f4xx_adc.o)
 .debug_info    0x00008970     0x11ba ..\Libraries\libFreeRTOS.a(tasks.o)
 .debug_info    0x00009b2a      0xbff ..\Libraries\libFreeRTOS.a(queue.o)
 .debug_info    0x0000a729      0x302 ..\Libraries\libFreeRTOS.a(heap_4.o)
 .debug_info    0x0000aa2b      0x363 ..\Libraries\libFreeRTOS.a(port.o)
 .debug_info    0x0000ad8e      0x2cc ..\Libraries\libFreeRTOS.a(list.o)
 .debug_info    0x0000b05a      0x780 ..\Libraries\libFreeRTOS.a(timers.o)

.debug_abbrev   0x00000000     0x2449
 .debug_abbrev  0x00000000       0x12 src\startup.o
 .debug_abbrev  0x00000012      0x118 src\split.o
 .debug_abbrev  0x0000012a       0xef src\main.o
 .debug_abbrev  0x00000219      0x118 src\conv.o
 .debug_abbrev  0x00000331      0x148 src\com.o
 .debug_abbrev  0x00000479      0x174 src\arm.o
 .debug_abbrev  0x000005ed      0x1be ..\Libraries\libBSP.a(stm32f4xx_rcc.o)
 .debug_abbrev  0x000007ab      0x12b ..\Libraries\libBSP.a(misc.o)
 .debug_abbrev  0x000008d6      0x13a ..\Libraries\libBSP.a(system_stm32f4xx.o)
 .debug_abbrev  0x00000a10      0x1c3 ..\Libraries\libBSP.a(carme_io2.o)
 .debug_abbrev  0x00000bd3      0x19c ..\Libraries\libBSP.a(carme_io1.o)
 .debug_abbrev  0x00000d6f      0x1c2 ..\Libraries\libBSP.a(carme.o)
 .debug_abbrev  0x00000f31      0x228 ..\Libraries\libBSP.a(can.o)
 .debug_abbrev  0x00001159      0x135 ..\Libraries\libBSP.a(stm32f4xx_syscfg.o)
 .debug_abbrev  0x0000128e      0x16b ..\Libraries\libBSP.a(stm32f4xx_spi.o)
 .debug_abbrev  0x000013f9      0x1a7 ..\Libraries\libBSP.a(stm32f4xx_gpio.o)
 .debug_abbrev  0x000015a0      0x174 ..\Libraries\libBSP.a(stm32f4xx_fsmc.o)
 .debug_abbrev  0x00001714      0x1a9 ..\Libraries\libBSP.a(stm32f4xx_exti.o)
 .debug_abbrev  0x000018bd      0x19a ..\Libraries\libBSP.a(stm32f4xx_adc.o)
 .debug_abbrev  0x00001a57      0x221 ..\Libraries\libFreeRTOS.a(tasks.o)
 .debug_abbrev  0x00001c78      0x1dc ..\Libraries\libFreeRTOS.a(queue.o)
 .debug_abbrev  0x00001e54      0x1b3 ..\Libraries\libFreeRTOS.a(heap_4.o)
 .debug_abbrev  0x00002007      0x1e0 ..\Libraries\libFreeRTOS.a(port.o)
 .debug_abbrev  0x000021e7       0xda ..\Libraries\libFreeRTOS.a(list.o)
 .debug_abbrev  0x000022c1      0x188 ..\Libraries\libFreeRTOS.a(timers.o)

.debug_aranges  0x00000000      0xd20
 .debug_aranges
                0x00000000       0x28 src\startup.o
 .debug_aranges
                0x00000028       0x20 src\split.o
 .debug_aranges
                0x00000048       0x30 src\main.o
 .debug_aranges
                0x00000078       0x20 src\conv.o
 .debug_aranges
                0x00000098       0x28 src\com.o
 .debug_aranges
                0x000000c0       0x28 src\arm.o
 .debug_aranges
                0x000000e8      0x1b8 ..\Libraries\libBSP.a(stm32f4xx_rcc.o)
 .debug_aranges
                0x000002a0       0x40 ..\Libraries\libBSP.a(misc.o)
 .debug_aranges
                0x000002e0       0x30 ..\Libraries\libBSP.a(system_stm32f4xx.o)
 .debug_aranges
                0x00000310       0x90 ..\Libraries\libBSP.a(carme_io2.o)
 .debug_aranges
                0x000003a0       0x68 ..\Libraries\libBSP.a(carme_io1.o)
 .debug_aranges
                0x00000408       0x78 ..\Libraries\libBSP.a(carme.o)
 .debug_aranges
                0x00000480       0x90 ..\Libraries\libBSP.a(can.o)
 .debug_aranges
                0x00000510       0x50 ..\Libraries\libBSP.a(stm32f4xx_syscfg.o)
 .debug_aranges
                0x00000560       0xe0 ..\Libraries\libBSP.a(stm32f4xx_spi.o)
 .debug_aranges
                0x00000640       0x88 ..\Libraries\libBSP.a(stm32f4xx_gpio.o)
 .debug_aranges
                0x000006c8       0xb0 ..\Libraries\libBSP.a(stm32f4xx_fsmc.o)
 .debug_aranges
                0x00000778       0x58 ..\Libraries\libBSP.a(stm32f4xx_exti.o)
 .debug_aranges
                0x000007d0      0x148 ..\Libraries\libBSP.a(stm32f4xx_adc.o)
 .debug_aranges
                0x00000918      0x168 ..\Libraries\libFreeRTOS.a(tasks.o)
 .debug_aranges
                0x00000a80       0xf8 ..\Libraries\libFreeRTOS.a(queue.o)
 .debug_aranges
                0x00000b78       0x48 ..\Libraries\libFreeRTOS.a(heap_4.o)
 .debug_aranges
                0x00000bc0       0x98 ..\Libraries\libFreeRTOS.a(port.o)
 .debug_aranges
                0x00000c58       0x40 ..\Libraries\libFreeRTOS.a(list.o)
 .debug_aranges
                0x00000c98       0x88 ..\Libraries\libFreeRTOS.a(timers.o)

.debug_ranges   0x00000000      0xb98
 .debug_ranges  0x00000000       0x20 src\startup.o
 .debug_ranges  0x00000020       0x10 src\split.o
 .debug_ranges  0x00000030       0x20 src\main.o
 .debug_ranges  0x00000050       0x10 src\conv.o
 .debug_ranges  0x00000060       0x18 src\com.o
 .debug_ranges  0x00000078       0x18 src\arm.o
 .debug_ranges  0x00000090      0x1a8 ..\Libraries\libBSP.a(stm32f4xx_rcc.o)
 .debug_ranges  0x00000238       0x30 ..\Libraries\libBSP.a(misc.o)
 .debug_ranges  0x00000268       0x20 ..\Libraries\libBSP.a(system_stm32f4xx.o)
 .debug_ranges  0x00000288       0x80 ..\Libraries\libBSP.a(carme_io2.o)
 .debug_ranges  0x00000308       0x58 ..\Libraries\libBSP.a(carme_io1.o)
 .debug_ranges  0x00000360       0x68 ..\Libraries\libBSP.a(carme.o)
 .debug_ranges  0x000003c8       0x80 ..\Libraries\libBSP.a(can.o)
 .debug_ranges  0x00000448       0x40 ..\Libraries\libBSP.a(stm32f4xx_syscfg.o)
 .debug_ranges  0x00000488       0xd0 ..\Libraries\libBSP.a(stm32f4xx_spi.o)
 .debug_ranges  0x00000558       0x78 ..\Libraries\libBSP.a(stm32f4xx_gpio.o)
 .debug_ranges  0x000005d0       0xa0 ..\Libraries\libBSP.a(stm32f4xx_fsmc.o)
 .debug_ranges  0x00000670       0x48 ..\Libraries\libBSP.a(stm32f4xx_exti.o)
 .debug_ranges  0x000006b8      0x138 ..\Libraries\libBSP.a(stm32f4xx_adc.o)
 .debug_ranges  0x000007f0      0x158 ..\Libraries\libFreeRTOS.a(tasks.o)
 .debug_ranges  0x00000948       0xe8 ..\Libraries\libFreeRTOS.a(queue.o)
 .debug_ranges  0x00000a30       0x38 ..\Libraries\libFreeRTOS.a(heap_4.o)
 .debug_ranges  0x00000a68       0x88 ..\Libraries\libFreeRTOS.a(port.o)
 .debug_ranges  0x00000af0       0x30 ..\Libraries\libFreeRTOS.a(list.o)
 .debug_ranges  0x00000b20       0x78 ..\Libraries\libFreeRTOS.a(timers.o)

.debug_loc      0x00000000     0x4874
 .debug_loc     0x00000000       0x38 src\split.o
 .debug_loc     0x00000038       0xa8 src\main.o
 .debug_loc     0x000000e0       0x3a src\conv.o
 .debug_loc     0x0000011a       0x70 src\com.o
 .debug_loc     0x0000018a       0x74 src\arm.o
 .debug_loc     0x000001fe      0xb3c ..\Libraries\libBSP.a(stm32f4xx_rcc.o)
 .debug_loc     0x00000d3a      0x118 ..\Libraries\libBSP.a(misc.o)
 .debug_loc     0x00000e52       0x9c ..\Libraries\libBSP.a(system_stm32f4xx.o)
 .debug_loc     0x00000eee      0x34a ..\Libraries\libBSP.a(carme_io2.o)
 .debug_loc     0x00001238      0x230 ..\Libraries\libBSP.a(carme_io1.o)
 .debug_loc     0x00001468      0x268 ..\Libraries\libBSP.a(carme.o)
 .debug_loc     0x000016d0      0x348 ..\Libraries\libBSP.a(can.o)
 .debug_loc     0x00001a18      0x17c ..\Libraries\libBSP.a(stm32f4xx_syscfg.o)
 .debug_loc     0x00001b94      0x578 ..\Libraries\libBSP.a(stm32f4xx_spi.o)
 .debug_loc     0x0000210c      0x310 ..\Libraries\libBSP.a(stm32f4xx_gpio.o)
 .debug_loc     0x0000241c      0x41c ..\Libraries\libBSP.a(stm32f4xx_fsmc.o)
 .debug_loc     0x00002838      0x1b4 ..\Libraries\libBSP.a(stm32f4xx_exti.o)
 .debug_loc     0x000029ec      0x838 ..\Libraries\libBSP.a(stm32f4xx_adc.o)
 .debug_loc     0x00003224      0x900 ..\Libraries\libFreeRTOS.a(tasks.o)
 .debug_loc     0x00003b24      0x620 ..\Libraries\libFreeRTOS.a(queue.o)
 .debug_loc     0x00004144      0x138 ..\Libraries\libFreeRTOS.a(heap_4.o)
 .debug_loc     0x0000427c      0x1dc ..\Libraries\libFreeRTOS.a(port.o)
 .debug_loc     0x00004458      0x118 ..\Libraries\libFreeRTOS.a(list.o)
 .debug_loc     0x00004570      0x304 ..\Libraries\libFreeRTOS.a(timers.o)

.debug_str      0x00000000     0x4e49
 .debug_str     0x00000000      0x2d4 src\split.o
                                0x342 (size before relaxing)
 .debug_str     0x000002d4      0x104 src\main.o
                                0x3e0 (size before relaxing)
 .debug_str     0x000003d8       0x7c src\conv.o
                                0x41f (size before relaxing)
 .debug_str     0x00000454       0x4f src\com.o
                                0x2ec (size before relaxing)
 .debug_str     0x000004a3      0x1fa src\arm.o
                                0x55e (size before relaxing)
 .debug_str     0x0000069d      0x80d ..\Libraries\libBSP.a(stm32f4xx_rcc.o)
                                0x943 (size before relaxing)
 .debug_str     0x00000eaa      0x1fe ..\Libraries\libBSP.a(misc.o)
                                0x387 (size before relaxing)
 .debug_str     0x000010a8       0xa5 ..\Libraries\libBSP.a(system_stm32f4xx.o)
                                0x36d (size before relaxing)
 .debug_str     0x0000114d      0x938 ..\Libraries\libBSP.a(carme_io2.o)
                                0xbe4 (size before relaxing)
 .debug_str     0x00001a85      0x27e ..\Libraries\libBSP.a(carme_io1.o)
                                0x5c8 (size before relaxing)
 .debug_str     0x00001d03      0x34f ..\Libraries\libBSP.a(carme.o)
                                0x69a (size before relaxing)
 .debug_str     0x00002052      0x96c ..\Libraries\libBSP.a(can.o)
                                0xd34 (size before relaxing)
 .debug_str     0x000029be      0x15c ..\Libraries\libBSP.a(stm32f4xx_syscfg.o)
                                0x2c7 (size before relaxing)
 .debug_str     0x00002b1a      0x2da ..\Libraries\libBSP.a(stm32f4xx_spi.o)
                                0x64b (size before relaxing)
 .debug_str     0x00002df4      0x137 ..\Libraries\libBSP.a(stm32f4xx_gpio.o)
                                0x451 (size before relaxing)
 .debug_str     0x00002f2b      0x3c0 ..\Libraries\libBSP.a(stm32f4xx_fsmc.o)
                                0x742 (size before relaxing)
 .debug_str     0x000032eb       0xcf ..\Libraries\libBSP.a(stm32f4xx_exti.o)
                                0x30f (size before relaxing)
 .debug_str     0x000033ba      0x49e ..\Libraries\libBSP.a(stm32f4xx_adc.o)
                                0x7b2 (size before relaxing)
 .debug_str     0x00003858      0x9b7 ..\Libraries\libFreeRTOS.a(tasks.o)
                                0xafc (size before relaxing)
 .debug_str     0x0000420f      0x45c ..\Libraries\libFreeRTOS.a(queue.o)
                                0x6c9 (size before relaxing)
 .debug_str     0x0000466b      0x1c9 ..\Libraries\libFreeRTOS.a(heap_4.o)
                                0x2f7 (size before relaxing)
 .debug_str     0x00004834      0x238 ..\Libraries\libFreeRTOS.a(port.o)
                                0x3ab (size before relaxing)
 .debug_str     0x00004a6c       0x9c ..\Libraries\libFreeRTOS.a(list.o)
                                0x273 (size before relaxing)
 .debug_str     0x00004b08      0x341 ..\Libraries\libFreeRTOS.a(timers.o)
                                0x581 (size before relaxing)

.comment        0x00000000       0x82
 .comment       0x00000000       0x82 src\split.o
                                 0x83 (size before relaxing)
 .comment       0x00000000       0x83 src\main.o
 .comment       0x00000000       0x83 src\conv.o
 .comment       0x00000000       0x83 src\com.o
 .comment       0x00000000       0x83 src\arm.o
 .comment       0x00000000       0x83 ..\Libraries\libBSP.a(stm32f4xx_rcc.o)
 .comment       0x00000000       0x83 ..\Libraries\libBSP.a(misc.o)
 .comment       0x00000000       0x83 ..\Libraries\libBSP.a(system_stm32f4xx.o)
 .comment       0x00000000       0x83 ..\Libraries\libBSP.a(carme_io2.o)
 .comment       0x00000000       0x83 ..\Libraries\libBSP.a(carme_io1.o)
 .comment       0x00000000       0x83 ..\Libraries\libBSP.a(carme.o)
 .comment       0x00000000       0x83 ..\Libraries\libBSP.a(can.o)
 .comment       0x00000000       0x83 ..\Libraries\libBSP.a(stm32f4xx_syscfg.o)
 .comment       0x00000000       0x83 ..\Libraries\libBSP.a(stm32f4xx_spi.o)
 .comment       0x00000000       0x83 ..\Libraries\libBSP.a(stm32f4xx_gpio.o)
 .comment       0x00000000       0x83 ..\Libraries\libBSP.a(stm32f4xx_fsmc.o)
 .comment       0x00000000       0x83 ..\Libraries\libBSP.a(stm32f4xx_exti.o)
 .comment       0x00000000       0x83 ..\Libraries\libBSP.a(stm32f4xx_adc.o)
 .comment       0x00000000       0x83 ..\Libraries\libFreeRTOS.a(tasks.o)
 .comment       0x00000000       0x83 ..\Libraries\libFreeRTOS.a(queue.o)
 .comment       0x00000000       0x83 ..\Libraries\libFreeRTOS.a(heap_4.o)
 .comment       0x00000000       0x83 ..\Libraries\libFreeRTOS.a(port.o)
 .comment       0x00000000       0x83 ..\Libraries\libFreeRTOS.a(list.o)
 .comment       0x00000000       0x83 ..\Libraries\libFreeRTOS.a(timers.o)

.debug_frame    0x00000000     0x2880
 .debug_frame   0x00000000       0x30 src\split.o
 .debug_frame   0x00000030       0x70 src\main.o
 .debug_frame   0x000000a0       0x30 src\conv.o
 .debug_frame   0x000000d0       0x50 src\com.o
 .debug_frame   0x00000120       0x50 src\arm.o
 .debug_frame   0x00000170       0x20 c:/program files (x86)/atollic/truestudio for arm pro 4.3.1/armtools/bin/../lib/gcc/arm-atollic-eabi/4.7.3/../../../../arm-atollic-eabi/lib/armv7e-m/fpu\libc_s.a(lib_a-memset.o)
 .debug_frame   0x00000190      0x5b8 ..\Libraries\libBSP.a(stm32f4xx_rcc.o)
 .debug_frame   0x00000748       0x9c ..\Libraries\libBSP.a(misc.o)
 .debug_frame   0x000007e4       0x64 ..\Libraries\libBSP.a(system_stm32f4xx.o)
 .debug_frame   0x00000848      0x1f0 ..\Libraries\libBSP.a(carme_io2.o)
 .debug_frame   0x00000a38      0x130 ..\Libraries\libBSP.a(carme_io1.o)
 .debug_frame   0x00000b68      0x178 ..\Libraries\libBSP.a(carme.o)
 .debug_frame   0x00000ce0      0x1e0 ..\Libraries\libBSP.a(can.o)
 .debug_frame   0x00000ec0       0xd8 ..\Libraries\libBSP.a(stm32f4xx_syscfg.o)
 .debug_frame   0x00000f98      0x2d0 ..\Libraries\libBSP.a(stm32f4xx_spi.o)
 .debug_frame   0x00001268      0x19c ..\Libraries\libBSP.a(stm32f4xx_gpio.o)
 .debug_frame   0x00001404      0x220 ..\Libraries\libBSP.a(stm32f4xx_fsmc.o)
 .debug_frame   0x00001624       0xec ..\Libraries\libBSP.a(stm32f4xx_exti.o)
 .debug_frame   0x00001710      0x434 ..\Libraries\libBSP.a(stm32f4xx_adc.o)
 .debug_frame   0x00001b44      0x520 ..\Libraries\libFreeRTOS.a(tasks.o)
 .debug_frame   0x00002064      0x37c ..\Libraries\libFreeRTOS.a(queue.o)
 .debug_frame   0x000023e0       0xbc ..\Libraries\libFreeRTOS.a(heap_4.o)
 .debug_frame   0x0000249c      0x184 ..\Libraries\libFreeRTOS.a(port.o)
 .debug_frame   0x00002620       0x9c ..\Libraries\libFreeRTOS.a(list.o)
 .debug_frame   0x000026bc      0x1c4 ..\Libraries\libFreeRTOS.a(timers.o)

Cross Reference Table

Symbol                                            File
ADC_AnalogWatchdogCmd                             ..\Libraries\libBSP.a(stm32f4xx_adc.o)
ADC_AnalogWatchdogSingleChannelConfig             ..\Libraries\libBSP.a(stm32f4xx_adc.o)
ADC_AnalogWatchdogThresholdsConfig                ..\Libraries\libBSP.a(stm32f4xx_adc.o)
ADC_AutoInjectedConvCmd                           ..\Libraries\libBSP.a(stm32f4xx_adc.o)
ADC_ClearFlag                                     ..\Libraries\libBSP.a(stm32f4xx_adc.o)
ADC_ClearITPendingBit                             ..\Libraries\libBSP.a(stm32f4xx_adc.o)
ADC_Cmd                                           ..\Libraries\libBSP.a(stm32f4xx_adc.o)
                                                  ..\Libraries\libBSP.a(carme_io2.o)
ADC_CommonInit                                    ..\Libraries\libBSP.a(stm32f4xx_adc.o)
                                                  ..\Libraries\libBSP.a(carme_io2.o)
ADC_CommonStructInit                              ..\Libraries\libBSP.a(stm32f4xx_adc.o)
ADC_ContinuousModeCmd                             ..\Libraries\libBSP.a(stm32f4xx_adc.o)
ADC_DMACmd                                        ..\Libraries\libBSP.a(stm32f4xx_adc.o)
ADC_DMARequestAfterLastTransferCmd                ..\Libraries\libBSP.a(stm32f4xx_adc.o)
ADC_DeInit                                        ..\Libraries\libBSP.a(stm32f4xx_adc.o)
                                                  ..\Libraries\libBSP.a(carme_io2.o)
ADC_DiscModeChannelCountConfig                    ..\Libraries\libBSP.a(stm32f4xx_adc.o)
ADC_DiscModeCmd                                   ..\Libraries\libBSP.a(stm32f4xx_adc.o)
ADC_EOCOnEachRegularChannelCmd                    ..\Libraries\libBSP.a(stm32f4xx_adc.o)
ADC_ExternalTrigInjectedConvConfig                ..\Libraries\libBSP.a(stm32f4xx_adc.o)
ADC_ExternalTrigInjectedConvEdgeConfig            ..\Libraries\libBSP.a(stm32f4xx_adc.o)
ADC_GetConversionValue                            ..\Libraries\libBSP.a(stm32f4xx_adc.o)
                                                  ..\Libraries\libBSP.a(carme_io2.o)
ADC_GetFlagStatus                                 ..\Libraries\libBSP.a(stm32f4xx_adc.o)
                                                  ..\Libraries\libBSP.a(carme_io2.o)
ADC_GetITStatus                                   ..\Libraries\libBSP.a(stm32f4xx_adc.o)
ADC_GetInjectedConversionValue                    ..\Libraries\libBSP.a(stm32f4xx_adc.o)
ADC_GetMultiModeConversionValue                   ..\Libraries\libBSP.a(stm32f4xx_adc.o)
ADC_GetSoftwareStartConvStatus                    ..\Libraries\libBSP.a(stm32f4xx_adc.o)
ADC_GetSoftwareStartInjectedConvCmdStatus         ..\Libraries\libBSP.a(stm32f4xx_adc.o)
ADC_IRQHandler                                    src\startup.o
ADC_ITConfig                                      ..\Libraries\libBSP.a(stm32f4xx_adc.o)
ADC_Init                                          ..\Libraries\libBSP.a(stm32f4xx_adc.o)
                                                  ..\Libraries\libBSP.a(carme_io2.o)
ADC_InjectedChannelConfig                         ..\Libraries\libBSP.a(stm32f4xx_adc.o)
ADC_InjectedDiscModeCmd                           ..\Libraries\libBSP.a(stm32f4xx_adc.o)
ADC_InjectedSequencerLengthConfig                 ..\Libraries\libBSP.a(stm32f4xx_adc.o)
ADC_MultiModeDMARequestAfterLastTransferCmd       ..\Libraries\libBSP.a(stm32f4xx_adc.o)
ADC_RegularChannelConfig                          ..\Libraries\libBSP.a(stm32f4xx_adc.o)
                                                  ..\Libraries\libBSP.a(carme_io2.o)
ADC_SetInjectedOffset                             ..\Libraries\libBSP.a(stm32f4xx_adc.o)
ADC_SoftwareStartConv                             ..\Libraries\libBSP.a(stm32f4xx_adc.o)
                                                  ..\Libraries\libBSP.a(carme_io2.o)
ADC_SoftwareStartInjectedConv                     ..\Libraries\libBSP.a(stm32f4xx_adc.o)
ADC_StructInit                                    ..\Libraries\libBSP.a(stm32f4xx_adc.o)
                                                  ..\Libraries\libBSP.a(carme_io2.o)
ADC_TempSensorVrefintCmd                          ..\Libraries\libBSP.a(stm32f4xx_adc.o)
ADC_VBATCmd                                       ..\Libraries\libBSP.a(stm32f4xx_adc.o)
AHBPrescTable                                     ..\Libraries\libBSP.a(system_stm32f4xx.o)
AppCreateTasks                                    src\main.o
Arm                                               src\arm.o
                                                  src\main.o
ArmPosAblegenLinks                                src\arm.o
ArmPosAblegenRechts                               src\arm.o
ArmPosAblegenWartenLinks                          src\arm.o
ArmPosAblegenWartenRechts                         src\arm.o
ArmPosAufLinks                                    src\arm.o
ArmPosAufRechts                                   src\arm.o
ArmPosHinaufLinks                                 src\arm.o
ArmPosHinaufRechts                                src\arm.o
ArmPosNehmen                                      src\arm.o
ArmPosNehmenWarten                                src\arm.o
ArmPosWartenZu                                    src\arm.o
ArmPosZu                                          src\arm.o
BusFault_Handler                                  src\startup.o
CAN1_RX0_IRQHandler                               src\startup.o
CAN1_RX1_IRQHandler                               src\startup.o
CAN1_SCE_IRQHandler                               src\startup.o
CAN1_TX_IRQHandler                                src\startup.o
CAN2_RX0_IRQHandler                               src\startup.o
CAN2_RX1_IRQHandler                               src\startup.o
CAN2_SCE_IRQHandler                               src\startup.o
CAN2_TX_IRQHandler                                src\startup.o
CARME_AGPIO_Get                                   ..\Libraries\libBSP.a(carme.o)
                                                  ..\Libraries\libBSP.a(carme_io1.o)
                                                  ..\Libraries\libBSP.a(carme_io2.o)
CARME_AGPIO_Set                                   ..\Libraries\libBSP.a(carme.o)
                                                  ..\Libraries\libBSP.a(carme_io2.o)
CARME_CAN_GetAcceptaceFilter                      ..\Libraries\libBSP.a(can.o)
CARME_CAN_Init                                    ..\Libraries\libBSP.a(can.o)
                                                  src\main.o
CARME_CAN_InitI                                   ..\Libraries\libBSP.a(can.o)
CARME_CAN_Read                                    ..\Libraries\libBSP.a(can.o)
                                                  src\com.o
CARME_CAN_RegisterIRQCallback                     ..\Libraries\libBSP.a(can.o)
CARME_CAN_SetAcceptaceFilter                      ..\Libraries\libBSP.a(can.o)
CARME_CAN_SetBaudrate                             ..\Libraries\libBSP.a(can.o)
CARME_CAN_SetMode                                 ..\Libraries\libBSP.a(can.o)
CARME_CAN_UnregisterIRQCallback                   ..\Libraries\libBSP.a(can.o)
CARME_CAN_Write                                   ..\Libraries\libBSP.a(can.o)
                                                  src\com.o
CARME_GPIO_Init                                   ..\Libraries\libBSP.a(carme.o)
                                                  ..\Libraries\libBSP.a(carme_io1.o)
                                                  ..\Libraries\libBSP.a(carme_io2.o)
CARME_IO1_BUTTON_Get                              ..\Libraries\libBSP.a(carme_io1.o)
CARME_IO1_Init                                    ..\Libraries\libBSP.a(carme_io1.o)
                                                  src\main.o
CARME_IO1_LED_Get                                 ..\Libraries\libBSP.a(carme_io1.o)
CARME_IO1_LED_Set                                 ..\Libraries\libBSP.a(carme_io1.o)
CARME_IO1_PIO_Clear                               ..\Libraries\libBSP.a(carme_io1.o)
CARME_IO1_PIO_Control                             ..\Libraries\libBSP.a(carme_io1.o)
CARME_IO1_PIO_Read                                ..\Libraries\libBSP.a(carme_io1.o)
CARME_IO1_PIO_Set                                 ..\Libraries\libBSP.a(carme_io1.o)
CARME_IO1_PIO_Write                               ..\Libraries\libBSP.a(carme_io1.o)
CARME_IO1_SWITCH_Get                              ..\Libraries\libBSP.a(carme_io1.o)
CARME_IO2_ADC_Get                                 ..\Libraries\libBSP.a(carme_io2.o)
CARME_IO2_DAC_Set                                 ..\Libraries\libBSP.a(carme_io2.o)
CARME_IO2_GPIO_IN_Get                             ..\Libraries\libBSP.a(carme_io2.o)
CARME_IO2_GPIO_OUT_Set                            ..\Libraries\libBSP.a(carme_io2.o)
CARME_IO2_GPIO_Out_Settings                       ..\Libraries\libBSP.a(carme_io2.o)
CARME_IO2_Init                                    ..\Libraries\libBSP.a(carme_io2.o)
                                                  src\main.o
CARME_IO2_OPTO_IN_Get                             ..\Libraries\libBSP.a(carme_io2.o)
CARME_IO2_OPTO_OUT_Set                            ..\Libraries\libBSP.a(carme_io2.o)
CARME_IO2_PWM_Phase                               ..\Libraries\libBSP.a(carme_io2.o)
CARME_IO2_PWM_Set                                 ..\Libraries\libBSP.a(carme_io2.o)
CARME_IO2_PWM_Settings                            ..\Libraries\libBSP.a(carme_io2.o)
CARME_IO2_SPI_CS_Out                              ..\Libraries\libBSP.a(carme_io2.o)
CARME_IO2_SPI_Receive                             ..\Libraries\libBSP.a(carme_io2.o)
CARME_IO2_SPI_Select                              ..\Libraries\libBSP.a(carme_io2.o)
CARME_IO2_SPI_Send                                ..\Libraries\libBSP.a(carme_io2.o)
CARME_Init                                        ..\Libraries\libBSP.a(carme.o)
                                                  src\startup.o
CARME_LED_Green_Reset                             ..\Libraries\libBSP.a(carme.o)
CARME_LED_Green_Set                               ..\Libraries\libBSP.a(carme.o)
CARME_LED_Red_Reset                               ..\Libraries\libBSP.a(carme.o)
                                                  src\startup.o
CARME_LED_Red_Set                                 ..\Libraries\libBSP.a(carme.o)
                                                  src\startup.o
CRYP_IRQHandler                                   src\startup.o
DCMI_IRQHandler                                   src\startup.o
DMA1_Stream0_IRQHandler                           src\startup.o
DMA1_Stream1_IRQHandler                           src\startup.o
DMA1_Stream2_IRQHandler                           src\startup.o
DMA1_Stream3_IRQHandler                           src\startup.o
DMA1_Stream4_IRQHandler                           src\startup.o
DMA1_Stream5_IRQHandler                           src\startup.o
DMA1_Stream6_IRQHandler                           src\startup.o
DMA1_Stream7_IRQHandler                           src\startup.o
DMA2_Stream0_IRQHandler                           src\startup.o
DMA2_Stream1_IRQHandler                           src\startup.o
DMA2_Stream2_IRQHandler                           src\startup.o
DMA2_Stream3_IRQHandler                           src\startup.o
DMA2_Stream4_IRQHandler                           src\startup.o
DMA2_Stream5_IRQHandler                           src\startup.o
DMA2_Stream6_IRQHandler                           src\startup.o
DMA2_Stream7_IRQHandler                           src\startup.o
DebugMon_Handler                                  src\startup.o
Default_Handler                                   src\startup.o
ETH_IRQHandler                                    src\startup.o
ETH_WKUP_IRQHandler                               src\startup.o
EXTI0_IRQHandler                                  src\startup.o
EXTI15_10_IRQHandler                              src\startup.o
EXTI1_IRQHandler                                  src\startup.o
EXTI2_IRQHandler                                  src\startup.o
EXTI3_IRQHandler                                  src\startup.o
EXTI4_IRQHandler                                  src\startup.o
EXTI9_5_IRQHandler                                ..\Libraries\libBSP.a(can.o)
                                                  src\startup.o
EXTI_ClearFlag                                    ..\Libraries\libBSP.a(stm32f4xx_exti.o)
EXTI_ClearITPendingBit                            ..\Libraries\libBSP.a(stm32f4xx_exti.o)
                                                  ..\Libraries\libBSP.a(can.o)
EXTI_DeInit                                       ..\Libraries\libBSP.a(stm32f4xx_exti.o)
EXTI_GenerateSWInterrupt                          ..\Libraries\libBSP.a(stm32f4xx_exti.o)
EXTI_GetFlagStatus                                ..\Libraries\libBSP.a(stm32f4xx_exti.o)
EXTI_GetITStatus                                  ..\Libraries\libBSP.a(stm32f4xx_exti.o)
                                                  ..\Libraries\libBSP.a(can.o)
EXTI_Init                                         ..\Libraries\libBSP.a(stm32f4xx_exti.o)
                                                  ..\Libraries\libBSP.a(can.o)
EXTI_StructInit                                   ..\Libraries\libBSP.a(stm32f4xx_exti.o)
FLASH_IRQHandler                                  src\startup.o
FPU_IRQHandler                                    src\startup.o
FSMC_ClearFlag                                    ..\Libraries\libBSP.a(stm32f4xx_fsmc.o)
FSMC_ClearITPendingBit                            ..\Libraries\libBSP.a(stm32f4xx_fsmc.o)
FSMC_GetECC                                       ..\Libraries\libBSP.a(stm32f4xx_fsmc.o)
FSMC_GetFlagStatus                                ..\Libraries\libBSP.a(stm32f4xx_fsmc.o)
FSMC_GetITStatus                                  ..\Libraries\libBSP.a(stm32f4xx_fsmc.o)
FSMC_IRQHandler                                   src\startup.o
FSMC_ITConfig                                     ..\Libraries\libBSP.a(stm32f4xx_fsmc.o)
FSMC_NANDCmd                                      ..\Libraries\libBSP.a(stm32f4xx_fsmc.o)
FSMC_NANDDeInit                                   ..\Libraries\libBSP.a(stm32f4xx_fsmc.o)
FSMC_NANDECCCmd                                   ..\Libraries\libBSP.a(stm32f4xx_fsmc.o)
FSMC_NANDInit                                     ..\Libraries\libBSP.a(stm32f4xx_fsmc.o)
FSMC_NANDStructInit                               ..\Libraries\libBSP.a(stm32f4xx_fsmc.o)
FSMC_NORSRAMCmd                                   ..\Libraries\libBSP.a(stm32f4xx_fsmc.o)
                                                  ..\Libraries\libBSP.a(carme.o)
FSMC_NORSRAMDeInit                                ..\Libraries\libBSP.a(stm32f4xx_fsmc.o)
                                                  ..\Libraries\libBSP.a(carme.o)
FSMC_NORSRAMInit                                  ..\Libraries\libBSP.a(stm32f4xx_fsmc.o)
                                                  ..\Libraries\libBSP.a(carme.o)
FSMC_NORSRAMStructInit                            ..\Libraries\libBSP.a(stm32f4xx_fsmc.o)
FSMC_PCCARDCmd                                    ..\Libraries\libBSP.a(stm32f4xx_fsmc.o)
FSMC_PCCARDDeInit                                 ..\Libraries\libBSP.a(stm32f4xx_fsmc.o)
FSMC_PCCARDInit                                   ..\Libraries\libBSP.a(stm32f4xx_fsmc.o)
FSMC_PCCARDStructInit                             ..\Libraries\libBSP.a(stm32f4xx_fsmc.o)
GPIO_DeInit                                       ..\Libraries\libBSP.a(stm32f4xx_gpio.o)
                                                  ..\Libraries\libBSP.a(carme.o)
GPIO_Init                                         ..\Libraries\libBSP.a(stm32f4xx_gpio.o)
                                                  ..\Libraries\libBSP.a(can.o)
                                                  ..\Libraries\libBSP.a(carme.o)
GPIO_PinAFConfig                                  ..\Libraries\libBSP.a(stm32f4xx_gpio.o)
                                                  ..\Libraries\libBSP.a(carme.o)
GPIO_PinLockConfig                                ..\Libraries\libBSP.a(stm32f4xx_gpio.o)
GPIO_ReadInputData                                ..\Libraries\libBSP.a(stm32f4xx_gpio.o)
GPIO_ReadInputDataBit                             ..\Libraries\libBSP.a(stm32f4xx_gpio.o)
                                                  ..\Libraries\libBSP.a(carme.o)
                                                  ..\Libraries\libBSP.a(carme_io2.o)
GPIO_ReadOutputData                               ..\Libraries\libBSP.a(stm32f4xx_gpio.o)
GPIO_ReadOutputDataBit                            ..\Libraries\libBSP.a(stm32f4xx_gpio.o)
                                                  ..\Libraries\libBSP.a(carme.o)
GPIO_ResetBits                                    ..\Libraries\libBSP.a(stm32f4xx_gpio.o)
GPIO_SetBits                                      ..\Libraries\libBSP.a(stm32f4xx_gpio.o)
GPIO_StructInit                                   ..\Libraries\libBSP.a(stm32f4xx_gpio.o)
                                                  ..\Libraries\libBSP.a(can.o)
                                                  ..\Libraries\libBSP.a(carme.o)
                                                  ..\Libraries\libBSP.a(carme_io1.o)
                                                  ..\Libraries\libBSP.a(carme_io2.o)
GPIO_ToggleBits                                   ..\Libraries\libBSP.a(stm32f4xx_gpio.o)
GPIO_Write                                        ..\Libraries\libBSP.a(stm32f4xx_gpio.o)
GPIO_WriteBit                                     ..\Libraries\libBSP.a(stm32f4xx_gpio.o)
                                                  ..\Libraries\libBSP.a(carme.o)
                                                  ..\Libraries\libBSP.a(carme_io2.o)
HASH_RNG_IRQHandler                               src\startup.o
HardFault_Handler                                 src\startup.o
I2C1_ER_IRQHandler                                src\startup.o
I2C1_EV_IRQHandler                                src\startup.o
I2C2_ER_IRQHandler                                src\startup.o
I2C2_EV_IRQHandler                                src\startup.o
I2C3_ER_IRQHandler                                src\startup.o
I2C3_EV_IRQHandler                                src\startup.o
I2S_Cmd                                           ..\Libraries\libBSP.a(stm32f4xx_spi.o)
I2S_FullDuplexConfig                              ..\Libraries\libBSP.a(stm32f4xx_spi.o)
I2S_Init                                          ..\Libraries\libBSP.a(stm32f4xx_spi.o)
I2S_StructInit                                    ..\Libraries\libBSP.a(stm32f4xx_spi.o)
MemManage_Handler                                 src\startup.o
NMI_Handler                                       src\startup.o
NVIC_Init                                         ..\Libraries\libBSP.a(misc.o)
                                                  ..\Libraries\libBSP.a(can.o)
NVIC_PriorityGroupConfig                          ..\Libraries\libBSP.a(misc.o)
                                                  src\main.o
NVIC_SetVectorTable                               ..\Libraries\libBSP.a(misc.o)
NVIC_SystemLPConfig                               ..\Libraries\libBSP.a(misc.o)
OTG_FS_IRQHandler                                 src\startup.o
OTG_FS_WKUP_IRQHandler                            src\startup.o
OTG_HS_EP1_IN_IRQHandler                          src\startup.o
OTG_HS_EP1_OUT_IRQHandler                         src\startup.o
OTG_HS_IRQHandler                                 src\startup.o
OTG_HS_WKUP_IRQHandler                            src\startup.o
PVD_IRQHandler                                    src\startup.o
PendSV_Handler                                    ..\Libraries\libFreeRTOS.a(port.o)
                                                  src\startup.o
RCC_AHB1PeriphClockCmd                            ..\Libraries\libBSP.a(stm32f4xx_rcc.o)
                                                  ..\Libraries\libBSP.a(carme.o)
RCC_AHB1PeriphClockLPModeCmd                      ..\Libraries\libBSP.a(stm32f4xx_rcc.o)
RCC_AHB1PeriphResetCmd                            ..\Libraries\libBSP.a(stm32f4xx_rcc.o)
                                                  ..\Libraries\libBSP.a(stm32f4xx_gpio.o)
RCC_AHB2PeriphClockCmd                            ..\Libraries\libBSP.a(stm32f4xx_rcc.o)
RCC_AHB2PeriphClockLPModeCmd                      ..\Libraries\libBSP.a(stm32f4xx_rcc.o)
RCC_AHB2PeriphResetCmd                            ..\Libraries\libBSP.a(stm32f4xx_rcc.o)
RCC_AHB3PeriphClockCmd                            ..\Libraries\libBSP.a(stm32f4xx_rcc.o)
                                                  ..\Libraries\libBSP.a(carme.o)
RCC_AHB3PeriphClockLPModeCmd                      ..\Libraries\libBSP.a(stm32f4xx_rcc.o)
RCC_AHB3PeriphResetCmd                            ..\Libraries\libBSP.a(stm32f4xx_rcc.o)
RCC_APB1PeriphClockCmd                            ..\Libraries\libBSP.a(stm32f4xx_rcc.o)
                                                  ..\Libraries\libBSP.a(carme_io2.o)
RCC_APB1PeriphClockLPModeCmd                      ..\Libraries\libBSP.a(stm32f4xx_rcc.o)
RCC_APB1PeriphResetCmd                            ..\Libraries\libBSP.a(stm32f4xx_rcc.o)
                                                  ..\Libraries\libBSP.a(stm32f4xx_spi.o)
                                                  ..\Libraries\libBSP.a(stm32f4xx_tim.o)
                                                  ..\Libraries\libBSP.a(stm32f4xx_usart.o)
RCC_APB2PeriphClockCmd                            ..\Libraries\libBSP.a(stm32f4xx_rcc.o)
                                                  ..\Libraries\libBSP.a(carme.o)
                                                  ..\Libraries\libBSP.a(carme_io2.o)
RCC_APB2PeriphClockLPModeCmd                      ..\Libraries\libBSP.a(stm32f4xx_rcc.o)
RCC_APB2PeriphResetCmd                            ..\Libraries\libBSP.a(stm32f4xx_rcc.o)
                                                  ..\Libraries\libBSP.a(stm32f4xx_adc.o)
                                                  ..\Libraries\libBSP.a(stm32f4xx_spi.o)
                                                  ..\Libraries\libBSP.a(stm32f4xx_syscfg.o)
                                                  ..\Libraries\libBSP.a(stm32f4xx_tim.o)
                                                  ..\Libraries\libBSP.a(stm32f4xx_usart.o)
RCC_AdjustHSICalibrationValue                     ..\Libraries\libBSP.a(stm32f4xx_rcc.o)
RCC_BackupResetCmd                                ..\Libraries\libBSP.a(stm32f4xx_rcc.o)
RCC_ClearFlag                                     ..\Libraries\libBSP.a(stm32f4xx_rcc.o)
RCC_ClearITPendingBit                             ..\Libraries\libBSP.a(stm32f4xx_rcc.o)
RCC_ClockSecuritySystemCmd                        ..\Libraries\libBSP.a(stm32f4xx_rcc.o)
RCC_DeInit                                        ..\Libraries\libBSP.a(stm32f4xx_rcc.o)
RCC_GetClocksFreq                                 ..\Libraries\libBSP.a(stm32f4xx_rcc.o)
                                                  ..\Libraries\libBSP.a(stm32f4xx_usart.o)
RCC_GetFlagStatus                                 ..\Libraries\libBSP.a(stm32f4xx_rcc.o)
RCC_GetITStatus                                   ..\Libraries\libBSP.a(stm32f4xx_rcc.o)
RCC_GetSYSCLKSource                               ..\Libraries\libBSP.a(stm32f4xx_rcc.o)
RCC_HCLKConfig                                    ..\Libraries\libBSP.a(stm32f4xx_rcc.o)
RCC_HSEConfig                                     ..\Libraries\libBSP.a(stm32f4xx_rcc.o)
RCC_HSICmd                                        ..\Libraries\libBSP.a(stm32f4xx_rcc.o)
RCC_I2SCLKConfig                                  ..\Libraries\libBSP.a(stm32f4xx_rcc.o)
RCC_IRQHandler                                    src\startup.o
RCC_ITConfig                                      ..\Libraries\libBSP.a(stm32f4xx_rcc.o)
RCC_LSEConfig                                     ..\Libraries\libBSP.a(stm32f4xx_rcc.o)
RCC_LSICmd                                        ..\Libraries\libBSP.a(stm32f4xx_rcc.o)
RCC_LTDCCLKDivConfig                              ..\Libraries\libBSP.a(stm32f4xx_rcc.o)
RCC_MCO1Config                                    ..\Libraries\libBSP.a(stm32f4xx_rcc.o)
RCC_MCO2Config                                    ..\Libraries\libBSP.a(stm32f4xx_rcc.o)
RCC_PCLK1Config                                   ..\Libraries\libBSP.a(stm32f4xx_rcc.o)
RCC_PCLK2Config                                   ..\Libraries\libBSP.a(stm32f4xx_rcc.o)
RCC_PLLCmd                                        ..\Libraries\libBSP.a(stm32f4xx_rcc.o)
RCC_PLLConfig                                     ..\Libraries\libBSP.a(stm32f4xx_rcc.o)
RCC_PLLI2SCmd                                     ..\Libraries\libBSP.a(stm32f4xx_rcc.o)
RCC_PLLI2SConfig                                  ..\Libraries\libBSP.a(stm32f4xx_rcc.o)
RCC_PLLSAICmd                                     ..\Libraries\libBSP.a(stm32f4xx_rcc.o)
RCC_PLLSAIConfig                                  ..\Libraries\libBSP.a(stm32f4xx_rcc.o)
RCC_RTCCLKCmd                                     ..\Libraries\libBSP.a(stm32f4xx_rcc.o)
RCC_RTCCLKConfig                                  ..\Libraries\libBSP.a(stm32f4xx_rcc.o)
RCC_SAIBlockACLKConfig                            ..\Libraries\libBSP.a(stm32f4xx_rcc.o)
RCC_SAIBlockBCLKConfig                            ..\Libraries\libBSP.a(stm32f4xx_rcc.o)
RCC_SAIPLLI2SClkDivConfig                         ..\Libraries\libBSP.a(stm32f4xx_rcc.o)
RCC_SAIPLLSAIClkDivConfig                         ..\Libraries\libBSP.a(stm32f4xx_rcc.o)
RCC_SYSCLKConfig                                  ..\Libraries\libBSP.a(stm32f4xx_rcc.o)
RCC_TIMCLKPresConfig                              ..\Libraries\libBSP.a(stm32f4xx_rcc.o)
RCC_WaitForHSEStartUp                             ..\Libraries\libBSP.a(stm32f4xx_rcc.o)
RTC_Alarm_IRQHandler                              src\startup.o
RTC_WKUP_IRQHandler                               src\startup.o
Reset_Handler                                     src\startup.o
SDIO_IRQHandler                                   src\startup.o
SPI1_IRQHandler                                   src\startup.o
SPI2_IRQHandler                                   src\startup.o
SPI3_IRQHandler                                   src\startup.o
SPI_BiDirectionalLineConfig                       ..\Libraries\libBSP.a(stm32f4xx_spi.o)
SPI_CalculateCRC                                  ..\Libraries\libBSP.a(stm32f4xx_spi.o)
SPI_Cmd                                           ..\Libraries\libBSP.a(stm32f4xx_spi.o)
                                                  ..\Libraries\libBSP.a(carme_io2.o)
SPI_DataSizeConfig                                ..\Libraries\libBSP.a(stm32f4xx_spi.o)
SPI_GetCRC                                        ..\Libraries\libBSP.a(stm32f4xx_spi.o)
SPI_GetCRCPolynomial                              ..\Libraries\libBSP.a(stm32f4xx_spi.o)
SPI_I2S_ClearFlag                                 ..\Libraries\libBSP.a(stm32f4xx_spi.o)
SPI_I2S_ClearITPendingBit                         ..\Libraries\libBSP.a(stm32f4xx_spi.o)
SPI_I2S_DMACmd                                    ..\Libraries\libBSP.a(stm32f4xx_spi.o)
SPI_I2S_DeInit                                    ..\Libraries\libBSP.a(stm32f4xx_spi.o)
                                                  ..\Libraries\libBSP.a(carme_io2.o)
SPI_I2S_GetFlagStatus                             ..\Libraries\libBSP.a(stm32f4xx_spi.o)
                                                  ..\Libraries\libBSP.a(carme_io2.o)
SPI_I2S_GetITStatus                               ..\Libraries\libBSP.a(stm32f4xx_spi.o)
SPI_I2S_ITConfig                                  ..\Libraries\libBSP.a(stm32f4xx_spi.o)
SPI_I2S_ReceiveData                               ..\Libraries\libBSP.a(stm32f4xx_spi.o)
                                                  ..\Libraries\libBSP.a(carme_io2.o)
SPI_I2S_SendData                                  ..\Libraries\libBSP.a(stm32f4xx_spi.o)
                                                  ..\Libraries\libBSP.a(carme_io2.o)
SPI_Init                                          ..\Libraries\libBSP.a(stm32f4xx_spi.o)
                                                  ..\Libraries\libBSP.a(carme_io2.o)
SPI_NSSInternalSoftwareConfig                     ..\Libraries\libBSP.a(stm32f4xx_spi.o)
SPI_SSOutputCmd                                   ..\Libraries\libBSP.a(stm32f4xx_spi.o)
SPI_StructInit                                    ..\Libraries\libBSP.a(stm32f4xx_spi.o)
                                                  ..\Libraries\libBSP.a(carme_io2.o)
SPI_TIModeCmd                                     ..\Libraries\libBSP.a(stm32f4xx_spi.o)
SPI_TransmitCRC                                   ..\Libraries\libBSP.a(stm32f4xx_spi.o)
SVC_Handler                                       ..\Libraries\libFreeRTOS.a(port.o)
                                                  src\startup.o
SYSCFG_CompensationCellCmd                        ..\Libraries\libBSP.a(stm32f4xx_syscfg.o)
SYSCFG_DeInit                                     ..\Libraries\libBSP.a(stm32f4xx_syscfg.o)
SYSCFG_ETH_MediaInterfaceConfig                   ..\Libraries\libBSP.a(stm32f4xx_syscfg.o)
SYSCFG_EXTILineConfig                             ..\Libraries\libBSP.a(stm32f4xx_syscfg.o)
                                                  ..\Libraries\libBSP.a(can.o)
SYSCFG_GetCompensationCellStatus                  ..\Libraries\libBSP.a(stm32f4xx_syscfg.o)
SYSCFG_MemoryRemapConfig                          ..\Libraries\libBSP.a(stm32f4xx_syscfg.o)
SYSCFG_MemorySwappingBank                         ..\Libraries\libBSP.a(stm32f4xx_syscfg.o)
Sema_Arm_Links_Finish                             src\arm.o
                                                  src\conv.o
                                                  src\main.o
Sema_Arm_Links_Start                              src\arm.o
                                                  src\conv.o
                                                  src\main.o
Sema_Arm_Rechts_Finish                            src\arm.o
                                                  src\conv.o
                                                  src\main.o
Sema_Arm_Rechts_Start                             src\arm.o
                                                  src\conv.o
                                                  src\main.o
Sema_Fb_Links_Finish                              src\conv.o
                                                  src\main.o
                                                  src\split.o
Sema_Fb_Links_Start                               src\conv.o
                                                  src\main.o
                                                  src\split.o
Sema_Fb_Mitte_Finish                              src\arm.o
                                                  src\conv.o
                                                  src\main.o
Sema_Fb_Mitte_Start                               src\arm.o
                                                  src\conv.o
                                                  src\main.o
Sema_Fb_Rechts_Finish                             src\conv.o
                                                  src\main.o
                                                  src\split.o
Sema_Fb_Rechts_Start                              src\conv.o
                                                  src\main.o
                                                  src\split.o
Sema_Mux_Can                                      src\com.o
                                                  src\main.o
Sema_Split_Finish                                 src\conv.o
                                                  src\main.o
                                                  src\split.o
Sema_Split_Start                                  src\conv.o
                                                  src\main.o
                                                  src\split.o
SysTick_CLKSourceConfig                           ..\Libraries\libBSP.a(misc.o)
SysTick_Handler                                   ..\Libraries\libFreeRTOS.a(port.o)
                                                  src\startup.o
SystemCoreClock                                   ..\Libraries\libBSP.a(system_stm32f4xx.o)
                                                  ..\Libraries\libFreeRTOS.a(port.o)
SystemCoreClockUpdate                             ..\Libraries\libBSP.a(system_stm32f4xx.o)
SystemInit                                        ..\Libraries\libBSP.a(system_stm32f4xx.o)
                                                  src\startup.o
TAMP_STAMP_IRQHandler                             src\startup.o
TIM1_BRK_TIM9_IRQHandler                          src\startup.o
TIM1_CC_IRQHandler                                src\startup.o
TIM1_TRG_COM_TIM11_IRQHandler                     src\startup.o